Component: ARM Compiler 5.06 update 7 (build 960) Tool: armlink [4d3601]

==============================================================================

Section Cross References

    iap.o(i.iap_load_app) refers to sys.o(.emb_text) for MSR_MSP
    iap.o(i.iap_load_app) refers to iap.o(.data) for jump2app
    iap.o(i.iap_write_appbin) refers to stmflash.o(i.STMFLASH_Write) for STMFLASH_Write
    iap.o(i.iap_write_appbin) refers to iap.o(.bss) for iapbuf
    main.o(i.DeviceRstReason) refers to stm32f4xx_rcc.o(i.RCC_GetFlagStatus) for RCC_GetFlagStatus
    main.o(i.DeviceRstReason) refers to noretval__2printf.o(.text) for __2printf
    main.o(i.DeviceRstReason) refers to stm32f4xx_rcc.o(i.RCC_ClearFlag) for RCC_ClearFlag
    main.o(i.led_gpio_init_function) refers to stm32f4xx_rcc.o(i.RCC_AHB1PeriphClockCmd) for RCC_AHB1PeriphClockCmd
    main.o(i.led_gpio_init_function) refers to stm32f4xx_gpio.o(i.GPIO_Init) for GPIO_Init
    main.o(i.led_gpio_init_function) refers to stm32f4xx_gpio.o(i.GPIO_SetBits) for GPIO_SetBits
    main.o(i.led_show_control) refers to stm32f4xx_gpio.o(i.GPIO_ResetBits) for GPIO_ResetBits
    main.o(i.led_show_control) refers to stm32f4xx_gpio.o(i.GPIO_SetBits) for GPIO_SetBits
    main.o(i.led_show_control) refers to main.o(.data) for flag
    main.o(i.main) refers to main.o(i.system_setup_function) for system_setup_function
    main.o(i.main) refers to usart_debug.o(i.usart_debug_init_function) for usart_debug_init_function
    main.o(i.main) refers to main.o(i.led_gpio_init_function) for led_gpio_init_function
    main.o(i.main) refers to main.o(i.DeviceRstReason) for DeviceRstReason
    main.o(i.main) refers to noretval__2printf.o(.text) for __2printf
    main.o(i.main) refers to w25qxx.o(i.W25QXX_Init) for W25QXX_Init
    main.o(i.main) refers to iwdg.o(i.IWDG_Init) for IWDG_Init
    main.o(i.main) refers to main.o(i.update_check_function) for update_check_function
    main.o(i.read_boot_update_param) refers to w25qxx.o(i.W25QXX_Read) for W25QXX_Read
    main.o(i.system_setup_function) refers to system_stm32f4xx.o(i.SystemInit) for SystemInit
    main.o(i.system_setup_function) refers to delay.o(i.delay_init) for delay_init
    main.o(i.system_setup_function) refers to misc.o(i.NVIC_PriorityGroupConfig) for NVIC_PriorityGroupConfig
    main.o(i.update_check_function) refers to _printf_percent.o(.ARM.Collect$$_printf_percent$$00000000) for _printf_percent
    main.o(i.update_check_function) refers to _printf_u.o(.ARM.Collect$$_printf_percent$$0000000A) for _printf_u
    main.o(i.update_check_function) refers to _printf_dec.o(.text) for _printf_int_dec
    main.o(i.update_check_function) refers to iwdg.o(i.IWDG_Feed) for IWDG_Feed
    main.o(i.update_check_function) refers to delay.o(i.delay_ms) for delay_ms
    main.o(i.update_check_function) refers to stm32f4xx_gpio.o(i.GPIO_ReadInputDataBit) for GPIO_ReadInputDataBit
    main.o(i.update_check_function) refers to malloc.o(i.mymem_init) for mymem_init
    main.o(i.update_check_function) refers to main.o(i.read_boot_update_param) for read_boot_update_param
    main.o(i.update_check_function) refers to noretval__2printf.o(.text) for __2printf
    main.o(i.update_check_function) refers to iap.o(i.iap_load_app) for iap_load_app
    main.o(i.update_check_function) refers to main.o(i.write_boot_update_param) for write_boot_update_param
    main.o(i.update_check_function) refers to malloc.o(i.mymalloc) for mymalloc
    main.o(i.update_check_function) refers to main.o(i.led_show_control) for led_show_control
    main.o(i.update_check_function) refers to w25qxx.o(i.W25QXX_Read) for W25QXX_Read
    main.o(i.update_check_function) refers to iap.o(i.iap_write_appbin) for iap_write_appbin
    main.o(i.update_check_function) refers to malloc.o(i.myfree) for myfree
    main.o(i.write_boot_update_param) refers to w25qxx.o(i.W25QXX_Write) for W25QXX_Write
    system_stm32f4xx.o(i.SystemCoreClockUpdate) refers to system_stm32f4xx.o(.data) for SystemCoreClock
    system_stm32f4xx.o(i.SystemInit) refers to system_stm32f4xx.o(i.SetSysClock) for SetSysClock
    crc.o(i.calc_crc8) refers to crc.o(.constdata) for crc8Table
    crc.o(i.usMBCRC16) refers to crc.o(.constdata) for aucCRCHi
    iwdg.o(i.IWDG_Feed) refers to stm32f4xx_iwdg.o(i.IWDG_ReloadCounter) for IWDG_ReloadCounter
    iwdg.o(i.IWDG_Feed) refers to stm32f4xx_gpio.o(i.GPIO_ReadOutputDataBit) for GPIO_ReadOutputDataBit
    iwdg.o(i.IWDG_Feed) refers to stm32f4xx_gpio.o(i.GPIO_SetBits) for GPIO_SetBits
    iwdg.o(i.IWDG_Feed) refers to stm32f4xx_gpio.o(i.GPIO_ResetBits) for GPIO_ResetBits
    iwdg.o(i.IWDG_Init) refers to stm32f4xx_iwdg.o(i.IWDG_WriteAccessCmd) for IWDG_WriteAccessCmd
    iwdg.o(i.IWDG_Init) refers to stm32f4xx_iwdg.o(i.IWDG_SetPrescaler) for IWDG_SetPrescaler
    iwdg.o(i.IWDG_Init) refers to stm32f4xx_iwdg.o(i.IWDG_SetReload) for IWDG_SetReload
    iwdg.o(i.IWDG_Init) refers to stm32f4xx_iwdg.o(i.IWDG_ReloadCounter) for IWDG_ReloadCounter
[...]
    Removing stm32f4xx_rcc.o(i.RCC_SAIBlockACLKConfig), (24 bytes).
    Removing stm32f4xx_rcc.o(i.RCC_SAIBlockBCLKConfig), (24 bytes).
    Removing stm32f4xx_rcc.o(i.RCC_SAIPLLI2SClkDivConfig), (28 bytes).
    Removing stm32f4xx_rcc.o(i.RCC_SAIPLLSAIClkDivConfig), (28 bytes).
    Removing stm32f4xx_rcc.o(i.RCC_SYSCLKConfig), (24 bytes).
    Removing stm32f4xx_rcc.o(i.RCC_TIMCLKPresConfig), (12 bytes).
    Removing stm32f4xx_rcc.o(i.RCC_WaitForHSEStartUp), (56 bytes).
    Removing stm32f4xx_usart.o(.rev16_text), (4 bytes).
    Removing stm32f4xx_usart.o(.revsh_text), (4 bytes).
    Removing stm32f4xx_usart.o(i.USART_ClearFlag), (18 bytes).
    Removing stm32f4xx_usart.o(i.USART_ClockInit), (32 bytes).
    Removing stm32f4xx_usart.o(i.USART_ClockStructInit), (12 bytes).
    Removing stm32f4xx_usart.o(i.USART_DMACmd), (18 bytes).
    Removing stm32f4xx_usart.o(i.USART_GetFlagStatus), (26 bytes).
    Removing stm32f4xx_usart.o(i.USART_HalfDuplexCmd), (24 bytes).
    Removing stm32f4xx_usart.o(i.USART_IrDACmd), (24 bytes).
    Removing stm32f4xx_usart.o(i.USART_IrDAConfig), (18 bytes).
    Removing stm32f4xx_usart.o(i.USART_LINBreakDetectLengthConfig), (18 bytes).
    Removing stm32f4xx_usart.o(i.USART_LINCmd), (24 bytes).
    Removing stm32f4xx_usart.o(i.USART_OneBitMethodCmd), (24 bytes).
    Removing stm32f4xx_usart.o(i.USART_OverSampling8Cmd), (22 bytes).
    Removing stm32f4xx_usart.o(i.USART_ReceiverWakeUpCmd), (24 bytes).
    Removing stm32f4xx_usart.o(i.USART_SendBreak), (10 bytes).
    Removing stm32f4xx_usart.o(i.USART_SendData), (8 bytes).
    Removing stm32f4xx_usart.o(i.USART_SetAddress), (18 bytes).
    Removing stm32f4xx_usart.o(i.USART_SetGuardTime), (16 bytes).
    Removing stm32f4xx_usart.o(i.USART_SetPrescaler), (16 bytes).
    Removing stm32f4xx_usart.o(i.USART_SmartCardCmd), (24 bytes).
    Removing stm32f4xx_usart.o(i.USART_SmartCardNACKCmd), (24 bytes).
    Removing stm32f4xx_usart.o(i.USART_StructInit), (24 bytes).
    Removing stm32f4xx_usart.o(i.USART_WakeUpConfig), (18 bytes).
    Removing stm32f4xx_syscfg.o(.rev16_text), (4 bytes).
    Removing stm32f4xx_syscfg.o(.revsh_text), (4 bytes).
    Removing stm32f4xx_syscfg.o(i.SYSCFG_CompensationCellCmd), (12 bytes).
    Removing stm32f4xx_syscfg.o(i.SYSCFG_DeInit), (22 bytes).
    Removing stm32f4xx_syscfg.o(i.SYSCFG_ETH_MediaInterfaceConfig), (12 bytes).
    Removing stm32f4xx_syscfg.o(i.SYSCFG_EXTILineConfig), (64 bytes).
    Removing stm32f4xx_syscfg.o(i.SYSCFG_GetCompensationCellStatus), (24 bytes).
    Removing stm32f4xx_syscfg.o(i.SYSCFG_MemoryRemapConfig), (12 bytes).
    Removing stm32f4xx_syscfg.o(i.SYSCFG_MemorySwappingBank), (12 bytes).
    Removing stm32f4xx_iwdg.o(.rev16_text), (4 bytes).
    Removing stm32f4xx_iwdg.o(.revsh_text), (4 bytes).
    Removing stm32f4xx_iwdg.o(i.IWDG_GetFlagStatus), (24 bytes).
    Removing stm32f4xx_spi.o(.rev16_text), (4 bytes).
    Removing stm32f4xx_spi.o(.revsh_text), (4 bytes).
    Removing stm32f4xx_spi.o(i.I2S_Cmd), (24 bytes).
    Removing stm32f4xx_spi.o(i.I2S_FullDuplexConfig), (80 bytes).
    Removing stm32f4xx_spi.o(i.I2S_Init), (408 bytes).
    Removing stm32f4xx_spi.o(i.I2S_StructInit), (20 bytes).
    Removing stm32f4xx_spi.o(i.SPI_BiDirectionalLineConfig), (28 bytes).
    Removing stm32f4xx_spi.o(i.SPI_CalculateCRC), (24 bytes).
    Removing stm32f4xx_spi.o(i.SPI_DataSizeConfig), (18 bytes).
    Removing stm32f4xx_spi.o(i.SPI_GetCRC), (16 bytes).
    Removing stm32f4xx_spi.o(i.SPI_GetCRCPolynomial), (6 bytes).
    Removing stm32f4xx_spi.o(i.SPI_I2S_ClearFlag), (6 bytes).
    Removing stm32f4xx_spi.o(i.SPI_I2S_ClearITPendingBit), (20 bytes).
    Removing stm32f4xx_spi.o(i.SPI_I2S_DMACmd), (18 bytes).
    Removing stm32f4xx_spi.o(i.SPI_I2S_DeInit), (176 bytes).
    Removing stm32f4xx_spi.o(i.SPI_I2S_GetFlagStatus), (18 bytes).
    Removing stm32f4xx_spi.o(i.SPI_I2S_GetITStatus), (52 bytes).
    Removing stm32f4xx_spi.o(i.SPI_I2S_ITConfig), (32 bytes).
    Removing stm32f4xx_spi.o(i.SPI_I2S_ReceiveData), (6 bytes).
    Removing stm32f4xx_spi.o(i.SPI_I2S_SendData), (4 bytes).
    Removing stm32f4xx_spi.o(i.SPI_NSSInternalSoftwareConfig), (30 bytes).
    Removing stm32f4xx_spi.o(i.SPI_SSOutputCmd), (24 bytes).
    Removing stm32f4xx_spi.o(i.SPI_StructInit), (24 bytes).
    Removing stm32f4xx_spi.o(i.SPI_TIModeCmd), (24 bytes).
    Removing stm32f4xx_spi.o(i.SPI_TransmitCRC), (10 bytes).
    Removing malloc.o(.rev16_text), (4 bytes).
    Removing malloc.o(.revsh_text), (4 bytes).
    Removing malloc.o(i.myfree_sramin), (14 bytes).
    Removing malloc.o(i.mymalloc_sramin), (14 bytes).
    Removing malloc.o(i.mymemcpy), (26 bytes).
    Removing malloc.o(i.myrealloc), (68 bytes).

200 unused section(s) (total 6382 bytes) removed from the image.

==============================================================================

Image Symbol Table

    Local Symbols

    Symbol Name                              Value     Ov Type        Size  Object(Section)

    ../clib/angel/boardlib.s                 0x00000000   Number         0  boardinit1.o ABSOLUTE
    ../clib/angel/boardlib.s                 0x00000000   Number         0  boardshut.o ABSOLUTE
    ../clib/angel/boardlib.s                 0x00000000   Number         0  boardinit3.o ABSOLUTE
    ../clib/angel/boardlib.s                 0x00000000   Number         0  boardinit2.o ABSOLUTE
    ../clib/angel/handlers.s                 0x00000000   Number         0  __scatter_zi.o ABSOLUTE
    ../clib/angel/handlers.s                 0x00000000   Number         0  __scatter_copy.o ABSOLUTE
    ../clib/angel/kernel.s                   0x00000000   Number         0  rtexit2.o ABSOLUTE
    ../clib/angel/kernel.s                   0x00000000   Number         0  __rtentry.o ABSOLUTE
    ../clib/angel/kernel.s                   0x00000000   Number         0  __rtentry2.o ABSOLUTE
    ../clib/angel/kernel.s                   0x00000000   Number         0  __rtentry4.o ABSOLUTE
    ../clib/angel/kernel.s                   0x00000000   Number         0  rtexit.o ABSOLUTE
    ../clib/angel/rt.s                       0x00000000   Number         0  rt_raise.o ABSOLUTE
    ../clib/angel/scatter.s                  0x00000000   Number         0  __scatter.o ABSOLUTE
    ../clib/angel/startup.s                  0x00000000   Number         0  __main.o ABSOLUTE
    ../clib/angel/sys.s                      0x00000000   Number         0  indicate_semi.o ABSOLUTE
    ../clib/angel/sys.s                      0x00000000   Number         0  sys_stackheap_outer.o ABSOLUTE
    ../clib/angel/sys.s                      0x00000000   Number         0  use_no_semi_2.o ABSOLUTE
    ../clib/angel/sys.s                      0x00000000   Number         0  use_no_semi.o ABSOLUTE
    ../clib/angel/sys.s                      0x00000000   Number         0  libspace.o ABSOLUTE
    ../clib/angel/sysapp.c                   0x00000000   Number         0  sys_command.o ABSOLUTE
    ../clib/armsys.c                         0x00000000   Number         0  no_argv.o ABSOLUTE
    ../clib/armsys.c                         0x00000000   Number         0  _get_argv_nomalloc.o ABSOLUTE
    ../clib/armsys.c                         0x00000000   Number         0  argv_veneer.o ABSOLUTE
    ../clib/armsys.c                         0x00000000   Number         0  argv_veneer.o ABSOLUTE
    ../clib/heapalloc.c                      0x00000000   Number         0  hrguard.o ABSOLUTE
    ../clib/heapaux.c                        0x00000000   Number         0  heapauxi.o ABSOLUTE
    ../clib/libinit.s                        0x00000000   Number         0  libshutdown2.o ABSOLUTE
    ../clib/libinit.s                        0x00000000   Number         0  libshutdown.o ABSOLUTE
    ../clib/libinit.s                        0x00000000   Number         0  libinit2.o ABSOLUTE
    ../clib/libinit.s                        0x00000000   Number         0  libinit.o ABSOLUTE
    ../clib/printf.c                         0x00000000   Number         0  _printf_intcommon.o ABSOLUTE
    ../clib/printf.c                         0x00000000   Number         0  __printf_ss_wp.o ABSOLUTE
    ../clib/printf.c                         0x00000000   Number         0  __printf_flags_wp.o ABSOLUTE
    ../clib/printf.c                         0x00000000   Number         0  __printf_wp.o ABSOLUTE
    ../clib/printf.c                         0x00000000   Number         0  __printf_flags_ss.o ABSOLUTE
    ../clib/printf.c                         0x00000000   Number         0  __printf_ss.o ABSOLUTE
    ../clib/printf.c                         0x00000000   Number         0  __printf_flags.o ABSOLUTE
    ../clib/printf.c                         0x00000000   Number         0  _printf_dec.o ABSOLUTE
    ../clib/printf.c                         0x00000000   Number         0  __printf.o ABSOLUTE
    ../clib/printf.c                         0x00000000   Number         0  noretval__2printf.o ABSOLUTE
    ../clib/printf.c                         0x00000000   Number         0  __2printf.o ABSOLUTE
    ../clib/printf.c                         0x00000000   Number         0  __printf_nopercent.o ABSOLUTE
    ../clib/printf.c                         0x00000000   Number         0  _printf_char_common.o ABSOLUTE
    ../clib/printf.c                         0x00000000   Number         0  __printf_flags_ss_wp.o ABSOLUTE
    ../clib/printf.c                         0x00000000   Number         0  _printf_char_file.o ABSOLUTE
    ../clib/printf_percent.s                 0x00000000   Number         0  _printf_u.o ABSOLUTE
    ../clib/printf_percent.s                 0x00000000   Number         0  _printf_percent_end.o ABSOLUTE
    ../clib/printf_percent.s                 0x00000000   Number         0  _printf_percent.o ABSOLUTE
    ../clib/signal.c                         0x00000000   Number         0  defsig_rtmem_outer.o ABSOLUTE
    ../clib/signal.c                         0x00000000   Number         0  defsig_exit.o ABSOLUTE
    ../clib/signal.c                         0x00000000   Number         0  defsig_general.o ABSOLUTE
    ../clib/signal.c                         0x00000000   Number         0  defsig_rtmem_formal.o ABSOLUTE
    ../clib/signal.c                         0x00000000   Number         0  __raise.o ABSOLUTE
    ../clib/signal.c                         0x00000000   Number         0  defsig_abrt_inner.o ABSOLUTE
    ../clib/signal.c                         0x00000000   Number         0  defsig_fpe_inner.o ABSOLUTE
    ../clib/signal.c                         0x00000000   Number         0  defsig_rtmem_inner.o ABSOLUTE
    ../clib/signal.c                         0x00000000   Number         0  defsig_rtred_inner.o ABSOLUTE
    ../clib/signal.c                         0x00000000   Number         0  defsig_stak_inner.o ABSOLUTE
    ../clib/signal.c                         0x00000000   Number         0  defsig_pvfn_inner.o ABSOLUTE
    ../clib/signal.c                         0x00000000   Number         0  defsig_cppl_inner.o ABSOLUTE
    ../clib/signal.c                         0x00000000   Number         0  defsig_segv_inner.o ABSOLUTE
    ../clib/signal.c                         0x00000000   Number         0  defsig_other.o ABSOLUTE
    ../clib/signal.s                         0x00000000   Number         0  defsig.o ABSOLUTE
    ../clib/stdio.c                          0x00000000   Number         0  ferror_locked.o ABSOLUTE
    ../clib/stdio.c                          0x00000000   Number         0  ferror.o ABSOLUTE
    ../clib/stdlib.c                         0x00000000   Number         0  exit.o ABSOLUTE
    ../fplib/fpinit.s                        0x00000000   Number         0  fpinit.o ABSOLUTE
    ..\CORE\startup_stm32f40_41xxx.s         0x00000000   Number         0  startup_stm32f40_41xxx.o ABSOLUTE
    ..\FWLIB\src\misc.c                      0x00000000   Number         0  misc.o ABSOLUTE
    ..\FWLIB\src\stm32f4xx_flash.c           0x00000000   Number         0  stm32f4xx_flash.o ABSOLUTE
    ..\FWLIB\src\stm32f4xx_gpio.c            0x00000000   Number         0  stm32f4xx_gpio.o ABSOLUTE
    ..\FWLIB\src\stm32f4xx_iwdg.c            0x00000000   Number         0  stm32f4xx_iwdg.o ABSOLUTE
    ..\FWLIB\src\stm32f4xx_rcc.c             0x00000000   Number         0  stm32f4xx_rcc.o ABSOLUTE
    ..\FWLIB\src\stm32f4xx_spi.c             0x00000000   Number         0  stm32f4xx_spi.o ABSOLUTE
    ..\FWLIB\src\stm32f4xx_syscfg.c          0x00000000   Number         0  stm32f4xx_syscfg.o ABSOLUTE
    ..\FWLIB\src\stm32f4xx_usart.c           0x00000000   Number         0  stm32f4xx_usart.o ABSOLUTE
    ..\HARDWARE\src\IWDG.c                   0x00000000   Number         0  iwdg.o ABSOLUTE
    ..\HARDWARE\src\crc.c                    0x00000000   Number         0  crc.o ABSOLUTE
    ..\HARDWARE\src\spi.c                    0x00000000   Number         0  spi.o ABSOLUTE
    ..\HARDWARE\src\stmflash.c               0x00000000   Number         0  stmflash.o ABSOLUTE
    ..\HARDWARE\src\usart_debug.c            0x00000000   Number         0  usart_debug.o ABSOLUTE
    ..\HARDWARE\src\w25qxx.c                 0x00000000   Number         0  w25qxx.o ABSOLUTE
    ..\IAP\iap.c                             0x00000000   Number         0  iap.o ABSOLUTE
    ..\MALLOC\malloc.c                       0x00000000   Number         0  malloc.o ABSOLUTE
    ..\SYSTEM\delay\delay.c                  0x00000000   Number         0  delay.o ABSOLUTE
    ..\SYSTEM\sys\sys.c                      0x00000000   Number         0  sys.o ABSOLUTE
    ..\\FWLIB\\src\\misc.c                   0x00000000   Number         0  misc.o ABSOLUTE
    ..\\FWLIB\\src\\stm32f4xx_flash.c        0x00000000   Number         0  stm32f4xx_flash.o ABSOLUTE
    ..\\FWLIB\\src\\stm32f4xx_gpio.c         0x00000000   Number         0  stm32f4xx_gpio.o ABSOLUTE
    ..\\FWLIB\\src\\stm32f4xx_iwdg.c         0x00000000   Number         0  stm32f4xx_iwdg.o ABSOLUTE
    ..\\FWLIB\\src\\stm32f4xx_rcc.c          0x00000000   Number         0  stm32f4xx_rcc.o ABSOLUTE
    ..\\FWLIB\\src\\stm32f4xx_spi.c          0x00000000   Number         0  stm32f4xx_spi.o ABSOLUTE
    ..\\FWLIB\\src\\stm32f4xx_syscfg.c       0x00000000   Number         0  stm32f4xx_syscfg.o ABSOLUTE
    ..\\FWLIB\\src\\stm32f4xx_usart.c        0x00000000   Number         0  stm32f4xx_usart.o ABSOLUTE
    ..\\HARDWARE\\src\\IWDG.c                0x00000000   Number         0  iwdg.o ABSOLUTE
    ..\\HARDWARE\\src\\spi.c                 0x00000000   Number         0  spi.o ABSOLUTE
    ..\\HARDWARE\\src\\stmflash.c            0x00000000   Number         0  stmflash.o ABSOLUTE
    ..\\HARDWARE\\src\\usart_debug.c         0x00000000   Number         0  usart_debug.o ABSOLUTE
    ..\\HARDWARE\\src\\w25qxx.c              0x00000000   Number         0  w25qxx.o ABSOLUTE
    ..\\IAP\\iap.c                           0x00000000   Number         0  iap.o ABSOLUTE
    ..\\MALLOC\\malloc.c                     0x00000000   Number         0  malloc.o ABSOLUTE
    ..\\SYSTEM\\delay\\delay.c               0x00000000   Number         0  delay.o ABSOLUTE
    ..\\SYSTEM\\sys\\sys.c                   0x00000000   Number         0  sys.o ABSOLUTE
    dc.s                                     0x00000000   Number         0  dc.o ABSOLUTE
    main.c                                   0x00000000   Number         0  main.o ABSOLUTE
    main.c                                   0x00000000   Number         0  main.o ABSOLUTE
    stm32f4xx_it.c                           0x00000000   Number         0  stm32f4xx_it.o ABSOLUTE
    stm32f4xx_it.c                           0x00000000   Number         0  stm32f4xx_it.o ABSOLUTE
    system_stm32f4xx.c                       0x00000000   Number         0  system_stm32f4xx.o ABSOLUTE
    system_stm32f4xx.c                       0x00000000   Number         0  system_stm32f4xx.o ABSOLUTE
    RESET                                    0x08000000   Section      392  startup_stm32f40_41xxx.o(RESET)
    !!!main                                  0x08000188   Section        8  __main.o(!!!main)
    !!!scatter                               0x08000190   Section       52  __scatter.o(!!!scatter)
    !!handler_copy                           0x080001c4   Section       26  __scatter_copy.o(!!handler_copy)
    !!handler_zi                             0x080001e0   Section       28  __scatter_zi.o(!!handler_zi)
    .ARM.Collect$$_printf_percent$$00000000  0x080001fc   Section        0  _printf_percent.o(.ARM.Collect$$_printf_percent$$00000000)
    .ARM.Collect$$_printf_percent$$0000000A  0x080001fc   Section        6  _printf_u.o(.ARM.Collect$$_printf_percent$$0000000A)
    .ARM.Collect$$_printf_percent$$00000017  0x08000202   Section        4  _printf_percent_end.o(.ARM.Collect$$_printf_percent$$00000017)
    .ARM.Collect$$libinit$$00000000          0x08000206   Section        2  libinit.o(.ARM.Collect$$libinit$$00000000)
    .ARM.Collect$$libinit$$00000001          0x08000208   Section        4  libinit2.o(.ARM.Collect$$libinit$$00000001)
    .ARM.Collect$$libinit$$00000004          0x0800020c   Section        0  libinit2.o(.ARM.Collect$$libinit$$00000004)
    .ARM.Collect$$libinit$$0000000A          0x0800020c   Section        0  libinit2.o(.ARM.Collect$$libinit$$0000000A)
    .ARM.Collect$$libinit$$0000000C          0x0800020c   Section        0  libinit2.o(.ARM.Collect$$libinit$$0000000C)
    .ARM.Collect$$libinit$$0000000E          0x0800020c   Section        0  libinit2.o(.ARM.Collect$$libinit$$0000000E)
    .ARM.Collect$$libinit$$00000011          0x0800020c   Section        0  libinit2.o(.ARM.Collect$$libinit$$00000011)
    .ARM.Collect$$libinit$$00000013          0x0800020c   Section        0  libinit2.o(.ARM.Collect$$libinit$$00000013)
    .ARM.Collect$$libinit$$00000015          0x0800020c   Section        0  libinit2.o(.ARM.Collect$$libinit$$00000015)
    .ARM.Collect$$libinit$$00000017          0x0800020c   Section        0  libinit2.o(.ARM.Collect$$libinit$$00000017)
    .ARM.Collect$$libinit$$00000019          0x0800020c   Section        0  libinit2.o(.ARM.Collect$$libinit$$00000019)
    .ARM.Collect$$libinit$$0000001B          0x0800020c   Section        0  libinit2.o(.ARM.Collect$$libinit$$0000001B)
    .ARM.Collect$$libinit$$0000001D          0x0800020c   Section        0  libinit2.o(.ARM.Collect$$libinit$$0000001D)
    .ARM.Collect$$libinit$$0000001F          0x0800020c   Section        0  libinit2.o(.ARM.Collect$$libinit$$0000001F)
    .ARM.Collect$$libinit$$00000021          0x0800020c   Section        0  libinit2.o(.ARM.Collect$$libinit$$00000021)
    .ARM.Collect$$libinit$$00000023          0x0800020c   Section        0  libinit2.o(.ARM.Collect$$libinit$$00000023)
    .ARM.Collect$$libinit$$00000025          0x0800020c   Section        0  libinit2.o(.ARM.Collect$$libinit$$00000025)
    .ARM.Collect$$libinit$$0000002C          0x0800020c   Section        0  libinit2.o(.ARM.Collect$$libinit$$0000002C)
    .ARM.Collect$$libinit$$0000002E          0x0800020c   Section        0  libinit2.o(.ARM.Collect$$libinit$$0000002E)
    .ARM.Collect$$libinit$$00000030          0x0800020c   Section        0  libinit2.o(.ARM.Collect$$libinit$$00000030)
    .ARM.Collect$$libinit$$00000032          0x0800020c   Section        0  libinit2.o(.ARM.Collect$$libinit$$00000032)
    .ARM.Collect$$libinit$$00000033          0x0800020c   Section        2  libinit2.o(.ARM.Collect$$libinit$$00000033)
    .ARM.Collect$$libshutdown$$00000000      0x0800020e   Section        2  libshutdown.o(.ARM.Collect$$libshutdown$$00000000)
    .ARM.Collect$$libshutdown$$00000002      0x08000210   Section        0  libshutdown2.o(.ARM.Collect$$libshutdown$$00000002)
    .ARM.Collect$$libshutdown$$00000004      0x08000210   Section        0  libshutdown2.o(.ARM.Collect$$libshutdown$$00000004)
    .ARM.Collect$$libshutdown$$00000006      0x08000210   Section        0  libshutdown2.o(.ARM.Collect$$libshutdown$$00000006)
    .ARM.Collect$$libshutdown$$00000009      0x08000210   Section        0  libshutdown2.o(.ARM.Collect$$libshutdown$$00000009)
    .ARM.Collect$$libshutdown$$0000000C      0x08000210   Section        0  libshutdown2.o(.ARM.Collect$$libshutdown$$0000000C)
    .ARM.Collect$$libshutdown$$0000000E      0x08000210   Section        0  libshutdown2.o(.ARM.Collect$$libshutdown$$0000000E)
    .ARM.Collect$$libshutdown$$00000011      0x08000210   Section        0  libshutdown2.o(.ARM.Collect$$libshutdown$$00000011)
    .ARM.Collect$$libshutdown$$00000012      0x08000210   Section        2  libshutdown2.o(.ARM.Collect$$libshutdown$$00000012)
    .ARM.Collect$$rtentry$$00000000          0x08000212   Section        0  __rtentry.o(.ARM.Collect$$rtentry$$00000000)
    .ARM.Collect$$rtentry$$00000002          0x08000212   Section        0  __rtentry2.o(.ARM.Collect$$rtentry$$00000002)
    .ARM.Collect$$rtentry$$00000004          0x08000212   Section        6  __rtentry4.o(.ARM.Collect$$rtentry$$00000004)
    .ARM.Collect$$rtentry$$00000009          0x08000218   Section        0  __rtentry2.o(.ARM.Collect$$rtentry$$00000009)
    .ARM.Collect$$rtentry$$0000000A          0x08000218   Section        4  __rtentry2.o(.ARM.Collect$$rtentry$$0000000A)
    .ARM.Collect$$rtentry$$0000000C          0x0800021c   Section        0  __rtentry2.o(.ARM.Collect$$rtentry$$0000000C)
    .ARM.Collect$$rtentry$$0000000D          0x0800021c   Section        8  __rtentry2.o(.ARM.Collect$$rtentry$$0000000D)
    .ARM.Collect$$rtexit$$00000000           0x08000224   Section        2  rtexit.o(.ARM.Collect$$rtexit$$00000000)
    .ARM.Collect$$rtexit$$00000002           0x08000226   Section        0  rtexit2.o(.ARM.Collect$$rtexit$$00000002)
    .ARM.Collect$$rtexit$$00000003           0x08000226   Section        4  rtexit2.o(.ARM.Collect$$rtexit$$00000003)
    .ARM.Collect$$rtexit$$00000004           0x0800022a   Section        6  rtexit2.o(.ARM.Collect$$rtexit$$00000004)
    .emb_text                                0x08000230   Section       16  sys.o(.emb_text)
    $v0                                      0x08000230   Number         0  sys.o(.emb_text)
    .text                                    0x08000240   Section       64  startup_stm32f40_41xxx.o(.text)
    $v0                                      0x08000240   Number         0  startup_stm32f40_41xxx.o(.text)
    .text                                    0x08000280   Section        2  use_no_semi_2.o(.text)
    .text                                    0x08000284   Section        0  noretval__2printf.o(.text)
    .text                                    0x0800029c   Section        0  __printf.o(.text)
    .text                                    0x08000304   Section        0  _printf_dec.o(.text)
    .text                                    0x0800037c   Section        0  heapauxi.o(.text)
    .text                                    0x08000382   Section        2  use_no_semi.o(.text)
    .text                                    0x08000384   Section        0  _printf_intcommon.o(.text)
    .text                                    0x08000438   Section        0  _printf_char_file.o(.text)
    .text                                    0x0800045c   Section        0  _printf_char_common.o(.text)
    _printf_input_char                       0x0800045d   Thumb Code    10  _printf_char_common.o(.text)
    .text                                    0x0800048c   Section        0  ferror.o(.text)
    .text                                    0x08000494   Section       74  sys_stackheap_outer.o(.text)
    .text                                    0x080004de   Section        0  exit.o(.text)
    .text                                    0x080004f0   Section        8  libspace.o(.text)
    i.BusFault_Handler                       0x080004f8   Section        0  stm32f4xx_it.o(i.BusFault_Handler)
    i.DebugMon_Handler                       0x080004fc   Section        0  stm32f4xx_it.o(i.DebugMon_Handler)
    i.DeviceRstReason                        0x08000500   Section        0  main.o(i.DeviceRstReason)
    DeviceRstReason                          0x08000501   Thumb Code   128  main.o(i.DeviceRstReason)
    i.FLASH_DataCacheCmd                     0x080005e4   Section        0  stm32f4xx_flash.o(i.FLASH_DataCacheCmd)
    i.FLASH_EraseSector                      0x08000608   Section        0  stm32f4xx_flash.o(i.FLASH_EraseSector)
    i.FLASH_GetStatus                        0x08000690   Section        0  stm32f4xx_flash.o(i.FLASH_GetStatus)
    i.FLASH_Lock                             0x080006e4   Section        0  stm32f4xx_flash.o(i.FLASH_Lock)
    i.FLASH_ProgramWord                      0x080006f8   Section        0  stm32f4xx_flash.o(i.FLASH_ProgramWord)
    i.FLASH_Unlock                           0x08000748   Section        0  stm32f4xx_flash.o(i.FLASH_Unlock)
    i.FLASH_WaitForLastOperation             0x0800076c   Section        0  stm32f4xx_flash.o(i.FLASH_WaitForLastOperation)
    i.GPIO_Init                              0x0800078e   Section        0  stm32f4xx_gpio.o(i.GPIO_Init)
    i.GPIO_PinAFConfig                       0x0800081e   Section        0  stm32f4xx_gpio.o(i.GPIO_PinAFConfig)
    i.GPIO_ReadInputDataBit                  0x08000864   Section        0  stm32f4xx_gpio.o(i.GPIO_ReadInputDataBit)
    i.GPIO_ReadOutputDataBit                 0x08000876   Section        0  stm32f4xx_gpio.o(i.GPIO_ReadOutputDataBit)
    i.GPIO_ResetBits                         0x08000888   Section        0  stm32f4xx_gpio.o(i.GPIO_ResetBits)
    i.GPIO_SetBits                           0x0800088c   Section        0  stm32f4xx_gpio.o(i.GPIO_SetBits)
    i.HardFault_Handler                      0x08000890   Section        0  stm32f4xx_it.o(i.HardFault_Handler)
    i.IWDG_Enable                            0x080008c4   Section        0  stm32f4xx_iwdg.o(i.IWDG_Enable)
    i.IWDG_Feed                              0x080008d4   Section        0  iwdg.o(i.IWDG_Feed)
    i.IWDG_Init                              0x080008fc   Section        0  iwdg.o(i.IWDG_Init)
    i.IWDG_ReloadCounter                     0x08000954   Section        0  stm32f4xx_iwdg.o(i.IWDG_ReloadCounter)
    i.IWDG_SetPrescaler                      0x08000964   Section        0  stm32f4xx_iwdg.o(i.IWDG_SetPrescaler)
    i.IWDG_SetReload                         0x08000970   Section        0  stm32f4xx_iwdg.o(i.IWDG_SetReload)
    i.IWDG_WriteAccessCmd                    0x0800097c   Section        0  stm32f4xx_iwdg.o(i.IWDG_WriteAccessCmd)
    i.MemManage_Handler                      0x08000988   Section        0  stm32f4xx_it.o(i.MemManage_Handler)
    i.NMI_Handler                            0x0800098c   Section        0  stm32f4xx_it.o(i.NMI_Handler)
    i.NVIC_Init                              0x08000990   Section        0  misc.o(i.NVIC_Init)
    i.NVIC_PriorityGroupConfig               0x08000a08   Section        0  misc.o(i.NVIC_PriorityGroupConfig)
    i.PendSV_Handler                         0x08000a1c   Section        0  stm32f4xx_it.o(i.PendSV_Handler)
    i.RCC_AHB1PeriphClockCmd                 0x08000a20   Section        0  stm32f4xx_rcc.o(i.RCC_AHB1PeriphClockCmd)
    i.RCC_APB1PeriphClockCmd                 0x08000a40   Section        0  stm32f4xx_rcc.o(i.RCC_APB1PeriphClockCmd)
    i.RCC_APB1PeriphResetCmd                 0x08000a60   Section        0  stm32f4xx_rcc.o(i.RCC_APB1PeriphResetCmd)
    i.RCC_APB2PeriphClockCmd                 0x08000a80   Section        0  stm32f4xx_rcc.o(i.RCC_APB2PeriphClockCmd)
    i.RCC_APB2PeriphResetCmd                 0x08000aa0   Section        0  stm32f4xx_rcc.o(i.RCC_APB2PeriphResetCmd)
    i.RCC_ClearFlag                          0x08000ac0   Section        0  stm32f4xx_rcc.o(i.RCC_ClearFlag)
    i.RCC_GetClocksFreq                      0x08000ad4   Section        0  stm32f4xx_rcc.o(i.RCC_GetClocksFreq)
    i.RCC_GetFlagStatus                      0x08000bbc   Section        0  stm32f4xx_rcc.o(i.RCC_GetFlagStatus)
    i.SPI_Cmd                                0x08000bfc   Section        0  stm32f4xx_spi.o(i.SPI_Cmd)
    i.SPI_Init                               0x08000c14   Section        0  stm32f4xx_spi.o(i.SPI_Init)
    i.SPI_ReadWriteByte                      0x08000c50   Section        0  spi.o(i.SPI_ReadWriteByte)
    i.STMFLASH_GetFlashSector                0x08000ca0   Section        0  stmflash.o(i.STMFLASH_GetFlashSector)
    i.STMFLASH_ReadWord                      0x08000d40   Section        0  stmflash.o(i.STMFLASH_ReadWord)
    i.STMFLASH_Write                         0x08000d48   Section        0  stmflash.o(i.STMFLASH_Write)
    i.SVC_Handler                            0x08000de0   Section        0  stm32f4xx_it.o(i.SVC_Handler)
    i.SetSysClock                            0x08000de4   Section        0  system_stm32f4xx.o(i.SetSysClock)
    SetSysClock                              0x08000de5   Thumb Code   220  system_stm32f4xx.o(i.SetSysClock)
    i.SysTick_CLKSourceConfig                0x08000ed0   Section        0  misc.o(i.SysTick_CLKSourceConfig)
    i.SysTick_Handler                        0x08000ef8   Section        0  stm32f4xx_it.o(i.SysTick_Handler)
    i.SystemInit                             0x08000efc   Section        0  system_stm32f4xx.o(i.SystemInit)
    i.USART1_IRQHandler                      0x08000f64   Section        0  usart_debug.o(i.USART1_IRQHandler)
    i.USART_ClearITPendingBit                0x08000fa4   Section        0  stm32f4xx_usart.o(i.USART_ClearITPendingBit)
    i.USART_Cmd                              0x08000fc2   Section        0  stm32f4xx_usart.o(i.USART_Cmd)
    i.USART_DeInit                           0x08000fdc   Section        0  stm32f4xx_usart.o(i.USART_DeInit)
    i.USART_GetITStatus                      0x080010cc   Section        0  stm32f4xx_usart.o(i.USART_GetITStatus)
    i.USART_ITConfig                         0x08001120   Section        0  stm32f4xx_usart.o(i.USART_ITConfig)
    i.USART_Init                             0x0800116c   Section        0  stm32f4xx_usart.o(i.USART_Init)
    i.USART_ReceiveData                      0x08001240   Section        0  stm32f4xx_usart.o(i.USART_ReceiveData)
    i.UsageFault_Handler                     0x0800124a   Section        0  stm32f4xx_it.o(i.UsageFault_Handler)
    i.W25QXX_Erase_Chip                      0x08001250   Section        0  w25qxx.o(i.W25QXX_Erase_Chip)
    i.W25QXX_Erase_Sector                    0x0800127c   Section        0  w25qxx.o(i.W25QXX_Erase_Sector)
    i.W25QXX_Init                            0x080012c4   Section        0  w25qxx.o(i.W25QXX_Init)
    i.W25QXX_Read                            0x080012fc   Section        0  w25qxx.o(i.W25QXX_Read)
    i.W25QXX_ReadID                          0x0800134c   Section        0  w25qxx.o(i.W25QXX_ReadID)
    i.W25QXX_ReadSR                          0x08001394   Section        0  w25qxx.o(i.W25QXX_ReadSR)
    W25QXX_ReadSR                            0x08001395   Thumb Code    36  w25qxx.o(i.W25QXX_ReadSR)
    i.W25QXX_Wait_Busy                       0x080013c0   Section        0  w25qxx.o(i.W25QXX_Wait_Busy)
    W25QXX_Wait_Busy                         0x080013c1   Thumb Code    18  w25qxx.o(i.W25QXX_Wait_Busy)
    i.W25QXX_Write                           0x080013d2   Section        0  w25qxx.o(i.W25QXX_Write)
    i.W25QXX_Write_Enable                    0x08001494   Section        0  w25qxx.o(i.W25QXX_Write_Enable)
    W25QXX_Write_Enable                      0x08001495   Thumb Code    24  w25qxx.o(i.W25QXX_Write_Enable)
    i.W25QXX_Write_NoCheck                   0x080014b4   Section        0  w25qxx.o(i.W25QXX_Write_NoCheck)
    i.W25QXX_Write_Page                      0x080014fc   Section        0  w25qxx.o(i.W25QXX_Write_Page)
    i._sys_exit                              0x08001550   Section        0  usart_debug.o(i._sys_exit)
    i.delay_init                             0x08001554   Section        0  delay.o(i.delay_init)
    i.delay_ms                               0x08001590   Section        0  delay.o(i.delay_ms)
    i.delay_xms                              0x080015c8   Section        0  delay.o(i.delay_xms)
    i.fputc                                  0x08001614   Section        0  usart_debug.o(i.fputc)
    i.iap_load_app                           0x08001630   Section        0  iap.o(i.iap_load_app)
    i.iap_write_appbin                       0x0800165c   Section        0  iap.o(i.iap_write_appbin)
    i.led_gpio_init_function                 0x080016d4   Section        0  main.o(i.led_gpio_init_function)
    i.led_show_control                       0x08001760   Section        0  main.o(i.led_show_control)
    led_show_control                         0x08001761   Thumb Code    90  main.o(i.led_show_control)
    i.main                                   0x080017c8   Section        0  main.o(i.main)
    i.mem_perused                            0x0800188c   Section        0  malloc.o(i.mem_perused)
    i.myfree                                 0x080018cc   Section        0  malloc.o(i.myfree)
    i.mymalloc                               0x080018f0   Section        0  malloc.o(i.mymalloc)
    i.mymem_free                             0x08001918   Section        0  malloc.o(i.mymem_free)
    i.mymem_init                             0x08001984   Section        0  malloc.o(i.mymem_init)
    i.mymem_malloc                           0x080019c8   Section        0  malloc.o(i.mymem_malloc)
    i.mymemset                               0x08001a78   Section        0  malloc.o(i.mymemset)
    i.read_boot_update_param                 0x08001a8c   Section        0  main.o(i.read_boot_update_param)
    read_boot_update_param                   0x08001a8d   Thumb Code    16  main.o(i.read_boot_update_param)
    i.system_setup_function                  0x08001aa0   Section        0  main.o(i.system_setup_function)
    i.update_check_function                  0x08001ab8   Section        0  main.o(i.update_check_function)
    update_check_function                    0x08001ab9   Thumb Code   244  main.o(i.update_check_function)
    i.usart_debug_init_function              0x08001c3c   Section        0  usart_debug.o(i.usart_debug_init_function)
    i.w25qxx_SPI_INIT                        0x08001d20   Section        0  spi.o(i.w25qxx_SPI_INIT)
    i.w25qxx_cs_init_function                0x08001de4   Section        0  w25qxx.o(i.w25qxx_cs_init_function)
    i.write_boot_update_param                0x08001e18   Section        0  main.o(i.write_boot_update_param)
    write_boot_update_param                  0x08001e19   Thumb Code    16  main.o(i.write_boot_update_param)
    x$fpl$fpinit                             0x08001e2c   Section       10  fpinit.o(x$fpl$fpinit)
    $v0                                      0x08001e2c   Number         0  fpinit.o(x$fpl$fpinit)
    .constdata                               0x08001e38   Section       12  malloc.o(.constdata)
    .data                                    0x20000000   Section        4  iap.o(.data)
    .data                                    0x20000004   Section        1  main.o(.data)
    flag                                     0x20000004   Data           1  main.o(.data)
    .data                                    0x20000006   Section        2  w25qxx.o(.data)
    .data                                    0x20000008   Section        5  usart_debug.o(.data)
    test                                     0x2000000c   Data           1  usart_debug.o(.data)
    .data                                    0x2000000e   Section        4  delay.o(.data)
    fac_us                                   0x2000000e   Data           1  delay.o(.data)
    fac_ms                                   0x20000010   Data           2  delay.o(.data)
    .data                                    0x20000012   Section       16  stm32f4xx_rcc.o(.data)
    APBAHBPrescTable                         0x20000012   Data          16  stm32f4xx_rcc.o(.data)
    .data                                    0x20000024   Section       20  malloc.o(.data)
    .bss                                     0x20000038   Section      512  iap.o(.bss)
    .bss                                     0x20000238   Section      100  usart_debug.o(.bss)
    .bss                                     0x2000029c   Section    87040  malloc.o(.bss)
    .bss                                     0x2001569c   Section       96  libspace.o(.bss)
    HEAP                                     0x20015700   Section      512  startup_stm32f40_41xxx.o(HEAP)
    Heap_Mem                                 0x20015700   Data         512  startup_stm32f40_41xxx.o(HEAP)
    STACK                                    0x20015900   Section     1024  startup_stm32f40_41xxx.o(STACK)
    Stack_Mem                                0x20015900   Data        1024  startup_stm32f40_41xxx.o(STACK)
    __initial_sp                             0x20015d00   Data           0  startup_stm32f40_41xxx.o(STACK)

    Global Symbols

    Symbol Name                              Value     Ov Type        Size  Object(Section)

    BuildAttributes$$THM_ISAv4$E$P$D$K$B$S$7EM$VFPi3$EXTD16$VFPS$VFMA$PE$A:L22UL41UL21$X:L11$S22US41US21$IEEE1$IW$USESV6$~STKCKD$USESV7$~SHL$OSPACE$ROPI$EBA8$UX$STANDARDLIB$REQ8$PRES8$EABIv2 0x00000000   Number         0  anon$$obj.o ABSOLUTE
    __ARM_use_no_argv                        0x00000000   Number         0  main.o ABSOLUTE
    __ARM_exceptions_init                     - Undefined Weak Reference
    __alloca_initialize                       - Undefined Weak Reference
    __arm_fini_                               - Undefined Weak Reference
    __arm_preinit_                            - Undefined Weak Reference
    __cpp_initialize__aeabi_                  - Undefined Weak Reference
    __cxa_finalize                            - Undefined Weak Reference
    __rt_locale                               - Undefined Weak Reference
    __sigvec_lookup                           - Undefined Weak Reference
    _atexit_init                              - Undefined Weak Reference
    _call_atexit_fns                          - Undefined Weak Reference
    _clock_init                               - Undefined Weak Reference
    _fp_trap_init                             - Undefined Weak Reference
    _fp_trap_shutdown                         - Undefined Weak Reference
    _get_lc_collate                           - Undefined Weak Reference
    _get_lc_ctype                             - Undefined Weak Reference
    _get_lc_monetary                          - Undefined Weak Reference
    _get_lc_numeric                           - Undefined Weak Reference
    _get_lc_time                              - Undefined Weak Reference
    _getenv_init                              - Undefined Weak Reference
    _handle_redirection                       - Undefined Weak Reference
    _init_alloc                               - Undefined Weak Reference
    _init_user_alloc                          - Undefined Weak Reference
    _initio                                   - Undefined Weak Reference
    _mutex_acquire                            - Undefined Weak Reference
    _mutex_release                            - Undefined Weak Reference
    _printf_post_padding                      - Undefined Weak Reference
    _printf_pre_padding                       - Undefined Weak Reference
    _printf_truncate_signed                   - Undefined Weak Reference
    _printf_truncate_unsigned                 - Undefined Weak Reference
    _rand_init                                - Undefined Weak Reference
    _signal_finish                            - Undefined Weak Reference
    _signal_init                              - Undefined Weak Reference
    _terminate_alloc                          - Undefined Weak Reference
    _terminate_user_alloc                     - Undefined Weak Reference
    _terminateio                              - Undefined Weak Reference
    __Vectors_Size                           0x00000188   Number         0  startup_stm32f40_41xxx.o ABSOLUTE
    __Vectors                                0x08000000   Data           4  startup_stm32f40_41xxx.o(RESET)
    __Vectors_End                            0x08000188   Data           0  startup_stm32f40_41xxx.o(RESET)
    __main                                   0x08000189   Thumb Code     8  __main.o(!!!main)
    __scatterload                            0x08000191   Thumb Code     0  __scatter.o(!!!scatter)
    __scatterload_rt2                        0x08000191   Thumb Code    44  __scatter.o(!!!scatter)
    __scatterload_rt2_thumb_only             0x08000191   Thumb Code     0  __scatter.o(!!!scatter)
    __scatterload_null                       0x0800019f   Thumb Code     0  __scatter.o(!!!scatter)
    __scatterload_copy                       0x080001c5   Thumb Code    26  __scatter_copy.o(!!handler_copy)
    __scatterload_zeroinit                   0x080001e1   Thumb Code    28  __scatter_zi.o(!!handler_zi)
    _printf_percent                          0x080001fd   Thumb Code     0  _printf_percent.o(.ARM.Collect$$_printf_percent$$00000000)
    _printf_u                                0x080001fd   Thumb Code     0  _printf_u.o(.ARM.Collect$$_printf_percent$$0000000A)
    _printf_percent_end                      0x08000203   Thumb Code     0  _printf_percent_end.o(.ARM.Collect$$_printf_percent$$00000017)
    __rt_lib_init                            0x08000207   Thumb Code     0  libinit.o(.ARM.Collect$$libinit$$00000000)
    __rt_lib_init_fp_1                       0x08000209   Thumb Code     0  libinit2.o(.ARM.Collect$$libinit$$00000001)
    __rt_lib_init_alloca_1                   0x0800020d   Thumb Code     0  libinit2.o(.ARM.Collect$$libinit$$0000002E)
    __rt_lib_init_argv_1                     0x0800020d   Thumb Code     0  libinit2.o(.ARM.Collect$$libinit$$0000002C)
    __rt_lib_init_atexit_1                   0x0800020d   Thumb Code     0  libinit2.o(.ARM.Collect$$libinit$$0000001B)
    __rt_lib_init_clock_1                    0x0800020d   Thumb Code     0  libinit2.o(.ARM.Collect$$libinit$$00000021)
    __rt_lib_init_cpp_1                      0x0800020d   Thumb Code     0  libinit2.o(.ARM.Collect$$libinit$$00000032)
    __rt_lib_init_exceptions_1               0x0800020d   Thumb Code     0  libinit2.o(.ARM.Collect$$libinit$$00000030)
    __rt_lib_init_fp_trap_1                  0x0800020d   Thumb Code     0  libinit2.o(.ARM.Collect$$libinit$$0000001F)
    __rt_lib_init_getenv_1                   0x0800020d   Thumb Code     0  libinit2.o(.ARM.Collect$$libinit$$00000023)
    __rt_lib_init_heap_1                     0x0800020d   Thumb Code     0  libinit2.o(.ARM.Collect$$libinit$$0000000A)
    __rt_lib_init_lc_collate_1               0x0800020d   Thumb Code     0  libinit2.o(.ARM.Collect$$libinit$$00000011)
    __rt_lib_init_lc_ctype_1                 0x0800020d   Thumb Code     0  libinit2.o(.ARM.Collect$$libinit$$00000013)
    __rt_lib_init_lc_monetary_1              0x0800020d   Thumb Code     0  libinit2.o(.ARM.Collect$$libinit$$00000015)
    __rt_lib_init_lc_numeric_1               0x0800020d   Thumb Code     0  libinit2.o(.ARM.Collect$$libinit$$00000017)
    __rt_lib_init_lc_time_1                  0x0800020d   Thumb Code     0  libinit2.o(.ARM.Collect$$libinit$$00000019)
    __rt_lib_init_preinit_1                  0x0800020d   Thumb Code     0  libinit2.o(.ARM.Collect$$libinit$$00000004)
    __rt_lib_init_rand_1                     0x0800020d   Thumb Code     0  libinit2.o(.ARM.Collect$$libinit$$0000000E)
    __rt_lib_init_return                     0x0800020d   Thumb Code     0  libinit2.o(.ARM.Collect$$libinit$$00000033)
    __rt_lib_init_signal_1                   0x0800020d   Thumb Code     0  libinit2.o(.ARM.Collect$$libinit$$0000001D)
    __rt_lib_init_stdio_1                    0x0800020d   Thumb Code     0  libinit2.o(.ARM.Collect$$libinit$$00000025)
    __rt_lib_init_user_alloc_1               0x0800020d   Thumb Code     0  libinit2.o(.ARM.Collect$$libinit$$0000000C)
    __rt_lib_shutdown                        0x0800020f   Thumb Code     0  libshutdown.o(.ARM.Collect$$libshutdown$$00000000)
    __rt_lib_shutdown_cpp_1                  0x08000211   Thumb Code     0  libshutdown2.o(.ARM.Collect$$libshutdown$$00000004)
    __rt_lib_shutdown_fini_1                 0x08000211   Thumb Code     0  libshutdown2.o(.ARM.Collect$$libshutdown$$00000002)
    __rt_lib_shutdown_fp_trap_1              0x08000211   Thumb Code     0  libshutdown2.o(.ARM.Collect$$libshutdown$$00000009)
    __rt_lib_shutdown_heap_1                 0x08000211   Thumb Code     0  libshutdown2.o(.ARM.Collect$$libshutdown$$00000011)
    __rt_lib_shutdown_return                 0x08000211   Thumb Code     0  libshutdown2.o(.ARM.Collect$$libshutdown$$00000012)
    __rt_lib_shutdown_signal_1               0x08000211   Thumb Code     0  libshutdown2.o(.ARM.Collect$$libshutdown$$0000000C)
    __rt_lib_shutdown_stdio_1                0x08000211   Thumb Code     0  libshutdown2.o(.ARM.Collect$$libshutdown$$00000006)
    __rt_lib_shutdown_user_alloc_1           0x08000211   Thumb Code     0  libshutdown2.o(.ARM.Collect$$libshutdown$$0000000E)
    __rt_entry                               0x08000213   Thumb Code     0  __rtentry.o(.ARM.Collect$$rtentry$$00000000)
    __rt_entry_presh_1                       0x08000213   Thumb Code     0  __rtentry2.o(.ARM.Collect$$rtentry$$00000002)
    __rt_entry_sh                            0x08000213   Thumb Code     0  __rtentry4.o(.ARM.Collect$$rtentry$$00000004)
    __rt_entry_li                            0x08000219   Thumb Code     0  __rtentry2.o(.ARM.Collect$$rtentry$$0000000A)
    __rt_entry_postsh_1                      0x08000219   Thumb Code     0  __rtentry2.o(.ARM.Collect$$rtentry$$00000009)
    __rt_entry_main                          0x0800021d   Thumb Code     0  __rtentry2.o(.ARM.Collect$$rtentry$$0000000D)
    __rt_entry_postli_1                      0x0800021d   Thumb Code     0  __rtentry2.o(.ARM.Collect$$rtentry$$0000000C)
    __rt_exit                                0x08000225   Thumb Code     0  rtexit.o(.ARM.Collect$$rtexit$$00000000)
    __rt_exit_ls                             0x08000227   Thumb Code     0  rtexit2.o(.ARM.Collect$$rtexit$$00000003)
    __rt_exit_prels_1                        0x08000227   Thumb Code     0  rtexit2.o(.ARM.Collect$$rtexit$$00000002)
    __rt_exit_exit                           0x0800022b   Thumb Code     0  rtexit2.o(.ARM.Collect$$rtexit$$00000004)
    WFI_SET                                  0x08000231   Thumb Code     2  sys.o(.emb_text)
    INTX_DISABLE                             0x08000233   Thumb Code     4  sys.o(.emb_text)
    INTX_ENABLE                              0x08000237   Thumb Code     4  sys.o(.emb_text)
    MSR_MSP                                  0x0800023b   Thumb Code     6  sys.o(.emb_text)
    Reset_Handler                            0x08000241   Thumb Code     8  startup_stm32f40_41xxx.o(.text)
    ADC_IRQHandler                           0x0800025b   Thumb Code     0  startup_stm32f40_41xxx.o(.text)
    CAN1_RX0_IRQHandler                      0x0800025b   Thumb Code     0  startup_stm32f40_41xxx.o(.text)
    CAN1_RX1_IRQHandler                      0x0800025b   Thumb Code     0  startup_stm32f40_41xxx.o(.text)
    CAN1_SCE_IRQHandler                      0x0800025b   Thumb Code     0  startup_stm32f40_41xxx.o(.text)
    CAN1_TX_IRQHandler                       0x0800025b   Thumb Code     0  startup_stm32f40_41xxx.o(.text)
    CAN2_RX0_IRQHandler                      0x0800025b   Thumb Code     0  startup_stm32f40_41xxx.o(.text)
    CAN2_RX1_IRQHandler                      0x0800025b   Thumb Code     0  startup_stm32f40_41xxx.o(.text)
    CAN2_SCE_IRQHandler                      0x0800025b   Thumb Code     0  startup_stm32f40_41xxx.o(.text)
    CAN2_TX_IRQHandler                       0x0800025b   Thumb Code     0  startup_stm32f40_41xxx.o(.text)
    CRYP_IRQHandler                          0x0800025b   Thumb Code     0  startup_stm32f40_41xxx.o(.text)
    DCMI_IRQHandler                          0x0800025b   Thumb Code     0  startup_stm32f40_41xxx.o(.text)
    DMA1_Stream0_IRQHandler                  0x0800025b   Thumb Code     0  startup_stm32f40_41xxx.o(.text)
    DMA1_Stream1_IRQHandler                  0x0800025b   Thumb Code     0  startup_stm32f40_41xxx.o(.text)
    DMA1_Stream2_IRQHandler                  0x0800025b   Thumb Code     0  startup_stm32f40_41xxx.o(.text)
    DMA1_Stream3_IRQHandler                  0x0800025b   Thumb Code     0  startup_stm32f40_41xxx.o(.text)
    DMA1_Stream4_IRQHandler                  0x0800025b   Thumb Code     0  startup_stm32f40_41xxx.o(.text)
    DMA1_Stream5_IRQHandler                  0x0800025b   Thumb Code     0  startup_stm32f40_41xxx.o(.text)
    DMA1_Stream6_IRQHandler                  0x0800025b   Thumb Code     0  startup_stm32f40_41xxx.o(.text)
    DMA1_Stream7_IRQHandler                  0x0800025b   Thumb Code     0  startup_stm32f40_41xxx.o(.text)
    DMA2_Stream0_IRQHandler                  0x0800025b   Thumb Code     0  startup_stm32f40_41xxx.o(.text)
    DMA2_Stream1_IRQHandler                  0x0800025b   Thumb Code     0  startup_stm32f40_41xxx.o(.text)
    DMA2_Stream2_IRQHandler                  0x0800025b   Thumb Code     0  startup_stm32f40_41xxx.o(.text)
    DMA2_Stream3_IRQHandler                  0x0800025b   Thumb Code     0  startup_stm32f40_41xxx.o(.text)
    DMA2_Stream4_IRQHandler                  0x0800025b   Thumb Code     0  startup_stm32f40_41xxx.o(.text)
    DMA2_Stream5_IRQHandler                  0x0800025b   Thumb Code     0  startup_stm32f40_41xxx.o(.text)
    DMA2_Stream6_IRQHandler                  0x0800025b   Thumb Code     0  startup_stm32f40_41xxx.o(.text)
    DMA2_Stream7_IRQHandler                  0x0800025b   Thumb Code     0  startup_stm32f40_41xxx.o(.text)
    ETH_IRQHandler                           0x0800025b   Thumb Code     0  startup_stm32f40_41xxx.o(.text)
    ETH_WKUP_IRQHandler                      0x0800025b   Thumb Code     0  startup_stm32f40_41xxx.o(.text)
    EXTI0_IRQHandler                         0x0800025b   Thumb Code     0  startup_stm32f40_41xxx.o(.text)
    EXTI15_10_IRQHandler                     0x0800025b   Thumb Code     0  startup_stm32f40_41xxx.o(.text)
    EXTI1_IRQHandler                         0x0800025b   Thumb Code     0  startup_stm32f40_41xxx.o(.text)
    EXTI2_IRQHandler                         0x0800025b   Thumb Code     0  startup_stm32f40_41xxx.o(.text)
    EXTI3_IRQHandler                         0x0800025b   Thumb Code     0  startup_stm32f40_41xxx.o(.text)
    EXTI4_IRQHandler                         0x0800025b   Thumb Code     0  startup_stm32f40_41xxx.o(.text)
    EXTI9_5_IRQHandler                       0x0800025b   Thumb Code     0  startup_stm32f40_41xxx.o(.text)
    FLASH_IRQHandler                         0x0800025b   Thumb Code     0  startup_stm32f40_41xxx.o(.text)
    FPU_IRQHandler                           0x0800025b   Thumb Code     0  startup_stm32f40_41xxx.o(.text)
    FSMC_IRQHandler                          0x0800025b   Thumb Code     0  startup_stm32f40_41xxx.o(.text)
    HASH_RNG_IRQHandler                      0x0800025b   Thumb Code     0  startup_stm32f40_41xxx.o(.text)
    I2C1_ER_IRQHandler                       0x0800025b   Thumb Code     0  startup_stm32f40_41xxx.o(.text)
    I2C1_EV_IRQHandler                       0x0800025b   Thumb Code     0  startup_stm32f40_41xxx.o(.text)
    I2C2_ER_IRQHandler                       0x0800025b   Thumb Code     0  startup_stm32f40_41xxx.o(.text)
    I2C2_EV_IRQHandler                       0x0800025b   Thumb Code     0  startup_stm32f40_41xxx.o(.text)
    I2C3_ER_IRQHandler                       0x0800025b   Thumb Code     0  startup_stm32f40_41xxx.o(.text)
    I2C3_EV_IRQHandler                       0x0800025b   Thumb Code     0  startup_stm32f40_41xxx.o(.text)
    OTG_FS_IRQHandler                        0x0800025b   Thumb Code     0  startup_stm32f40_41xxx.o(.text)
    OTG_FS_WKUP_IRQHandler                   0x0800025b   Thumb Code     0  startup_stm32f40_41xxx.o(.text)
    OTG_HS_EP1_IN_IRQHandler                 0x0800025b   Thumb Code     0  startup_stm32f40_41xxx.o(.text)
    OTG_HS_EP1_OUT_IRQHandler                0x0800025b   Thumb Code     0  startup_stm32f40_41xxx.o(.text)
    OTG_HS_IRQHandler                        0x0800025b   Thumb Code     0  startup_stm32f40_41xxx.o(.text)
    OTG_HS_WKUP_IRQHandler                   0x0800025b   Thumb Code     0  startup_stm32f40_41xxx.o(.text)
    PVD_IRQHandler                           0x0800025b   Thumb Code     0  startup_stm32f40_41xxx.o(.text)
    RCC_IRQHandler                           0x0800025b   Thumb Code     0  startup_stm32f40_41xxx.o(.text)
    RTC_Alarm_IRQHandler                     0x0800025b   Thumb Code     0  startup_stm32f40_41xxx.o(.text)
    RTC_WKUP_IRQHandler                      0x0800025b   Thumb Code     0  startup_stm32f40_41xxx.o(.text)
    SDIO_IRQHandler                          0x0800025b   Thumb Code     0  startup_stm32f40_41xxx.o(.text)
    SPI1_IRQHandler                          0x0800025b   Thumb Code     0  startup_stm32f40_41xxx.o(.text)
    SPI2_IRQHandler                          0x0800025b   Thumb Code     0  startup_stm32f40_41xxx.o(.text)
    SPI3_IRQHandler                          0x0800025b   Thumb Code     0  startup_stm32f40_41xxx.o(.text)
    TAMP_STAMP_IRQHandler                    0x0800025b   Thumb Code     0  startup_stm32f40_41xxx.o(.text)
    TIM1_BRK_TIM9_IRQHandler                 0x0800025b   Thumb Code     0  startup_stm32f40_41xxx.o(.text)
    TIM1_CC_IRQHandler                       0x0800025b   Thumb Code     0  startup_stm32f40_41xxx.o(.text)
    TIM1_TRG_COM_TIM11_IRQHandler            0x0800025b   Thumb Code     0  startup_stm32f40_41xxx.o(.text)
    TIM1_UP_TIM10_IRQHandler                 0x0800025b   Thumb Code     0  startup_stm32f40_41xxx.o(.text)
    TIM2_IRQHandler                          0x0800025b   Thumb Code     0  startup_stm32f40_41xxx.o(.text)
    TIM3_IRQHandler                          0x0800025b   Thumb Code     0  startup_stm32f40_41xxx.o(.text)
    TIM4_IRQHandler                          0x0800025b   Thumb Code     0  startup_stm32f40_41xxx.o(.text)
    TIM5_IRQHandler                          0x0800025b   Thumb Code     0  startup_stm32f40_41xxx.o(.text)
    TIM6_DAC_IRQHandler                      0x0800025b   Thumb Code     0  startup_stm32f40_41xxx.o(.text)
    TIM7_IRQHandler                          0x0800025b   Thumb Code     0  startup_stm32f40_41xxx.o(.text)
    TIM8_BRK_TIM12_IRQHandler                0x0800025b   Thumb Code     0  startup_stm32f40_41xxx.o(.text)
    TIM8_CC_IRQHandler                       0x0800025b   Thumb Code     0  startup_stm32f40_41xxx.o(.text)
    TIM8_TRG_COM_TIM14_IRQHandler            0x0800025b   Thumb Code     0  startup_stm32f40_41xxx.o(.text)
    TIM8_UP_TIM13_IRQHandler                 0x0800025b   Thumb Code     0  startup_stm32f40_41xxx.o(.text)
    UART4_IRQHandler                         0x0800025b   Thumb Code     0  startup_stm32f40_41xxx.o(.text)
    UART5_IRQHandler                         0x0800025b   Thumb Code     0  startup_stm32f40_41xxx.o(.text)
    USART2_IRQHandler                        0x0800025b   Thumb Code     0  startup_stm32f40_41xxx.o(.text)
    USART3_IRQHandler                        0x0800025b   Thumb Code     0  startup_stm32f40_41xxx.o(.text)
    USART6_IRQHandler                        0x0800025b   Thumb Code     0  startup_stm32f40_41xxx.o(.text)
    WWDG_IRQHandler                          0x0800025b   Thumb Code     0  startup_stm32f40_41xxx.o(.text)
    __user_initial_stackheap                 0x0800025d   Thumb Code     0  startup_stm32f40_41xxx.o(.text)
    __use_no_semihosting                     0x08000281   Thumb Code     2  use_no_semi_2.o(.text)
    __2printf                                0x08000285   Thumb Code    20  noretval__2printf.o(.text)
    __printf                                 0x0800029d   Thumb Code   104  __printf.o(.text)
    _printf_int_dec                          0x08000305   Thumb Code   104  _printf_dec.o(.text)
    __use_two_region_memory                  0x0800037d   Thumb Code     2  heapauxi.o(.text)
    __rt_heap_escrow$2region                 0x0800037f   Thumb Code     2  heapauxi.o(.text)
    __rt_heap_expand$2region                 0x08000381   Thumb Code     2  heapauxi.o(.text)
    __I$use$semihosting                      0x08000383   Thumb Code     0  use_no_semi.o(.text)
    __use_no_semihosting_swi                 0x08000383   Thumb Code     2  use_no_semi.o(.text)
    _printf_int_common                       0x08000385   Thumb Code   178  _printf_intcommon.o(.text)
    _printf_char_file                        0x08000439   Thumb Code    32  _printf_char_file.o(.text)
    _printf_char_common                      0x08000467   Thumb Code    32  _printf_char_common.o(.text)
    ferror                                   0x0800048d   Thumb Code     8  ferror.o(.text)
    __user_setup_stackheap                   0x08000495   Thumb Code    74  sys_stackheap_outer.o(.text)
    exit                                     0x080004df   Thumb Code    18  exit.o(.text)
    __user_libspace                          0x080004f1   Thumb Code     8  libspace.o(.text)
    __user_perproc_libspace                  0x080004f1   Thumb Code     0  libspace.o(.text)
    __user_perthread_libspace                0x080004f1   Thumb Code     0  libspace.o(.text)
    BusFault_Handler                         0x080004f9   Thumb Code     4  stm32f4xx_it.o(i.BusFault_Handler)
    DebugMon_Handler                         0x080004fd   Thumb Code     2  stm32f4xx_it.o(i.DebugMon_Handler)
    FLASH_DataCacheCmd                       0x080005e5   Thumb Code    30  stm32f4xx_flash.o(i.FLASH_DataCacheCmd)
    FLASH_EraseSector                        0x08000609   Thumb Code   130  stm32f4xx_flash.o(i.FLASH_EraseSector)
    FLASH_GetStatus                          0x08000691   Thumb Code    80  stm32f4xx_flash.o(i.FLASH_GetStatus)
    FLASH_Lock                               0x080006e5   Thumb Code    14  stm32f4xx_flash.o(i.FLASH_Lock)
    FLASH_ProgramWord                        0x080006f9   Thumb Code    74  stm32f4xx_flash.o(i.FLASH_ProgramWord)
    FLASH_Unlock                             0x08000749   Thumb Code    24  stm32f4xx_flash.o(i.FLASH_Unlock)
    FLASH_WaitForLastOperation               0x0800076d   Thumb Code    34  stm32f4xx_flash.o(i.FLASH_WaitForLastOperation)
    GPIO_Init                                0x0800078f   Thumb Code   144  stm32f4xx_gpio.o(i.GPIO_Init)
    GPIO_PinAFConfig                         0x0800081f   Thumb Code    70  stm32f4xx_gpio.o(i.GPIO_PinAFConfig)
    GPIO_ReadInputDataBit                    0x08000865   Thumb Code    18  stm32f4xx_gpio.o(i.GPIO_ReadInputDataBit)
    GPIO_ReadOutputDataBit                   0x08000877   Thumb Code    18  stm32f4xx_gpio.o(i.GPIO_ReadOutputDataBit)
    GPIO_ResetBits                           0x08000889   Thumb Code     4  stm32f4xx_gpio.o(i.GPIO_ResetBits)
    GPIO_SetBits                             0x0800088d   Thumb Code     4  stm32f4xx_gpio.o(i.GPIO_SetBits)
    HardFault_Handler                        0x08000891   Thumb Code    42  stm32f4xx_it.o(i.HardFault_Handler)
    IWDG_Enable                              0x080008c5   Thumb Code    10  stm32f4xx_iwdg.o(i.IWDG_Enable)
    IWDG_Feed                                0x080008d5   Thumb Code    36  iwdg.o(i.IWDG_Feed)
    IWDG_Init                                0x080008fd   Thumb Code    84  iwdg.o(i.IWDG_Init)
    IWDG_ReloadCounter                       0x08000955   Thumb Code    10  stm32f4xx_iwdg.o(i.IWDG_ReloadCounter)
    IWDG_SetPrescaler                        0x08000965   Thumb Code     6  stm32f4xx_iwdg.o(i.IWDG_SetPrescaler)
    IWDG_SetReload                           0x08000971   Thumb Code     6  stm32f4xx_iwdg.o(i.IWDG_SetReload)
    IWDG_WriteAccessCmd                      0x0800097d   Thumb Code     6  stm32f4xx_iwdg.o(i.IWDG_WriteAccessCmd)
    MemManage_Handler                        0x08000989   Thumb Code     4  stm32f4xx_it.o(i.MemManage_Handler)
    NMI_Handler                              0x0800098d   Thumb Code     2  stm32f4xx_it.o(i.NMI_Handler)
    NVIC_Init                                0x08000991   Thumb Code   106  misc.o(i.NVIC_Init)
    NVIC_PriorityGroupConfig                 0x08000a09   Thumb Code    10  misc.o(i.NVIC_PriorityGroupConfig)
    PendSV_Handler                           0x08000a1d   Thumb Code     2  stm32f4xx_it.o(i.PendSV_Handler)
    RCC_AHB1PeriphClockCmd                   0x08000a21   Thumb Code    26  stm32f4xx_rcc.o(i.RCC_AHB1PeriphClockCmd)
    RCC_APB1PeriphClockCmd                   0x08000a41   Thumb Code    26  stm32f4xx_rcc.o(i.RCC_APB1PeriphClockCmd)
    RCC_APB1PeriphResetCmd                   0x08000a61   Thumb Code    26  stm32f4xx_rcc.o(i.RCC_APB1PeriphResetCmd)
    RCC_APB2PeriphClockCmd                   0x08000a81   Thumb Code    26  stm32f4xx_rcc.o(i.RCC_APB2PeriphClockCmd)
    RCC_APB2PeriphResetCmd                   0x08000aa1   Thumb Code    26  stm32f4xx_rcc.o(i.RCC_APB2PeriphResetCmd)
    RCC_ClearFlag                            0x08000ac1   Thumb Code    14  stm32f4xx_rcc.o(i.RCC_ClearFlag)
    RCC_GetClocksFreq                        0x08000ad5   Thumb Code   214  stm32f4xx_rcc.o(i.RCC_GetClocksFreq)
    RCC_GetFlagStatus                        0x08000bbd   Thumb Code    60  stm32f4xx_rcc.o(i.RCC_GetFlagStatus)
    SPI_Cmd                                  0x08000bfd   Thumb Code    24  stm32f4xx_spi.o(i.SPI_Cmd)
    SPI_Init                                 0x08000c15   Thumb Code    60  stm32f4xx_spi.o(i.SPI_Init)
    SPI_ReadWriteByte                        0x08000c51   Thumb Code    74  spi.o(i.SPI_ReadWriteByte)
    STMFLASH_GetFlashSector                  0x08000ca1   Thumb Code   116  stmflash.o(i.STMFLASH_GetFlashSector)
    STMFLASH_ReadWord                        0x08000d41   Thumb Code     6  stmflash.o(i.STMFLASH_ReadWord)
    STMFLASH_Write                           0x08000d49   Thumb Code   146  stmflash.o(i.STMFLASH_Write)
    SVC_Handler                              0x08000de1   Thumb Code     2  stm32f4xx_it.o(i.SVC_Handler)
    SysTick_CLKSourceConfig                  0x08000ed1   Thumb Code    40  misc.o(i.SysTick_CLKSourceConfig)
    SysTick_Handler                          0x08000ef9   Thumb Code     2  stm32f4xx_it.o(i.SysTick_Handler)
    SystemInit                               0x08000efd   Thumb Code    88  system_stm32f4xx.o(i.SystemInit)
    USART1_IRQHandler                        0x08000f65   Thumb Code    52  usart_debug.o(i.USART1_IRQHandler)
    USART_ClearITPendingBit                  0x08000fa5   Thumb Code    30  stm32f4xx_usart.o(i.USART_ClearITPendingBit)
    USART_Cmd                                0x08000fc3   Thumb Code    24  stm32f4xx_usart.o(i.USART_Cmd)
    USART_DeInit                             0x08000fdd   Thumb Code   206  stm32f4xx_usart.o(i.USART_DeInit)
    USART_GetITStatus                        0x080010cd   Thumb Code    84  stm32f4xx_usart.o(i.USART_GetITStatus)
    USART_ITConfig                           0x08001121   Thumb Code    74  stm32f4xx_usart.o(i.USART_ITConfig)
    USART_Init                               0x0800116d   Thumb Code   204  stm32f4xx_usart.o(i.USART_Init)
    USART_ReceiveData                        0x08001241   Thumb Code    10  stm32f4xx_usart.o(i.USART_ReceiveData)
    UsageFault_Handler                       0x0800124b   Thumb Code     4  stm32f4xx_it.o(i.UsageFault_Handler)
    W25QXX_Erase_Chip                        0x08001251   Thumb Code    36  w25qxx.o(i.W25QXX_Erase_Chip)
    W25QXX_Erase_Sector                      0x0800127d   Thumb Code    62  w25qxx.o(i.W25QXX_Erase_Sector)
    W25QXX_Init                              0x080012c5   Thumb Code    42  w25qxx.o(i.W25QXX_Init)
    W25QXX_Read                              0x080012fd   Thumb Code    74  w25qxx.o(i.W25QXX_Read)
    W25QXX_ReadID                            0x0800134d   Thumb Code    64  w25qxx.o(i.W25QXX_ReadID)
    W25QXX_Write                             0x080013d3   Thumb Code   192  w25qxx.o(i.W25QXX_Write)
    W25QXX_Write_NoCheck                     0x080014b5   Thumb Code    70  w25qxx.o(i.W25QXX_Write_NoCheck)
    W25QXX_Write_Page                        0x080014fd   Thumb Code    80  w25qxx.o(i.W25QXX_Write_Page)
    _sys_exit                                0x08001551   Thumb Code     4  usart_debug.o(i._sys_exit)
    delay_init                               0x08001555   Thumb Code    52  delay.o(i.delay_init)
    delay_ms                                 0x08001591   Thumb Code    56  delay.o(i.delay_ms)
    delay_xms                                0x080015c9   Thumb Code    72  delay.o(i.delay_xms)
    fputc                                    0x08001615   Thumb Code    22  usart_debug.o(i.fputc)
    iap_load_app                             0x08001631   Thumb Code    36  iap.o(i.iap_load_app)
    iap_write_appbin                         0x0800165d   Thumb Code   116  iap.o(i.iap_write_appbin)
    led_gpio_init_function                   0x080016d5   Thumb Code   126  main.o(i.led_gpio_init_function)
    main                                     0x080017c9   Thumb Code    68  main.o(i.main)
    mem_perused                              0x0800188d   Thumb Code    54  malloc.o(i.mem_perused)
    myfree                                   0x080018cd   Thumb Code    30  malloc.o(i.myfree)
    mymalloc                                 0x080018f1   Thumb Code    34  malloc.o(i.mymalloc)
    mymem_free                               0x08001919   Thumb Code    96  malloc.o(i.mymem_free)
    mymem_init                               0x08001985   Thumb Code    54  malloc.o(i.mymem_init)
    mymem_malloc                             0x080019c9   Thumb Code   164  malloc.o(i.mymem_malloc)
    mymemset                                 0x08001a79   Thumb Code    20  malloc.o(i.mymemset)
    system_setup_function                    0x08001aa1   Thumb Code    22  main.o(i.system_setup_function)
    usart_debug_init_function                0x08001c3d   Thumb Code   218  usart_debug.o(i.usart_debug_init_function)
    w25qxx_SPI_INIT                          0x08001d21   Thumb Code   186  spi.o(i.w25qxx_SPI_INIT)
    w25qxx_cs_init_function                  0x08001de5   Thumb Code    48  w25qxx.o(i.w25qxx_cs_init_function)
    _fp_init                                 0x08001e2d   Thumb Code    10  fpinit.o(x$fpl$fpinit)
    __fplib_config_fpu_vfp                   0x08001e35   Thumb Code     0  fpinit.o(x$fpl$fpinit)
    __fplib_config_pureend_doubles           0x08001e35   Thumb Code     0  fpinit.o(x$fpl$fpinit)
    memtblsize                               0x08001e38   Data           4  malloc.o(.constdata)
    memblksize                               0x08001e3c   Data           4  malloc.o(.constdata)
    memsize                                  0x08001e40   Data           4  malloc.o(.constdata)
    Region$$Table$$Base                      0x08001e44   Number         0  anon$$obj.o(Region$$Table)
    Region$$Table$$Limit                     0x08001e64   Number         0  anon$$obj.o(Region$$Table)
    jump2app                                 0x20000000   Data           4  iap.o(.data)
    W25QXX_TYPE                              0x20000006   Data           2  w25qxx.o(.data)
    __stdout                                 0x20000008   Data           4  usart_debug.o(.data)
    mallco_dev                               0x20000024   Data          20  malloc.o(.data)
    iapbuf                                   0x20000038   Data         512  iap.o(.bss)
    usart_debug_rx_buff                      0x20000238   Data         100  usart_debug.o(.bss)
    mem1base                                 0x2000029c   Data       81920  malloc.o(.bss)
    mem1mapbase                              0x2001429c   Data        5120  malloc.o(.bss)
    __libspace_start                         0x2001569c   Data          96  libspace.o(.bss)
    __temporary_stack_top$libspace           0x200156fc   Data           0  libspace.o(.bss)



==============================================================================

Memory Map of the image

  Image Entry point : 0x08000189

  Load Region LR_IROM1 (Base: 0x08000000, Size: 0x00001e9c, Max: 0x00100000, ABSOLUTE)

    Execution Region ER_IROM1 (Exec base: 0x08000000, Load base: 0x08000000, Size: 0x00001e64, Max: 0x00100000, ABSOLUTE)

    Exec Addr    Load Addr    Size         Type   Attr      Idx    E Section Name        Object

    0x08000000   0x08000000   0x00000188   Data   RO          746    RESET               startup_stm32f40_41xxx.o
    0x08000188   0x08000188   0x00000008   Code   RO         2063  * !!!main             c_w.l(__main.o)
    0x08000190   0x08000190   0x00000034   Code   RO         2231    !!!scatter          c_w.l(__scatter.o)
    0x080001c4   0x080001c4   0x0000001a   Code   RO         2233    !!handler_copy      c_w.l(__scatter_copy.o)
    0x080001de   0x080001de   0x00000002   PAD
    0x080001e0   0x080001e0   0x0000001c   Code   RO         2235    !!handler_zi        c_w.l(__scatter_zi.o)
    0x080001fc   0x080001fc   0x00000000   Code   RO         2060    .ARM.Collect$$_printf_percent$$00000000  c_w.l(_printf_percent.o)
    0x080001fc   0x080001fc   0x00000006   Code   RO         2059    .ARM.Collect$$_printf_percent$$0000000A  c_w.l(_printf_u.o)
    0x08000202   0x08000202   0x00000004   Code   RO         2072    .ARM.Collect$$_printf_percent$$00000017  c_w.l(_printf_percent_end.o)
    0x08000206   0x08000206   0x00000002   Code   RO         2105    .ARM.Collect$$libinit$$00000000  c_w.l(libinit.o)
    0x08000208   0x08000208   0x00000004   Code   RO         2111    .ARM.Collect$$libinit$$00000001  c_w.l(libinit2.o)
    0x0800020c   0x0800020c   0x00000000   Code   RO         2114    .ARM.Collect$$libinit$$00000004  c_w.l(libinit2.o)
    0x0800020c   0x0800020c   0x00000000   Code   RO         2117    .ARM.Collect$$libinit$$0000000A  c_w.l(libinit2.o)
    0x0800020c   0x0800020c   0x00000000   Code   RO         2119    .ARM.Collect$$libinit$$0000000C  c_w.l(libinit2.o)
    0x0800020c   0x0800020c   0x00000000   Code   RO         2121    .ARM.Collect$$libinit$$0000000E  c_w.l(libinit2.o)
    0x0800020c   0x0800020c   0x00000000   Code   RO         2124    .ARM.Collect$$libinit$$00000011  c_w.l(libinit2.o)
    0x0800020c   0x0800020c   0x00000000   Code   RO         2126    .ARM.Collect$$libinit$$00000013  c_w.l(libinit2.o)
    0x0800020c   0x0800020c   0x00000000   Code   RO         2128    .ARM.Collect$$libinit$$00000015  c_w.l(libinit2.o)
    0x0800020c   0x0800020c   0x00000000   Code   RO         2130    .ARM.Collect$$libinit$$00000017  c_w.l(libinit2.o)
    0x0800020c   0x0800020c   0x00000000   Code   RO         2132    .ARM.Collect$$libinit$$00000019  c_w.l(libinit2.o)
    0x0800020c   0x0800020c   0x00000000   Code   RO         2134    .ARM.Collect$$libinit$$0000001B  c_w.l(libinit2.o)
    0x0800020c   0x0800020c   0x00000000   Code   RO         2136    .ARM.Collect$$libinit$$0000001D  c_w.l(libinit2.o)
    0x0800020c   0x0800020c   0x00000000   Code   RO         2138    .ARM.Collect$$libinit$$0000001F  c_w.l(libinit2.o)
    0x0800020c   0x0800020c   0x00000000   Code   RO         2140    .ARM.Collect$$libinit$$00000021  c_w.l(libinit2.o)
    0x0800020c   0x0800020c   0x00000000   Code   RO         2142    .ARM.Collect$$libinit$$00000023  c_w.l(libinit2.o)
    0x0800020c   0x0800020c   0x00000000   Code   RO         2144    .ARM.Collect$$libinit$$00000025  c_w.l(libinit2.o)
    0x0800020c   0x0800020c   0x00000000   Code   RO         2148    .ARM.Collect$$libinit$$0000002C  c_w.l(libinit2.o)
    0x0800020c   0x0800020c   0x00000000   Code   RO         2150    .ARM.Collect$$libinit$$0000002E  c_w.l(libinit2.o)
    0x0800020c   0x0800020c   0x00000000   Code   RO         2152    .ARM.Collect$$libinit$$00000030  c_w.l(libinit2.o)
    0x0800020c   0x0800020c   0x00000000   Code   RO         2154    .ARM.Collect$$libinit$$00000032  c_w.l(libinit2.o)
    0x0800020c   0x0800020c   0x00000002   Code   RO         2155    .ARM.Collect$$libinit$$00000033  c_w.l(libinit2.o)
    0x0800020e   0x0800020e   0x00000002   Code   RO         2173    .ARM.Collect$$libshutdown$$00000000  c_w.l(libshutdown.o)
    0x08000210   0x08000210   0x00000000   Code   RO         2183    .ARM.Collect$$libshutdown$$00000002  c_w.l(libshutdown2.o)
    0x08000210   0x08000210   0x00000000   Code   RO         2185    .ARM.Collect$$libshutdown$$00000004  c_w.l(libshutdown2.o)
    0x08000210   0x08000210   0x00000000   Code   RO         2187    .ARM.Collect$$libshutdown$$00000006  c_w.l(libshutdown2.o)
    0x08000210   0x08000210   0x00000000   Code   RO         2190    .ARM.Collect$$libshutdown$$00000009  c_w.l(libshutdown2.o)
    0x08000210   0x08000210   0x00000000   Code   RO         2193    .ARM.Collect$$libshutdown$$0000000C  c_w.l(libshutdown2.o)
    0x08000210   0x08000210   0x00000000   Code   RO         2195    .ARM.Collect$$libshutdown$$0000000E  c_w.l(libshutdown2.o)
    0x08000210   0x08000210   0x00000000   Code   RO         2198    .ARM.Collect$$libshutdown$$00000011  c_w.l(libshutdown2.o)
    0x08000210   0x08000210   0x00000002   Code   RO         2199    .ARM.Collect$$libshutdown$$00000012  c_w.l(libshutdown2.o)
    0x08000212   0x08000212   0x00000000   Code   RO         2067    .ARM.Collect$$rtentry$$00000000  c_w.l(__rtentry.o)
    0x08000212   0x08000212   0x00000000   Code   RO         2074    .ARM.Collect$$rtentry$$00000002  c_w.l(__rtentry2.o)
    0x08000212   0x08000212   0x00000006   Code   RO         2086    .ARM.Collect$$rtentry$$00000004  c_w.l(__rtentry4.o)
    0x08000218   0x08000218   0x00000000   Code   RO         2076    .ARM.Collect$$rtentry$$00000009  c_w.l(__rtentry2.o)
    0x08000218   0x08000218   0x00000004   Code   RO         2077    .ARM.Collect$$rtentry$$0000000A  c_w.l(__rtentry2.o)
    0x0800021c   0x0800021c   0x00000000   Code   RO         2079    .ARM.Collect$$rtentry$$0000000C  c_w.l(__rtentry2.o)
    0x0800021c   0x0800021c   0x00000008   Code   RO         2080    .ARM.Collect$$rtentry$$0000000D  c_w.l(__rtentry2.o)
    0x08000224   0x08000224   0x00000002   Code   RO         2109    .ARM.Collect$$rtexit$$00000000  c_w.l(rtexit.o)
    0x08000226   0x08000226   0x00000000   Code   RO         2157    .ARM.Collect$$rtexit$$00000002  c_w.l(rtexit2.o)
    0x08000226   0x08000226   0x00000004   Code   RO         2158    .ARM.Collect$$rtexit$$00000003  c_w.l(rtexit2.o)
    0x0800022a   0x0800022a   0x00000006   Code   RO         2159    .ARM.Collect$$rtexit$$00000004  c_w.l(rtexit2.o)
    0x08000230   0x08000230   0x00000010   Code   RO          728    .emb_text           sys.o
    0x08000240   0x08000240   0x00000040   Code   RO          747    .text               startup_stm32f40_41xxx.o
    0x08000280   0x08000280   0x00000002   Code   RO         2029    .text               c_w.l(use_no_semi_2.o)
    0x08000282   0x08000282   0x00000002   PAD
    0x08000284   0x08000284   0x00000018   Code   RO         2033    .text               c_w.l(noretval__2printf.o)
    0x0800029c   0x0800029c   0x00000068   Code   RO         2035    .text               c_w.l(__printf.o)
    0x08000304   0x08000304   0x00000078   Code   RO         2037    .text               c_w.l(_printf_dec.o)
    0x0800037c   0x0800037c   0x00000006   Code   RO         2061    .text               c_w.l(heapauxi.o)
    0x08000382   0x08000382   0x00000002   Code   RO         2065    .text               c_w.l(use_no_semi.o)
    0x08000384   0x08000384   0x000000b2   Code   RO         2068    .text               c_w.l(_printf_intcommon.o)
    0x08000436   0x08000436   0x00000002   PAD
    0x08000438   0x08000438   0x00000024   Code   RO         2070    .text               c_w.l(_printf_char_file.o)
    0x0800045c   0x0800045c   0x00000030   Code   RO         2088    .text               c_w.l(_printf_char_common.o)
    0x0800048c   0x0800048c   0x00000008   Code   RO         2090    .text               c_w.l(ferror.o)
    0x08000494   0x08000494   0x0000004a   Code   RO         2094    .text               c_w.l(sys_stackheap_outer.o)
    0x080004de   0x080004de   0x00000012   Code   RO         2098    .text               c_w.l(exit.o)
    0x080004f0   0x080004f0   0x00000008   Code   RO         2106    .text               c_w.l(libspace.o)
    0x080004f8   0x080004f8   0x00000004   Code   RO          246    i.BusFault_Handler  stm32f4xx_it.o
    0x080004fc   0x080004fc   0x00000002   Code   RO          247    i.DebugMon_Handler  stm32f4xx_it.o
    0x080004fe   0x080004fe   0x00000002   PAD
    0x08000500   0x08000500   0x000000e4   Code   RO          181    i.DeviceRstReason   main.o
    0x080005e4   0x080005e4   0x00000024   Code   RO          896    i.FLASH_DataCacheCmd  stm32f4xx_flash.o
    0x08000608   0x08000608   0x00000088   Code   RO          901    i.FLASH_EraseSector  stm32f4xx_flash.o
    0x08000690   0x08000690   0x00000054   Code   RO          903    i.FLASH_GetStatus   stm32f4xx_flash.o
    0x080006e4   0x080006e4   0x00000014   Code   RO          907    i.FLASH_Lock        stm32f4xx_flash.o
    0x080006f8   0x080006f8   0x00000050   Code   RO          931    i.FLASH_ProgramWord  stm32f4xx_flash.o
    0x08000748   0x08000748   0x00000024   Code   RO          933    i.FLASH_Unlock      stm32f4xx_flash.o
    0x0800076c   0x0800076c   0x00000022   Code   RO          934    i.FLASH_WaitForLastOperation  stm32f4xx_flash.o
    0x0800078e   0x0800078e   0x00000090   Code   RO          798    i.GPIO_Init         stm32f4xx_gpio.o
    0x0800081e   0x0800081e   0x00000046   Code   RO          799    i.GPIO_PinAFConfig  stm32f4xx_gpio.o
    0x08000864   0x08000864   0x00000012   Code   RO          802    i.GPIO_ReadInputDataBit  stm32f4xx_gpio.o
    0x08000876   0x08000876   0x00000012   Code   RO          804    i.GPIO_ReadOutputDataBit  stm32f4xx_gpio.o
    0x08000888   0x08000888   0x00000004   Code   RO          805    i.GPIO_ResetBits    stm32f4xx_gpio.o
    0x0800088c   0x0800088c   0x00000004   Code   RO          806    i.GPIO_SetBits      stm32f4xx_gpio.o
    0x08000890   0x08000890   0x00000034   Code   RO          248    i.HardFault_Handler  stm32f4xx_it.o
    0x080008c4   0x080008c4   0x00000010   Code   RO         1727    i.IWDG_Enable       stm32f4xx_iwdg.o
    0x080008d4   0x080008d4   0x00000028   Code   RO          420    i.IWDG_Feed         iwdg.o
    0x080008fc   0x080008fc   0x00000058   Code   RO          421    i.IWDG_Init         iwdg.o
    0x08000954   0x08000954   0x00000010   Code   RO         1729    i.IWDG_ReloadCounter  stm32f4xx_iwdg.o
    0x08000964   0x08000964   0x0000000c   Code   RO         1730    i.IWDG_SetPrescaler  stm32f4xx_iwdg.o
    0x08000970   0x08000970   0x0000000c   Code   RO         1731    i.IWDG_SetReload    stm32f4xx_iwdg.o
    0x0800097c   0x0800097c   0x0000000c   Code   RO         1732    i.IWDG_WriteAccessCmd  stm32f4xx_iwdg.o
    0x08000988   0x08000988   0x00000004   Code   RO          249    i.MemManage_Handler  stm32f4xx_it.o
    0x0800098c   0x0800098c   0x00000002   Code   RO          250    i.NMI_Handler       stm32f4xx_it.o
    0x0800098e   0x0800098e   0x00000002   PAD
    0x08000990   0x08000990   0x00000078   Code   RO          753    i.NVIC_Init         misc.o
    0x08000a08   0x08000a08   0x00000014   Code   RO          754    i.NVIC_PriorityGroupConfig  misc.o
    0x08000a1c   0x08000a1c   0x00000002   Code   RO          251    i.PendSV_Handler    stm32f4xx_it.o
    0x08000a1e   0x08000a1e   0x00000002   PAD
    0x08000a20   0x08000a20   0x00000020   Code   RO         1149    i.RCC_AHB1PeriphClockCmd  stm32f4xx_rcc.o
    0x08000a40   0x08000a40   0x00000020   Code   RO         1158    i.RCC_APB1PeriphClockCmd  stm32f4xx_rcc.o
    0x08000a60   0x08000a60   0x00000020   Code   RO         1160    i.RCC_APB1PeriphResetCmd  stm32f4xx_rcc.o
    0x08000a80   0x08000a80   0x00000020   Code   RO         1161    i.RCC_APB2PeriphClockCmd  stm32f4xx_rcc.o
    0x08000aa0   0x08000aa0   0x00000020   Code   RO         1163    i.RCC_APB2PeriphResetCmd  stm32f4xx_rcc.o
    0x08000ac0   0x08000ac0   0x00000014   Code   RO         1166    i.RCC_ClearFlag     stm32f4xx_rcc.o
    0x08000ad4   0x08000ad4   0x000000e8   Code   RO         1170    i.RCC_GetClocksFreq  stm32f4xx_rcc.o
    0x08000bbc   0x08000bbc   0x00000040   Code   RO         1171    i.RCC_GetFlagStatus  stm32f4xx_rcc.o
    0x08000bfc   0x08000bfc   0x00000018   Code   RO         1783    i.SPI_Cmd           stm32f4xx_spi.o
    0x08000c14   0x08000c14   0x0000003c   Code   RO         1796    i.SPI_Init          stm32f4xx_spi.o
    0x08000c50   0x08000c50   0x00000050   Code   RO          449    i.SPI_ReadWriteByte  spi.o
    0x08000ca0   0x08000ca0   0x000000a0   Code   RO          478    i.STMFLASH_GetFlashSector  stmflash.o
    0x08000d40   0x08000d40   0x00000006   Code   RO          480    i.STMFLASH_ReadWord  stmflash.o
    0x08000d46   0x08000d46   0x00000002   PAD
    0x08000d48   0x08000d48   0x00000098   Code   RO          481    i.STMFLASH_Write    stmflash.o
    0x08000de0   0x08000de0   0x00000002   Code   RO          252    i.SVC_Handler       stm32f4xx_it.o
    0x08000de2   0x08000de2   0x00000002   PAD
    0x08000de4   0x08000de4   0x000000ec   Code   RO          346    i.SetSysClock       system_stm32f4xx.o
    0x08000ed0   0x08000ed0   0x00000028   Code   RO          757    i.SysTick_CLKSourceConfig  misc.o
    0x08000ef8   0x08000ef8   0x00000002   Code   RO          253    i.SysTick_Handler   stm32f4xx_it.o
    0x08000efa   0x08000efa   0x00000002   PAD
    0x08000efc   0x08000efc   0x00000068   Code   RO          348    i.SystemInit        system_stm32f4xx.o
    0x08000f64   0x08000f64   0x00000040   Code   RO          618    i.USART1_IRQHandler  usart_debug.o
    0x08000fa4   0x08000fa4   0x0000001e   Code   RO         1484    i.USART_ClearITPendingBit  stm32f4xx_usart.o
    0x08000fc2   0x08000fc2   0x00000018   Code   RO         1487    i.USART_Cmd         stm32f4xx_usart.o
    0x08000fda   0x08000fda   0x00000002   PAD
    0x08000fdc   0x08000fdc   0x000000f0   Code   RO         1489    i.USART_DeInit      stm32f4xx_usart.o
    0x080010cc   0x080010cc   0x00000054   Code   RO         1491    i.USART_GetITStatus  stm32f4xx_usart.o
    0x08001120   0x08001120   0x0000004a   Code   RO         1493    i.USART_ITConfig    stm32f4xx_usart.o
    0x0800116a   0x0800116a   0x00000002   PAD
    0x0800116c   0x0800116c   0x000000d4   Code   RO         1494    i.USART_Init        stm32f4xx_usart.o
    0x08001240   0x08001240   0x0000000a   Code   RO         1501    i.USART_ReceiveData  stm32f4xx_usart.o
    0x0800124a   0x0800124a   0x00000004   Code   RO          254    i.UsageFault_Handler  stm32f4xx_it.o
    0x0800124e   0x0800124e   0x00000002   PAD
    0x08001250   0x08001250   0x0000002c   Code   RO          516    i.W25QXX_Erase_Chip  w25qxx.o
    0x0800127c   0x0800127c   0x00000048   Code   RO          517    i.W25QXX_Erase_Sector  w25qxx.o
    0x080012c4   0x080012c4   0x00000038   Code   RO          518    i.W25QXX_Init       w25qxx.o
    0x080012fc   0x080012fc   0x00000050   Code   RO          520    i.W25QXX_Read       w25qxx.o
    0x0800134c   0x0800134c   0x00000048   Code   RO          521    i.W25QXX_ReadID     w25qxx.o
    0x08001394   0x08001394   0x0000002c   Code   RO          522    i.W25QXX_ReadSR     w25qxx.o
    0x080013c0   0x080013c0   0x00000012   Code   RO          524    i.W25QXX_Wait_Busy  w25qxx.o
    0x080013d2   0x080013d2   0x000000c0   Code   RO          525    i.W25QXX_Write      w25qxx.o
    0x08001492   0x08001492   0x00000002   PAD
    0x08001494   0x08001494   0x00000020   Code   RO          526    i.W25QXX_Write_Enable  w25qxx.o
    0x080014b4   0x080014b4   0x00000046   Code   RO          527    i.W25QXX_Write_NoCheck  w25qxx.o
    0x080014fa   0x080014fa   0x00000002   PAD
    0x080014fc   0x080014fc   0x00000054   Code   RO          528    i.W25QXX_Write_Page  w25qxx.o
    0x08001550   0x08001550   0x00000004   Code   RO          619    i._sys_exit         usart_debug.o
    0x08001554   0x08001554   0x0000003c   Code   RO          688    i.delay_init        delay.o
    0x08001590   0x08001590   0x00000038   Code   RO          689    i.delay_ms          delay.o
    0x080015c8   0x080015c8   0x0000004c   Code   RO          691    i.delay_xms         delay.o
    0x08001614   0x08001614   0x0000001c   Code   RO          621    i.fputc             usart_debug.o
    0x08001630   0x08001630   0x0000002c   Code   RO            3    i.iap_load_app      iap.o
    0x0800165c   0x0800165c   0x00000078   Code   RO            4    i.iap_write_appbin  iap.o
    0x080016d4   0x080016d4   0x0000008c   Code   RO          182    i.led_gpio_init_function  main.o
    0x08001760   0x08001760   0x00000068   Code   RO          183    i.led_show_control  main.o
    0x080017c8   0x080017c8   0x000000c4   Code   RO          184    i.main              main.o
    0x0800188c   0x0800188c   0x00000040   Code   RO         1941    i.mem_perused       malloc.o
    0x080018cc   0x080018cc   0x00000024   Code   RO         1942    i.myfree            malloc.o
    0x080018f0   0x080018f0   0x00000028   Code   RO         1944    i.mymalloc          malloc.o
    0x08001918   0x08001918   0x0000006c   Code   RO         1946    i.mymem_free        malloc.o
    0x08001984   0x08001984   0x00000044   Code   RO         1947    i.mymem_init        malloc.o
    0x080019c8   0x080019c8   0x000000b0   Code   RO         1948    i.mymem_malloc      malloc.o
    0x08001a78   0x08001a78   0x00000014   Code   RO         1950    i.mymemset          malloc.o
    0x08001a8c   0x08001a8c   0x00000014   Code   RO          185    i.read_boot_update_param  main.o
    0x08001aa0   0x08001aa0   0x00000016   Code   RO          186    i.system_setup_function  main.o
    0x08001ab6   0x08001ab6   0x00000002   PAD
    0x08001ab8   0x08001ab8   0x00000184   Code   RO          187    i.update_check_function  main.o
    0x08001c3c   0x08001c3c   0x000000e4   Code   RO          622    i.usart_debug_init_function  usart_debug.o
    0x08001d20   0x08001d20   0x000000c4   Code   RO          450    i.w25qxx_SPI_INIT   spi.o
    0x08001de4   0x08001de4   0x00000034   Code   RO          529    i.w25qxx_cs_init_function  w25qxx.o
    0x08001e18   0x08001e18   0x00000014   Code   RO          188    i.write_boot_update_param  main.o
    0x08001e2c   0x08001e2c   0x0000000a   Code   RO         2165    x$fpl$fpinit        fz_wm.l(fpinit.o)
    0x08001e36   0x08001e36   0x00000002   PAD
    0x08001e38   0x08001e38   0x0000000c   Data   RO         1953    .constdata          malloc.o
    0x08001e44   0x08001e44   0x00000020   Data   RO         2229    Region$$Table       anon$$obj.o


    Execution Region RW_IRAM1 (Exec base: 0x20000000, Load base: 0x08001e64, Size: 0x00015d00, Max: 0x00020000, ABSOLUTE)

    Exec Addr    Load Addr    Size         Type   Attr      Idx    E Section Name        Object

    0x20000000   0x08001e64   0x00000004   Data   RW            6    .data               iap.o
    0x20000004   0x08001e68   0x00000001   Data   RW          189    .data               main.o
    0x20000005   0x08001e69   0x00000001   PAD
    0x20000006   0x08001e6a   0x00000002   Data   RW          530    .data               w25qxx.o
    0x20000008   0x08001e6c   0x00000005   Data   RW          627    .data               usart_debug.o
    0x2000000d   0x08001e71   0x00000001   PAD
    0x2000000e   0x08001e72   0x00000004   Data   RW          692    .data               delay.o
    0x20000012   0x08001e76   0x00000010   Data   RW         1202    .data               stm32f4xx_rcc.o
    0x20000022   0x08001e86   0x00000002   PAD
    0x20000024   0x08001e88   0x00000014   Data   RW         1954    .data               malloc.o
    0x20000038        -       0x00000200   Zero   RW            5    .bss                iap.o
    0x20000238        -       0x00000064   Zero   RW          626    .bss                usart_debug.o
    0x2000029c        -       0x00015400   Zero   RW         1952    .bss                malloc.o
    0x2001569c        -       0x00000060   Zero   RW         2107    .bss                c_w.l(libspace.o)
    0x200156fc   0x08001e9c   0x00000004   PAD
    0x20015700        -       0x00000200   Zero   RW          745    HEAP                startup_stm32f40_41xxx.o
    0x20015900        -       0x00000400   Zero   RW          744    STACK               startup_stm32f40_41xxx.o


==============================================================================

Image component sizes


      Code (inc. data)   RO Data    RW Data    ZI Data      Debug   Object Name

       192         12          0          4          0       1868   delay.o
       164         12          0          4        512     281120   iap.o
       128          8          0          0          0       1104   iwdg.o
      1118        408          0          1          0       5500   main.o
       512         60         12         20      87040       5958   malloc.o
       180         24          0          0          0       2109   misc.o
       276         16          0          0          0       1294   spi.o
        64         26        392          0       1536        820   startup_stm32f40_41xxx.o
       426         40          0          0          0       4436   stm32f4xx_flash.o
       258          0          0          0          0       4120   stm32f4xx_gpio.o
        74         10          0          0          0     259237   stm32f4xx_it.o
        68         30          0          0          0       2450   stm32f4xx_iwdg.o
       476         58          0         16          0       6865   stm32f4xx_rcc.o
        84          0          0          0          0       1781   stm32f4xx_spi.o
       674         42          0          0          0       5527   stm32f4xx_usart.o
       318         50          0          0          0       2523   stmflash.o
        16          0          0          0          0        472   sys.o
       340         32          0          0          0       1529   system_stm32f4xx.o
       324         28          0          5        100       4714   usart_debug.o
       816         70          0          2          0       7772   w25qxx.o

    ----------------------------------------------------------------------
      6532        926        436         56      89188     601199   Object Totals
         0          0         32          0          0          0   (incl. Generated)
        24          0          0          4          0          0   (incl. Padding)

    ----------------------------------------------------------------------

      Code (inc. data)   RO Data    RW Data    ZI Data      Debug   Library Member Name

         8          0          0          0          0         68   __main.o
       104          0          0          0          0         84   __printf.o
         0          0          0          0          0          0   __rtentry.o
        12          0          0          0          0          0   __rtentry2.o
         6          0          0          0          0          0   __rtentry4.o
        52          8          0          0          0          0   __scatter.o
        26          0          0          0          0          0   __scatter_copy.o
        28          0          0          0          0          0   __scatter_zi.o
        48          6          0          0          0         96   _printf_char_common.o
        36          4          0          0          0         80   _printf_char_file.o
       120         16          0          0          0         92   _printf_dec.o
       178          0          0          0          0         88   _printf_intcommon.o
         0          0          0          0          0          0   _printf_percent.o
         4          0          0          0          0          0   _printf_percent_end.o
         6          0          0          0          0          0   _printf_u.o
        18          0          0          0          0         80   exit.o
         8          0          0          0          0         68   ferror.o
         6          0          0          0          0        152   heapauxi.o
         2          0          0          0          0          0   libinit.o
         6          0          0          0          0          0   libinit2.o
         2          0          0          0          0          0   libshutdown.o
         2          0          0          0          0          0   libshutdown2.o
         8          4          0          0         96         68   libspace.o
        24          4          0          0          0         84   noretval__2printf.o
         2          0          0          0          0          0   rtexit.o
        10          0          0          0          0          0   rtexit2.o
        74          0          0          0          0         80   sys_stackheap_outer.o
         2          0          0          0          0         68   use_no_semi.o
         2          0          0          0          0         68   use_no_semi_2.o
        10          0          0          0          0        116   fpinit.o

    ----------------------------------------------------------------------
       812         42          0          0        100       1292   Library Totals
         8          0          0          0          4          0   (incl. Padding)

    ----------------------------------------------------------------------

      Code (inc. data)   RO Data    RW Data    ZI Data      Debug   Library Name

       794         42          0          0         96       1176   c_w.l
        10          0          0          0          0        116   fz_wm.l

    ----------------------------------------------------------------------
       812         42          0          0        100       1292   Library Totals

    ----------------------------------------------------------------------

==============================================================================


      Code (inc. data)   RO Data    RW Data    ZI Data      Debug   

      7344        968        436         56      89288     593371   Grand Totals
      7344        968        436         56      89288     593371   ELF Image Totals
      7344        968        436         56          0          0   ROM Totals

==============================================================================

    Total RO  Size (Code + RO Data)                 7780 (   7.60kB)
    Total RW  Size (RW Data + ZI Data)             89344 (  87.25kB)
    Total ROM Size (Code + RO Data + RW Data)       7836 (   7.65kB)

==============================================================================

