Component: ARM Compiler 5.06 update 7 (build 960) Tool: armlink [4d3601]

==============================================================================

Section Cross References

    start.o(i.app_task) refers to os_core.o(i.OSStatInit) for OSStatInit
    start.o(i.app_task) refers to app.o(i.app_task_function) for app_task_function
    start.o(i.det_task) refers to det.o(i.det_task_function) for det_task_function
    start.o(i.eth_task) refers to eth.o(i.eth_network_line_status_detection_function) for eth_network_line_status_detection_function
    start.o(i.gsm_task) refers to gsm.o(i.gsm_task_function) for gsm_task_function
    start.o(i.print_task) refers to print.o(i.print_task_function) for print_task_function
    start.o(i.start_creat_task_function) refers to os_cpu_a.o(.text) for OS_CPU_SR_Save
    start.o(i.start_creat_task_function) refers to os_task.o(i.OSTaskCreateExt) for OSTaskCreateExt
    start.o(i.start_creat_task_function) refers to os_task.o(i.OSTaskNameSet) for OSTaskNameSet
    start.o(i.start_creat_task_function) refers to start.o(CCMRAM) for START_TASK_STK
    start.o(i.start_creat_task_function) refers to start.o(i.app_task) for app_task
    start.o(i.start_creat_task_function) refers to start.o(i.eth_task) for eth_task
    start.o(i.start_creat_task_function) refers to start.o(i.det_task) for det_task
    start.o(i.start_creat_task_function) refers to start.o(i.gsm_task) for gsm_task
    start.o(i.start_creat_task_function) refers to start.o(i.print_task) for print_task
    start.o(i.start_get_device_id) refers to start.o(.bss) for g_chipid_t
    start.o(i.start_get_device_id_function) refers to start.o(.bss) for g_chipid_t
    start.o(i.start_get_device_id_str) refers to _printf_pad.o(.text) for _printf_pre_padding
    start.o(i.start_get_device_id_str) refers to _printf_percent.o(.ARM.Collect$$_printf_percent$$00000000) for _printf_percent
    start.o(i.start_get_device_id_str) refers to _printf_x.o(.ARM.Collect$$_printf_percent$$0000000C) for _printf_x
    start.o(i.start_get_device_id_str) refers to _printf_hex_int_ll_ptr.o(.text) for _printf_longlong_hex
    start.o(i.start_get_device_id_str) refers to __2sprintf.o(.text) for __2sprintf
    start.o(i.start_get_device_id_str) refers to start.o(.bss) for g_chipid_t
    start.o(i.start_system_init_function) refers to bsp_iwdg.o(i.IWDG_Init) for IWDG_Init
    start.o(i.start_system_init_function) refers to start.o(i.start_get_device_id_function) for start_get_device_id_function
    start.o(i.start_system_init_function) refers to malloc.o(i.mymem_init) for mymem_init
    start.o(i.start_system_init_function) refers to cjson.o(i.cJSON_InitHooks) for cJSON_InitHooks
    start.o(i.start_system_init_function) refers to bsp_led.o(i.bsp_InitLed) for bsp_InitLed
    start.o(i.start_system_init_function) refers to bsp_relay.o(i.bsp_InitRelay) for bsp_InitRelay
    start.o(i.start_system_init_function) refers to ebtn_app.o(i.ebtn_APP_Keys_Init) for ebtn_APP_Keys_Init
    start.o(i.start_system_init_function) refers to bsp_fan.o(i.bsp_InitFan) for bsp_InitFan
    start.o(i.start_system_init_function) refers to bsp_rtc.o(i.bsp_InitRTC) for bsp_InitRTC
    start.o(i.start_system_init_function) refers to bsp_rng.o(i.bsp_InitRNG) for bsp_InitRNG
    start.o(i.start_system_init_function) refers to bsp_rs485.o(i.bsp_InitRS485) for bsp_InitRS485
    start.o(i.start_system_init_function) refers to atgm336h.o(i.bsp_InitUart_GPS) for bsp_InitUart_GPS
    start.o(i.start_system_init_function) refers to bsp_iwdg.o(i.IWDG_Feed) for IWDG_Feed
    start.o(i.start_system_init_function) refers to bsp_timer.o(i.TIM3_Int_Init) for TIM3_Int_Init
    start.o(i.start_system_init_function) refers to bsp_timer.o(i.TIM6_Int_Init) for TIM6_Int_Init
    start.o(i.start_system_init_function) refers to bsp_timer.o(i.TIM4_Int_Init) for TIM4_Int_Init
    start.o(i.start_system_init_function) refers to hal_lis3dh.o(i.hal_lis3dh_init) for hal_lis3dh_init
    start.o(i.start_system_init_function) refers to aht20.o(i.aht20_init_function) for aht20_init_function
    start.o(i.start_system_init_function) refers to bh1750.o(i.BH1750_Init) for BH1750_Init
    start.o(i.start_system_init_function) refers to bl0910_spi.o(i.bl0910_init_function) for bl0910_init_function
    start.o(i.start_system_init_function) refers to bl0942_spi.o(i.bl0942_init_function) for bl0942_init_function
    start.o(i.start_system_init_function) refers to w25qxx.o(i.W25QXX_Init) for W25QXX_Init
    start.o(i.start_system_init_function) refers to save.o(i.save_init_function) for save_init_function
    start.o(i.start_system_init_function) refers to com.o(i.com_recevie_function_init) for com_recevie_function_init
    start.o(i.start_system_init_function) refers to app.o(i.app_get_storage_param_function) for app_get_storage_param_function
    start.o(i.start_system_init_function) refers to update.o(i.update_status_init) for update_status_init
[...]
    libinit.o(.ARM.Collect$$libinit$$00000000) refers (Special) to libinit2.o(.ARM.Collect$$libinit$$00000013) for __rt_lib_init_lc_ctype_1
    libinit.o(.ARM.Collect$$libinit$$00000000) refers (Special) to libinit2.o(.ARM.Collect$$libinit$$00000015) for __rt_lib_init_lc_monetary_1
    libinit.o(.ARM.Collect$$libinit$$00000000) refers (Special) to libinit2.o(.ARM.Collect$$libinit$$00000017) for __rt_lib_init_lc_numeric_1
    libinit.o(.ARM.Collect$$libinit$$00000000) refers (Special) to libinit2.o(.ARM.Collect$$libinit$$00000019) for __rt_lib_init_lc_time_1
    libinit.o(.ARM.Collect$$libinit$$00000000) refers (Special) to libinit2.o(.ARM.Collect$$libinit$$00000004) for __rt_lib_init_preinit_1
    libinit.o(.ARM.Collect$$libinit$$00000000) refers (Special) to libinit2.o(.ARM.Collect$$libinit$$0000000E) for __rt_lib_init_rand_1
    libinit.o(.ARM.Collect$$libinit$$00000000) refers (Special) to libinit2.o(.ARM.Collect$$libinit$$00000033) for __rt_lib_init_return
    libinit.o(.ARM.Collect$$libinit$$00000000) refers (Special) to libinit2.o(.ARM.Collect$$libinit$$0000001D) for __rt_lib_init_signal_1
    libinit.o(.ARM.Collect$$libinit$$00000000) refers (Special) to libinit2.o(.ARM.Collect$$libinit$$00000025) for __rt_lib_init_stdio_1
    libinit.o(.ARM.Collect$$libinit$$00000000) refers (Special) to libinit2.o(.ARM.Collect$$libinit$$0000000C) for __rt_lib_init_user_alloc_1
    retnan.o(x$fpl$retnan) refers (Special) to usenofp.o(x$fpl$usenofp) for __I$use$fp
    retnan.o(x$fpl$retnan) refers to trapv.o(x$fpl$trapveneer) for __fpl_cmpreturn
    frexp.o(i.__hardfp_frexp) refers (Special) to usenofp.o(x$fpl$usenofp) for __I$use$fp
    frexp.o(i.__hardfp_frexp) refers to dmul.o(x$fpl$dmul) for __aeabi_dmul
    frexp.o(i.__softfp_frexp) refers (Special) to usenofp.o(x$fpl$usenofp) for __I$use$fp
    frexp.o(i.__softfp_frexp) refers to dmul.o(x$fpl$dmul) for __aeabi_dmul
    frexp.o(i.frexp) refers (Special) to usenofp.o(x$fpl$usenofp) for __I$use$fp
    frexp.o(i.frexp) refers to dmul.o(x$fpl$dmul) for __aeabi_dmul
    rtexit.o(.ARM.Collect$$rtexit$$00000000) refers (Special) to rtexit2.o(.ARM.Collect$$rtexit$$00000004) for __rt_exit_exit
    rtexit.o(.ARM.Collect$$rtexit$$00000000) refers (Special) to rtexit2.o(.ARM.Collect$$rtexit$$00000003) for __rt_exit_ls
    rtexit.o(.ARM.Collect$$rtexit$$00000000) refers (Special) to rtexit2.o(.ARM.Collect$$rtexit$$00000002) for __rt_exit_prels_1
    rtexit.o(.ARM.exidx) refers (Special) to rtexit2.o(.ARM.Collect$$rtexit$$00000004) for __rt_exit_exit
    rtexit.o(.ARM.exidx) refers (Special) to rtexit2.o(.ARM.Collect$$rtexit$$00000003) for __rt_exit_ls
    rtexit.o(.ARM.exidx) refers (Special) to rtexit2.o(.ARM.Collect$$rtexit$$00000002) for __rt_exit_prels_1
    rtexit.o(.ARM.exidx) refers to rtexit.o(.ARM.Collect$$rtexit$$00000000) for .ARM.Collect$$rtexit$$00000000
    __raise.o(.text) refers to defsig.o(CL$$defsig) for __default_signal_handler
    defsig_general.o(.text) refers to bsp_usart.o(i._ttywrch) for _ttywrch
    libshutdown2.o(.ARM.Collect$$libshutdown$$0000000F) refers (Weak) to term_alloc.o(.text) for _terminate_alloc
    trapv.o(x$fpl$trapveneer) refers (Special) to usenofp.o(x$fpl$usenofp) for __I$use$fp
    ldexp.o(i.__hardfp_ldexp) refers (Special) to usenofp.o(x$fpl$usenofp) for __I$use$fp
    ldexp.o(i.__hardfp_ldexp) refers to deqf.o(x$fpl$deqf) for __aeabi_cdcmpeq
    ldexp.o(i.__hardfp_ldexp) refers to scalbn.o(x$fpl$scalbn) for __ARM_scalbn
    ldexp.o(i.__hardfp_ldexp) refers to _rserrno.o(.text) for __set_errno
    ldexp.o(i.__hardfp_ldexp) refers to dunder.o(i.__mathlib_dbl_underflow) for __mathlib_dbl_underflow
    ldexp.o(i.__hardfp_ldexp) refers to dunder.o(i.__mathlib_dbl_overflow) for __mathlib_dbl_overflow
    ldexp.o(i.__softfp_ldexp) refers (Special) to usenofp.o(x$fpl$usenofp) for __I$use$fp
    ldexp.o(i.__softfp_ldexp) refers to ldexp.o(i.__hardfp_ldexp) for __hardfp_ldexp
    ldexp.o(i.__support_ldexp) refers (Special) to usenofp.o(x$fpl$usenofp) for __I$use$fp
    ldexp.o(i.__support_ldexp) refers to ldexp.o(i.__hardfp_ldexp) for __hardfp_ldexp
    ldexp.o(i.ldexp) refers (Special) to usenofp.o(x$fpl$usenofp) for __I$use$fp
    ldexp.o(i.ldexp) refers to ldexp.o(i.__hardfp_ldexp) for __hardfp_ldexp
    ldexp_x.o(i.____hardfp_ldexp$lsc) refers (Special) to usenofp.o(x$fpl$usenofp) for __I$use$fp
    ldexp_x.o(i.____hardfp_ldexp$lsc) refers to deqf.o(x$fpl$deqf) for __aeabi_cdcmpeq
    ldexp_x.o(i.____hardfp_ldexp$lsc) refers to scalbn.o(x$fpl$scalbn) for __ARM_scalbn
    ldexp_x.o(i.____hardfp_ldexp$lsc) refers to _rserrno.o(.text) for __set_errno
    ldexp_x.o(i.____hardfp_ldexp$lsc) refers to qnan.o(.constdata) for __mathlib_zero
    ldexp_x.o(i.____softfp_ldexp$lsc) refers (Special) to usenofp.o(x$fpl$usenofp) for __I$use$fp
    ldexp_x.o(i.____softfp_ldexp$lsc) refers to ldexp_x.o(i.____hardfp_ldexp$lsc) for ____hardfp_ldexp$lsc
    ldexp_x.o(i.____support_ldexp$lsc) refers (Special) to usenofp.o(x$fpl$usenofp) for __I$use$fp
    ldexp_x.o(i.____support_ldexp$lsc) refers to ldexp_x.o(i.____hardfp_ldexp$lsc) for ____hardfp_ldexp$lsc
    ldexp_x.o(i.__ldexp$lsc) refers (Special) to usenofp.o(x$fpl$usenofp) for __I$use$fp
    ldexp_x.o(i.__ldexp$lsc) refers to ldexp_x.o(i.____hardfp_ldexp$lsc) for ____hardfp_ldexp$lsc
    rtexit2.o(.ARM.Collect$$rtexit$$00000003) refers to libshutdown.o(.ARM.Collect$$libshutdown$$00000000) for __rt_lib_shutdown
    rtexit2.o(.ARM.Collect$$rtexit$$00000004) refers to bsp_usart.o(i._sys_exit) for _sys_exit
    rtexit2.o(.ARM.exidx) refers to rtexit2.o(.ARM.Collect$$rtexit$$00000001) for .ARM.Collect$$rtexit$$00000001
    rtexit2.o(.ARM.exidx) refers to rtexit2.o(.ARM.Collect$$rtexit$$00000003) for .ARM.Collect$$rtexit$$00000003
    rtexit2.o(.ARM.exidx) refers to rtexit2.o(.ARM.Collect$$rtexit$$00000004) for .ARM.Collect$$rtexit$$00000004
    defsig.o(CL$$defsig) refers to defsig_rtmem_inner.o(.text) for __rt_SIGRTMEM_inner
    defsig_abrt_inner.o(.text) refers to defsig_general.o(.text) for __default_signal_display
    defsig_fpe_inner.o(.text) refers to defsig_general.o(.text) for __default_signal_display
    defsig_rtred_inner.o(.text) refers to defsig_general.o(.text) for __default_signal_display
    defsig_stak_inner.o(.text) refers to defsig_general.o(.text) for __default_signal_display
    defsig_pvfn_inner.o(.text) refers to defsig_general.o(.text) for __default_signal_display
    defsig_cppl_inner.o(.text) refers to defsig_general.o(.text) for __default_signal_display
    defsig_segv_inner.o(.text) refers to defsig_general.o(.text) for __default_signal_display
    defsig_other.o(.text) refers to defsig_general.o(.text) for __default_signal_display
    libshutdown.o(.ARM.Collect$$libshutdown$$00000000) refers (Special) to libshutdown2.o(.ARM.Collect$$libshutdown$$00000004) for __rt_lib_shutdown_cpp_1
    libshutdown.o(.ARM.Collect$$libshutdown$$00000000) refers (Special) to libshutdown2.o(.ARM.Collect$$libshutdown$$00000002) for __rt_lib_shutdown_fini_1
    libshutdown.o(.ARM.Collect$$libshutdown$$00000000) refers (Special) to libshutdown2.o(.ARM.Collect$$libshutdown$$00000009) for __rt_lib_shutdown_fp_trap_1
    libshutdown.o(.ARM.Collect$$libshutdown$$00000000) refers (Special) to libshutdown2.o(.ARM.Collect$$libshutdown$$00000011) for __rt_lib_shutdown_heap_1
    libshutdown.o(.ARM.Collect$$libshutdown$$00000000) refers (Special) to libshutdown2.o(.ARM.Collect$$libshutdown$$00000012) for __rt_lib_shutdown_return
    libshutdown.o(.ARM.Collect$$libshutdown$$00000000) refers (Special) to libshutdown2.o(.ARM.Collect$$libshutdown$$0000000C) for __rt_lib_shutdown_signal_1
    libshutdown.o(.ARM.Collect$$libshutdown$$00000000) refers (Special) to libshutdown2.o(.ARM.Collect$$libshutdown$$00000006) for __rt_lib_shutdown_stdio_1
    libshutdown.o(.ARM.Collect$$libshutdown$$00000000) refers (Special) to libshutdown2.o(.ARM.Collect$$libshutdown$$0000000E) for __rt_lib_shutdown_user_alloc_1


==============================================================================

Removing Unused input sections from the image.

    Removing start.o(.rev16_text), (4 bytes).
    Removing start.o(.revsh_text), (4 bytes).
    Removing start.o(.emb_text), (16 bytes).
    Removing start.o(i.start_get_device_id), (24 bytes).
    Removing start.o(i.storagestack_task), (188 bytes).
    Removing start.o(.conststring), (95 bytes).
    Removing save.o(.rev16_text), (4 bytes).
    Removing save.o(.revsh_text), (4 bytes).
    Removing save.o(.emb_text), (16 bytes).
    Removing save.o(i.save_read_default_electricity), (6 bytes).
    Removing save.o(i.save_read_electricity_function), (132 bytes).
    Removing com.o(.rev16_text), (4 bytes).
    Removing com.o(.revsh_text), (4 bytes).
    Removing com.o(.emb_text), (16 bytes).
    Removing com.o(i.com_deal_configure_mac), (104 bytes).
    Removing com.o(i.com_deal_configure_server_ip_port), (96 bytes).
    Removing com.o(i.com_ipc_device_information), (6 bytes).
    Removing com.o(i.com_ipc_ip_information), (2 bytes).
    Removing com.o(i.com_is_queue_empty), (22 bytes).
    Removing com.o(i.com_set_device_reload_time_function), (44 bytes).
    Removing com.o(i.com_storage_cache_full_data), (30 bytes).
    Removing app.o(.rev16_text), (4 bytes).
    Removing app.o(.revsh_text), (4 bytes).
    Removing app.o(.emb_text), (16 bytes).
    Removing app.o(i.app_get_backups_param_function), (8 bytes).
    Removing app.o(i.app_get_com_heart_time), (12 bytes).
    Removing app.o(i.app_get_com_send_status_function), (12 bytes).
    Removing app.o(i.app_get_current_times), (8 bytes).
    Removing app.o(i.app_get_fault_code_function), (12 bytes).
    Removing app.o(i.app_get_update_status_function), (12 bytes).
    Removing app.o(i.app_opeare_relay_function), (32 bytes).
    Removing app.o(i.app_send_query_configuration_infor), (16 bytes).
    Removing app.o(i.app_set_local_network_function), (84 bytes).
    Removing app.o(i.app_set_next_report_time), (28 bytes).
    Removing app.o(i.app_sys_operate_relay), (104 bytes).
    Removing app.o(i.my_app_run_param_init), (2 bytes).
    Removing det.o(.rev16_text), (4 bytes).
    Removing det.o(.revsh_text), (4 bytes).
    Removing det.o(.emb_text), (16 bytes).
    Removing det.o(i.det_get_collect_data), (8 bytes).
    Removing eth.o(.rev16_text), (4 bytes).
    Removing eth.o(.revsh_text), (4 bytes).
    Removing eth.o(.emb_text), (16 bytes).
    Removing eth.o(i.eth_save_ipc_info), (56 bytes).
    Removing eth.o(i.eth_set_onvif_udp_connect_reset), (16 bytes).
    Removing eth.o(i.eth_set_udp_onvif_flag), (12 bytes).
    Removing gsm.o(.rev16_text), (4 bytes).
    Removing gsm.o(.revsh_text), (4 bytes).
    Removing gsm.o(.emb_text), (16 bytes).
    Removing gsm.o(i.gsm_data_send_function), (16 bytes).
    Removing gsm.o(i.gsm_task_timer_function), (124 bytes).
    Removing cjson.o(i.add_item_to_array), (54 bytes).
    Removing cjson.o(i.add_item_to_object), (122 bytes).
    Removing cjson.o(i.buffer_skip_whitespace), (72 bytes).
    Removing cjson.o(i.cJSON_AddArrayToObject), (48 bytes).
    Removing cjson.o(i.cJSON_AddBoolToObject), (52 bytes).
    Removing cjson.o(i.cJSON_AddFalseToObject), (48 bytes).
    Removing cjson.o(i.cJSON_AddItemReferenceToArray), (36 bytes).
    Removing cjson.o(i.cJSON_AddItemReferenceToObject), (48 bytes).
    Removing cjson.o(i.cJSON_AddItemToArray), (16 bytes).
    Removing cjson.o(i.cJSON_AddItemToObject), (32 bytes).
    Removing cjson.o(i.cJSON_AddItemToObjectCS), (32 bytes).
    Removing cjson.o(i.cJSON_AddNullToObject), (48 bytes).
    Removing cjson.o(i.cJSON_AddNumberToObject), (76 bytes).
    Removing cjson.o(i.cJSON_AddObjectToObject), (48 bytes).
    Removing cjson.o(i.cJSON_AddRawToObject), (52 bytes).
    Removing cjson.o(i.cJSON_AddStringToObject), (52 bytes).
    Removing cjson.o(i.cJSON_AddTrueToObject), (48 bytes).
    Removing cjson.o(i.cJSON_Compare), (378 bytes).
    Removing cjson.o(i.cJSON_CreateArray), (24 bytes).
    Removing cjson.o(i.cJSON_CreateArrayReference), (36 bytes).
    Removing cjson.o(i.cJSON_CreateBool), (32 bytes).
    Removing cjson.o(i.cJSON_CreateDoubleArray), (112 bytes).
    Removing cjson.o(i.cJSON_CreateFalse), (24 bytes).
    Removing cjson.o(i.cJSON_CreateFloatArray), (134 bytes).
    Removing cjson.o(i.cJSON_CreateIntArray), (124 bytes).
    Removing cjson.o(i.cJSON_CreateNull), (24 bytes).
    Removing cjson.o(i.cJSON_CreateNumber), (124 bytes).
    Removing cjson.o(i.cJSON_CreateObject), (24 bytes).
    Removing cjson.o(i.cJSON_CreateObjectReference), (36 bytes).
    Removing cjson.o(i.cJSON_CreateRaw), (52 bytes).
    Removing cjson.o(i.cJSON_CreateString), (52 bytes).
    Removing cjson.o(i.cJSON_CreateStringArray), (100 bytes).
    Removing cjson.o(i.cJSON_CreateStringReference), (36 bytes).
    Removing cjson.o(i.cJSON_CreateTrue), (24 bytes).
    Removing cjson.o(i.cJSON_Delete), (88 bytes).
    Removing cjson.o(i.cJSON_DeleteItemFromArray), (22 bytes).
    Removing cjson.o(i.cJSON_DeleteItemFromObject), (22 bytes).
    Removing cjson.o(i.cJSON_DeleteItemFromObjectCaseSensitive), (22 bytes).
    Removing cjson.o(i.cJSON_DetachItemFromArray), (34 bytes).
    Removing cjson.o(i.cJSON_DetachItemFromObject), (26 bytes).
    Removing cjson.o(i.cJSON_DetachItemFromObjectCaseSensitive), (26 bytes).
    Removing cjson.o(i.cJSON_DetachItemViaPointer), (64 bytes).
    Removing cjson.o(i.cJSON_Duplicate), (192 bytes).
    Removing cjson.o(i.cJSON_GetArrayItem), (24 bytes).
    Removing cjson.o(i.cJSON_GetArraySize), (28 bytes).
    Removing cjson.o(i.cJSON_GetErrorPtr), (16 bytes).
    Removing cjson.o(i.cJSON_GetNumberValue), (32 bytes).
    Removing cjson.o(i.cJSON_GetObjectItem), (18 bytes).
    Removing cjson.o(i.cJSON_GetObjectItemCaseSensitive), (18 bytes).
    Removing cjson.o(i.cJSON_GetStringValue), (20 bytes).
    Removing cjson.o(i.cJSON_HasObjectItem), (24 bytes).
    Removing cjson.o(i.cJSON_InsertItemInArray), (86 bytes).
    Removing cjson.o(i.cJSON_IsArray), (22 bytes).
    Removing cjson.o(i.cJSON_IsBool), (24 bytes).
    Removing cjson.o(i.cJSON_IsFalse), (20 bytes).
    Removing cjson.o(i.cJSON_IsInvalid), (20 bytes).
    Removing cjson.o(i.cJSON_IsNull), (22 bytes).
    Removing cjson.o(i.cJSON_IsNumber), (22 bytes).
    Removing cjson.o(i.cJSON_IsObject), (22 bytes).
    Removing cjson.o(i.cJSON_IsRaw), (22 bytes).
    Removing cjson.o(i.cJSON_IsString), (22 bytes).
    Removing cjson.o(i.cJSON_IsTrue), (22 bytes).
    Removing cjson.o(i.cJSON_Minify), (154 bytes).
    Removing cjson.o(i.cJSON_New_Item), (28 bytes).
    Removing cjson.o(i.cJSON_Parse), (16 bytes).
    Removing cjson.o(i.cJSON_ParseWithLength), (20 bytes).
    Removing cjson.o(i.cJSON_ParseWithLengthOpts), (212 bytes).
    Removing cjson.o(i.cJSON_ParseWithOpts), (40 bytes).
    Removing cjson.o(i.cJSON_Print), (20 bytes).
    Removing cjson.o(i.cJSON_PrintBuffered), (96 bytes).
    Removing cjson.o(i.cJSON_PrintPreallocated), (68 bytes).
    Removing cjson.o(i.cJSON_PrintUnformatted), (20 bytes).
    Removing cjson.o(i.cJSON_ReplaceItemInArray), (42 bytes).
    Removing cjson.o(i.cJSON_ReplaceItemInObject), (22 bytes).
    Removing cjson.o(i.cJSON_ReplaceItemInObjectCaseSensitive), (22 bytes).
    Removing cjson.o(i.cJSON_ReplaceItemViaPointer), (100 bytes).
    Removing cjson.o(i.cJSON_SetNumberHelper), (112 bytes).
    Removing cjson.o(i.cJSON_SetValuestring), (108 bytes).
    Removing cjson.o(i.cJSON_Version), (40 bytes).
    Removing cjson.o(i.cJSON_free), (20 bytes).
    Removing cjson.o(i.cJSON_malloc), (20 bytes).
    Removing cjson.o(i.cJSON_strdup), (56 bytes).
    Removing cjson.o(i.case_insensitive_strcmp), (72 bytes).
    Removing cjson.o(i.cast_away_const), (2 bytes).
    Removing cjson.o(i.compare_double), (200 bytes).
    Removing cjson.o(i.create_reference), (60 bytes).
    Removing cjson.o(i.ensure), (184 bytes).
    Removing cjson.o(i.get_array_item), (30 bytes).
    Removing cjson.o(i.get_decimal_point), (4 bytes).
    Removing cjson.o(i.get_object_item), (82 bytes).
    Removing cjson.o(i.minify_string), (116 bytes).
    Removing cjson.o(i.parse_array), (248 bytes).
    Removing cjson.o(i.parse_hex4), (90 bytes).
    Removing cjson.o(i.parse_number), (340 bytes).
    Removing cjson.o(i.parse_object), (318 bytes).
    Removing cjson.o(i.parse_string), (396 bytes).
    Removing cjson.o(i.parse_value), (316 bytes).
    Removing cjson.o(i.print), (180 bytes).
    Removing cjson.o(i.print_array), (178 bytes).
    Removing cjson.o(i.print_number), (356 bytes).
    Removing cjson.o(i.print_object), (372 bytes).
    Removing cjson.o(i.print_string), (16 bytes).
    Removing cjson.o(i.print_string_ptr), (372 bytes).
    Removing cjson.o(i.print_value), (260 bytes).
    Removing cjson.o(i.replace_item_in_object), (96 bytes).
    Removing cjson.o(i.skip_multiline_comment), (50 bytes).
    Removing cjson.o(i.skip_oneline_comment), (42 bytes).
    Removing cjson.o(i.skip_utf8_bom), (60 bytes).
    Removing cjson.o(i.suffix_object), (6 bytes).
    Removing cjson.o(i.update_offset), (36 bytes).
    Removing cjson.o(i.utf16_literal_to_utf8), (300 bytes).
    Removing cjson.o(.bss), (15 bytes).
    Removing crc.o(i.usMBCRC16), (56 bytes).
    Removing crc.o(i.usSumFunction), (28 bytes).
    Removing mycjson.o(.rev16_text), (4 bytes).
    Removing mycjson.o(.revsh_text), (4 bytes).
    Removing queue.o(.rev16_text), (4 bytes).
    Removing queue.o(.revsh_text), (4 bytes).
    Removing queue.o(i.Clear_Queue), (18 bytes).
    Removing queue.o(i.Dequeue_Bytes), (42 bytes).
    Removing queue.o(i.Dequeue_Bytes_To_Buffer), (46 bytes).
    Removing queue.o(i.Dequeue_One_Byte), (72 bytes).
    Removing queue.o(i.Enqueue_Bytes_From_Buffer), (46 bytes).
    Removing queue.o(i.Enqueue_One_Byte), (72 bytes).
    Removing queue.o(i.Get_Data_Size_Upto_Symbol), (136 bytes).
    Removing queue.o(i.Get_Queue_Count), (10 bytes).
    Removing queue.o(i.Init_Queue), (38 bytes).
    Removing queue.o(i.Judge_Dequeue_Count_Enough), (22 bytes).
    Removing queue.o(i.Judge_Enqueue_Count_Enough), (30 bytes).
    Removing queue.o(i.Judge_Queue_Empty), (20 bytes).
    Removing queue.o(i.Judge_Queue_Full), (28 bytes).
    Removing queue.o(i.Read_Bytes_To_Buffer), (64 bytes).
    Removing tool.o(.rev16_text), (4 bytes).
    Removing tool.o(.revsh_text), (4 bytes).
    Removing tool.o(i.FloatToString), (440 bytes).
    Removing tool.o(i.PrecisionHandle), (160 bytes).
    Removing mydecrypt.o(.rev16_text), (4 bytes).
    Removing mydecrypt.o(.revsh_text), (4 bytes).
    Removing mydecrypt.o(.emb_text), (16 bytes).
    Removing mydecrypt.o(i.AES_CBC_Decrypt), (76 bytes).
    Removing mydecrypt.o(i.AES_ECB_Decrypt), (152 bytes).
    Removing mydecrypt.o(i.RSA_Decrypt), (120 bytes).
    Removing myencrypt.o(.rev16_text), (4 bytes).
    Removing myencrypt.o(.revsh_text), (4 bytes).
    Removing myencrypt.o(.emb_text), (16 bytes).
    Removing myencrypt.o(i.AES_CBC_Encrypt), (76 bytes).
    Removing myencrypt.o(i.AES_ECB_Encrypt), (152 bytes).
    Removing myencrypt.o(i.MD5_HASH_Encrypt), (50 bytes).
    Removing myencrypt.o(i.RSA_Encrypt), (144 bytes).
    Removing myencrypt.o(i.SHA_Encrypt), (56 bytes).
    Removing md5.o(i.MD5Decode), (50 bytes).
    Removing md5.o(i.MD5Encode), (62 bytes).
    Removing md5.o(i.MD5Final), (84 bytes).
    Removing md5.o(i.MD5Init), (36 bytes).
    Removing md5.o(i.MD5Transform), (2004 bytes).
    Removing md5.o(i.MD5Update), (140 bytes).
    Removing md5.o(i.MD5_Encode), (46 bytes).
    Removing md5.o(.data), (64 bytes).
    Removing de_encode.o(.rev16_text), (4 bytes).
    Removing de_encode.o(.revsh_text), (4 bytes).
    Removing de_encode.o(i.GetNonce), (56 bytes).
    Removing de_encode.o(i.GetPasswordDigest), (62 bytes).
    Removing de_encode.o(i.StrToHex), (92 bytes).
    Removing de_encode.o(i.appendArray), (54 bytes).
    Removing de_encode.o(i.base64_decode), (240 bytes).
    Removing de_encode.o(i.base64_encode), (224 bytes).
    Removing de_encode.o(i.buildBytes), (96 bytes).
    Removing de_encode.o(i.charIndex), (28 bytes).
    Removing de_encode.o(i.sha1), (62 bytes).
    Removing de_encode.o(i.stohex), (90 bytes).
    Removing de_encode.o(.constdata), (1 bytes).
    Removing de_encode.o(.conststring), (65 bytes).
    Removing de_encode.o(.data), (4 bytes).
    Removing sha1.o(i.SHA1Input), (118 bytes).
    Removing sha1.o(i.SHA1PadMessage), (218 bytes).
    Removing sha1.o(i.SHA1ProcessMessageBlock), (584 bytes).
    Removing sha1.o(i.SHA1Reset), (64 bytes).
    Removing sha1.o(i.SHA1Result), (94 bytes).
    Removing sha1.o(.constdata), (16 bytes).
    Removing lan8720.o(.rev16_text), (4 bytes).
    Removing lan8720.o(.revsh_text), (4 bytes).
    Removing lan8720.o(i.LAN8720_Get_Duplex), (26 bytes).
    Removing lan8720.o(i.LAN8720_Get_Speed), (28 bytes).
    Removing aht20.o(.rev16_text), (4 bytes).
    Removing aht20.o(.revsh_text), (4 bytes).
    Removing aht20.o(.emb_text), (16 bytes).
    Removing aht20.o(i.aht20_test), (92 bytes).
    Removing aht20_drv.o(.rev16_text), (4 bytes).
    Removing aht20_drv.o(.revsh_text), (4 bytes).
    Removing w25qxx.o(.rev16_text), (4 bytes).
    Removing w25qxx.o(.revsh_text), (4 bytes).
    Removing w25qxx.o(.emb_text), (16 bytes).
    Removing w25qxx.o(i.W25QXX_PowerDown), (40 bytes).
    Removing w25qxx.o(i.W25QXX_WAKEUP), (40 bytes).
    Removing w25qxx.o(i.W25QXX_Write_Update_Param), (34 bytes).
    Removing w25qxx.o(i.w25qxx_test), (48 bytes).
    Removing bl0910_spi.o(.rev16_text), (4 bytes).
    Removing bl0910_spi.o(.revsh_text), (4 bytes).
    Removing bl0910_spi.o(i.bl0910_get_rec_data_function), (52 bytes).
    Removing bl0910_spi.o(i.bl0910_reset_numreg_function), (34 bytes).
    Removing bl0910_spi.o(i.bl0910_test), (112 bytes).
    Removing bl0942_spi.o(.rev16_text), (4 bytes).
    Removing bl0942_spi.o(.revsh_text), (4 bytes).
    Removing bl0942_spi.o(i.bl0942_get_rec_data_function), (52 bytes).
    Removing bl0942_spi.o(i.bl0942_test), (70 bytes).
    Removing bh1750.o(.rev16_text), (4 bytes).
    Removing bh1750.o(.revsh_text), (4 bytes).
    Removing bh1750.o(i.bh1750_test), (64 bytes).
    Removing atgm336h.o(.rev16_text), (4 bytes).
    Removing atgm336h.o(.revsh_text), (4 bytes).
    Removing atgm336h.o(.emb_text), (16 bytes).
    Removing atgm336h.o(i.ATGM338H_test), (592 bytes).
    Removing atgm336h.o(i.uart_gps_send_char), (28 bytes).
    Removing atgm336h.o(i.uart_gps_send_str), (28 bytes).
    Removing atgm336h.o(.conststring), (191 bytes).
    Removing bl0939_spi.o(.rev16_text), (4 bytes).
    Removing bl0939_spi.o(.revsh_text), (4 bytes).
    Removing bl0939_spi.o(i.Complement_3_Original), (30 bytes).
    Removing bl0939_spi.o(i.bl0939_analysis_data_function), (72 bytes).
    Removing bl0939_spi.o(i.bl0939_deal_read_data_function), (152 bytes).
    Removing bl0939_spi.o(i.bl0939_get_rec_data_function), (52 bytes).
    Removing bl0939_spi.o(i.bl0939_init_function), (36 bytes).
    Removing bl0939_spi.o(i.bl0939_read_reg_function), (120 bytes).
    Removing bl0939_spi.o(i.bl0939_repeat_function), (44 bytes).
    Removing bl0939_spi.o(i.bl0939_reset_numreg_function), (34 bytes).
    Removing bl0939_spi.o(i.bl0939_run_timer_function), (124 bytes).
    Removing bl0939_spi.o(i.bl0939_send_data_function), (100 bytes).
    Removing bl0939_spi.o(i.bl0939_send_over_function), (20 bytes).
    Removing bl0939_spi.o(i.bl0939_sending_data_function), (32 bytes).
    Removing bl0939_spi.o(i.bl0939_set_mode_function), (36 bytes).
    Removing bl0939_spi.o(i.bl0939_test), (42 bytes).
    Removing bl0939_spi.o(i.bl0939_work_process_function), (12 bytes).
    Removing bl0939_spi.o(i.bl0939_write_enable_function), (68 bytes).
    Removing bl0939_spi.o(i.bl0939_write_reg_function), (136 bytes).
    Removing bl0939_spi.o(.bss), (25 bytes).
    Removing bl0939_spi.o(.data), (12 bytes).
    Removing update.o(.rev16_text), (4 bytes).
    Removing update.o(.revsh_text), (4 bytes).
    Removing update.o(.emb_text), (16 bytes).
    Removing update.o(i.update_addr_ip), (52 bytes).
    Removing update.o(i.update_addr_port), (12 bytes).
    Removing update.o(.bss), (20 bytes).
    Removing update_gsm.o(.rev16_text), (4 bytes).
    Removing update_gsm.o(.revsh_text), (4 bytes).
    Removing update_gsm.o(.emb_text), (16 bytes).
    Removing update_lwip.o(.rev16_text), (4 bytes).
    Removing update_lwip.o(.revsh_text), (4 bytes).
    Removing update_lwip.o(.emb_text), (16 bytes).
    Removing update_http.o(.rev16_text), (4 bytes).
    Removing update_http.o(.revsh_text), (4 bytes).
    Removing update_http.o(.emb_text), (16 bytes).
    Removing gprs.o(.rev16_text), (4 bytes).
    Removing gprs.o(.revsh_text), (4 bytes).
    Removing gprs.o(i.gprs_get_infor_data_function), (8 bytes).
    Removing gprs.o(i.gprs_get_tcp_status), (12 bytes).
    Removing gprs.o(i.gprs_mult_network_connect_function), (148 bytes).
    Removing gprs.o(i.gprs_shutdown_function), (44 bytes).
    Removing gps.o(.rev16_text), (4 bytes).
    Removing gps.o(.revsh_text), (4 bytes).
    Removing gps.o(i.gps_close_function), (2 bytes).
    Removing gps.o(i.gps_read_position_information), (8 bytes).
    Removing gps.o(i.gps_start_function), (6 bytes).
    Removing gps.o(i.gps_status_monitor_function), (4 bytes).
    Removing print.o(.rev16_text), (4 bytes).
    Removing print.o(.revsh_text), (4 bytes).
    Removing print.o(.emb_text), (16 bytes).
    Removing print.o(i.print_getparam_fun), (30 bytes).
    Removing print.o(i.print_report_time_function), (40 bytes).
    Removing udp_multicast.o(.rev16_text), (4 bytes).
    Removing udp_multicast.o(.revsh_text), (4 bytes).
    Removing udp_multicast.o(.emb_text), (16 bytes).
    Removing main.o(.rev16_text), (4 bytes).
    Removing main.o(.revsh_text), (4 bytes).
    Removing main.o(.emb_text), (16 bytes).
    Removing stm32f4xx_it.o(.rev16_text), (4 bytes).
    Removing stm32f4xx_it.o(.revsh_text), (4 bytes).
    Removing system_stm32f4xx.o(.rev16_text), (4 bytes).
    Removing system_stm32f4xx.o(.revsh_text), (4 bytes).
    Removing system_stm32f4xx.o(i.SystemCoreClockUpdate), (192 bytes).
    Removing system_stm32f4xx.o(.data), (20 bytes).
    Removing delay.o(.rev16_text), (4 bytes).
    Removing delay.o(.revsh_text), (4 bytes).
    Removing sys.o(.rev16_text), (4 bytes).
    Removing sys.o(.revsh_text), (4 bytes).
    Removing sys.o(.emb_text), (16 bytes).
    Removing stmflash.o(.rev16_text), (4 bytes).
    Removing stmflash.o(.revsh_text), (4 bytes).
    Removing stmflash.o(i.Test_Write), (16 bytes).
    Removing bsp_core_dwt.o(.rev16_text), (4 bytes).
    Removing bsp_core_dwt.o(.revsh_text), (4 bytes).
    Removing bsp_core_dwt.o(i.bsp_Init_DWT), (40 bytes).
    Removing bsp_core_dwt.o(i.dwt_delay_ms), (18 bytes).
    Removing bsp_core_dwt.o(i.dwt_delay_us), (48 bytes).
    Removing bsp_usart.o(.rev16_text), (4 bytes).
    Removing bsp_usart.o(.revsh_text), (4 bytes).
    Removing bsp_usart.o(i.Usart_Send_Char), (24 bytes).
    Removing bsp_usart.o(i.Usart_Send_Str), (28 bytes).
    Removing bsp_usart.o(i.usart_test), (32 bytes).
    Removing bsp_iwdg.o(.rev16_text), (4 bytes).
    Removing bsp_iwdg.o(.revsh_text), (4 bytes).
    Removing bsp_led.o(.rev16_text), (4 bytes).
    Removing bsp_led.o(.revsh_text), (4 bytes).
    Removing bsp_led.o(i.led_test), (80 bytes).
    Removing bsp_key.o(.rev16_text), (4 bytes).
    Removing bsp_key.o(.revsh_text), (4 bytes).
    Removing bsp_key.o(.emb_text), (16 bytes).
    Removing bsp_key.o(i.bsp_InitKey), (100 bytes).
    Removing bsp_key.o(i.key_test), (272 bytes).
    Removing bsp_relay.o(.rev16_text), (4 bytes).
    Removing bsp_relay.o(.revsh_text), (4 bytes).
    Removing bsp_relay.o(i.relay_test), (76 bytes).
    Removing bsp_fan.o(.rev16_text), (4 bytes).
    Removing bsp_fan.o(.revsh_text), (4 bytes).
    Removing bsp_fan.o(i.fan_test), (32 bytes).
    Removing bsp_rtc.o(.rev16_text), (4 bytes).
    Removing bsp_rtc.o(.revsh_text), (4 bytes).
    Removing bsp_rtc.o(i.RTC_Get_Time_Test), (100 bytes).
    Removing bsp_rtc.o(i.time_to_second_function), (48 bytes).
    Removing bsp_rtc.o(.data), (8 bytes).
    Removing bsp_rng.o(.rev16_text), (4 bytes).
    Removing bsp_rng.o(.revsh_text), (4 bytes).
    Removing bsp_rng.o(i.RNG_Get_RandomNum), (28 bytes).
    Removing bsp_rng.o(i.RNG_Get_RandomRange), (24 bytes).
    Removing bsp_rng.o(i.rng_test), (76 bytes).
    Removing bsp_dma.o(.rev16_text), (4 bytes).
    Removing bsp_dma.o(.revsh_text), (4 bytes).
    Removing bsp_timer.o(.rev16_text), (4 bytes).
    Removing bsp_timer.o(.revsh_text), (4 bytes).
    Removing bsp_timer.o(.emb_text), (16 bytes).
    Removing bsp_spi_flash.o(.rev16_text), (4 bytes).
    Removing bsp_spi_flash.o(.revsh_text), (4 bytes).
    Removing bsp_rs485.o(.rev16_text), (4 bytes).
    Removing bsp_rs485.o(.revsh_text), (4 bytes).
    Removing bsp_rs485.o(i.rs485_send_char), (28 bytes).
    Removing bsp_rs485.o(i.rs485_send_str), (64 bytes).
    Removing bsp_rs485.o(i.rs485_test), (32 bytes).
    Removing bsp_rs485.o(.bss), (20 bytes).
    Removing bsp_rs485.o(.data), (2 bytes).
    Removing bsp_uart_gprs.o(.rev16_text), (4 bytes).
    Removing bsp_uart_gprs.o(.revsh_text), (4 bytes).
    Removing bsp_hspi_energy.o(.rev16_text), (4 bytes).
    Removing bsp_hspi_energy.o(.revsh_text), (4 bytes).
    Removing bsp_hspi_energy.o(i.HSPI_ReadWriteByte), (132 bytes).
    Removing bsp_hspi_energy.o(i.HSPI_test), (8 bytes).
    Removing bsp_hspi2_energy.o(.rev16_text), (4 bytes).
    Removing bsp_hspi2_energy.o(.revsh_text), (4 bytes).
    Removing bsp_hspi2_energy.o(i.HSPI2_ReadByte), (10 bytes).
    Removing bsp_sspi_bl0939.o(.rev16_text), (4 bytes).
    Removing bsp_sspi_bl0939.o(.revsh_text), (4 bytes).
    Removing bsp_sspi_bl0939.o(i.SSPI_ReadByte), (84 bytes).
    Removing bsp_sspi_bl0939.o(i.SSPI_ReadWriteByte), (132 bytes).
    Removing bsp_sspi_bl0939.o(i.SSPI_WriteByte), (84 bytes).
    Removing bsp_sspi_bl0939.o(i.SSPI_Write_Multi_Byte), (28 bytes).
    Removing bsp_sspi_bl0939.o(i.SSPI_test), (8 bytes).
    Removing bsp_sspi_bl0939.o(i.bsp_InitSSPI), (112 bytes).
    Removing bsp_sspi_bl0939.o(i.sspi_delay), (12 bytes).
    Removing misc.o(.rev16_text), (4 bytes).
    Removing misc.o(.revsh_text), (4 bytes).
    Removing misc.o(i.NVIC_SetVectorTable), (20 bytes).
    Removing misc.o(i.NVIC_SystemLPConfig), (32 bytes).
    Removing stm32f4xx_gpio.o(.rev16_text), (4 bytes).
    Removing stm32f4xx_gpio.o(.revsh_text), (4 bytes).
    Removing stm32f4xx_gpio.o(i.GPIO_DeInit), (312 bytes).
    Removing stm32f4xx_gpio.o(i.GPIO_PinLockConfig), (34 bytes).
    Removing stm32f4xx_gpio.o(i.GPIO_ReadInputData), (8 bytes).
    Removing stm32f4xx_gpio.o(i.GPIO_ReadOutputData), (8 bytes).
    Removing stm32f4xx_gpio.o(i.GPIO_StructInit), (18 bytes).
    Removing stm32f4xx_gpio.o(i.GPIO_ToggleBits), (8 bytes).
    Removing stm32f4xx_gpio.o(i.GPIO_Write), (4 bytes).
    Removing stm32f4xx_rcc.o(.rev16_text), (4 bytes).
    Removing stm32f4xx_rcc.o(.revsh_text), (4 bytes).
    Removing stm32f4xx_rcc.o(i.RCC_AHB1PeriphClockLPModeCmd), (32 bytes).
    Removing stm32f4xx_rcc.o(i.RCC_AHB2PeriphClockCmd), (32 bytes).
    Removing stm32f4xx_rcc.o(i.RCC_AHB2PeriphClockLPModeCmd), (32 bytes).
    Removing stm32f4xx_rcc.o(i.RCC_AHB2PeriphResetCmd), (32 bytes).
    Removing stm32f4xx_rcc.o(i.RCC_AHB3PeriphClockCmd), (32 bytes).
    Removing stm32f4xx_rcc.o(i.RCC_AHB3PeriphClockLPModeCmd), (32 bytes).
    Removing stm32f4xx_rcc.o(i.RCC_AHB3PeriphResetCmd), (32 bytes).
    Removing stm32f4xx_rcc.o(i.RCC_APB1PeriphClockLPModeCmd), (32 bytes).
    Removing stm32f4xx_rcc.o(i.RCC_APB2PeriphClockLPModeCmd), (32 bytes).
    Removing stm32f4xx_rcc.o(i.RCC_AdjustHSICalibrationValue), (24 bytes).
    Removing stm32f4xx_rcc.o(i.RCC_BackupResetCmd), (12 bytes).
    Removing stm32f4xx_rcc.o(i.RCC_ClearFlag), (20 bytes).
    Removing stm32f4xx_rcc.o(i.RCC_ClearITPendingBit), (12 bytes).
    Removing stm32f4xx_rcc.o(i.RCC_ClockSecuritySystemCmd), (12 bytes).
    Removing stm32f4xx_rcc.o(i.RCC_DeInit), (100 bytes).
    Removing stm32f4xx_rcc.o(i.RCC_GetITStatus), (24 bytes).
    Removing stm32f4xx_rcc.o(i.RCC_GetSYSCLKSource), (16 bytes).
    Removing stm32f4xx_rcc.o(i.RCC_HCLKConfig), (24 bytes).
    Removing stm32f4xx_rcc.o(i.RCC_HSEConfig), (16 bytes).
    Removing stm32f4xx_rcc.o(i.RCC_HSICmd), (12 bytes).
    Removing stm32f4xx_rcc.o(i.RCC_I2SCLKConfig), (12 bytes).
    Removing stm32f4xx_rcc.o(i.RCC_ITConfig), (32 bytes).
    Removing stm32f4xx_rcc.o(i.RCC_LSEConfig), (44 bytes).
    Removing stm32f4xx_rcc.o(i.RCC_LSEModeConfig), (36 bytes).
    Removing stm32f4xx_rcc.o(i.RCC_LTDCCLKDivConfig), (24 bytes).
    Removing stm32f4xx_rcc.o(i.RCC_MCO1Config), (28 bytes).
    Removing stm32f4xx_rcc.o(i.RCC_MCO2Config), (28 bytes).
    Removing stm32f4xx_rcc.o(i.RCC_PCLK1Config), (24 bytes).
    Removing stm32f4xx_rcc.o(i.RCC_PCLK2Config), (24 bytes).
    Removing stm32f4xx_rcc.o(i.RCC_PLLCmd), (12 bytes).
    Removing stm32f4xx_rcc.o(i.RCC_PLLConfig), (36 bytes).
    Removing stm32f4xx_rcc.o(i.RCC_PLLI2SCmd), (12 bytes).
    Removing stm32f4xx_rcc.o(i.RCC_PLLI2SConfig), (16 bytes).
    Removing stm32f4xx_rcc.o(i.RCC_PLLSAICmd), (12 bytes).
    Removing stm32f4xx_rcc.o(i.RCC_PLLSAIConfig), (24 bytes).
    Removing stm32f4xx_rcc.o(i.RCC_SAIBlockACLKConfig), (24 bytes).
    Removing stm32f4xx_rcc.o(i.RCC_SAIBlockBCLKConfig), (24 bytes).
    Removing stm32f4xx_rcc.o(i.RCC_SAIPLLI2SClkDivConfig), (28 bytes).
    Removing stm32f4xx_rcc.o(i.RCC_SAIPLLSAIClkDivConfig), (28 bytes).
    Removing stm32f4xx_rcc.o(i.RCC_SYSCLKConfig), (24 bytes).
    Removing stm32f4xx_rcc.o(i.RCC_TIMCLKPresConfig), (12 bytes).
    Removing stm32f4xx_rcc.o(i.RCC_WaitForHSEStartUp), (56 bytes).
    Removing stm32f4xx_syscfg.o(.rev16_text), (4 bytes).
    Removing stm32f4xx_syscfg.o(.revsh_text), (4 bytes).
    Removing stm32f4xx_syscfg.o(i.SYSCFG_CompensationCellCmd), (12 bytes).
    Removing stm32f4xx_syscfg.o(i.SYSCFG_DeInit), (22 bytes).
    Removing stm32f4xx_syscfg.o(i.SYSCFG_EXTILineConfig), (64 bytes).
    Removing stm32f4xx_syscfg.o(i.SYSCFG_GetCompensationCellStatus), (24 bytes).
    Removing stm32f4xx_syscfg.o(i.SYSCFG_MemoryRemapConfig), (12 bytes).
    Removing stm32f4xx_syscfg.o(i.SYSCFG_MemorySwappingBank), (12 bytes).
    Removing stm32f4xx_tim.o(.rev16_text), (4 bytes).
    Removing stm32f4xx_tim.o(.revsh_text), (4 bytes).
    Removing stm32f4xx_tim.o(i.TI1_Config), (58 bytes).
    Removing stm32f4xx_tim.o(i.TI2_Config), (80 bytes).
    Removing stm32f4xx_tim.o(i.TI3_Config), (72 bytes).
    Removing stm32f4xx_tim.o(i.TI4_Config), (80 bytes).
    Removing stm32f4xx_tim.o(i.TIM_ARRPreloadConfig), (24 bytes).
    Removing stm32f4xx_tim.o(i.TIM_BDTRConfig), (32 bytes).
    Removing stm32f4xx_tim.o(i.TIM_BDTRStructInit), (18 bytes).
    Removing stm32f4xx_tim.o(i.TIM_CCPreloadControl), (24 bytes).
    Removing stm32f4xx_tim.o(i.TIM_CCxCmd), (30 bytes).
    Removing stm32f4xx_tim.o(i.TIM_CCxNCmd), (30 bytes).
    Removing stm32f4xx_tim.o(i.TIM_ClearFlag), (6 bytes).
    Removing stm32f4xx_tim.o(i.TIM_ClearOC1Ref), (18 bytes).
    Removing stm32f4xx_tim.o(i.TIM_ClearOC2Ref), (24 bytes).
    Removing stm32f4xx_tim.o(i.TIM_ClearOC3Ref), (18 bytes).
    Removing stm32f4xx_tim.o(i.TIM_ClearOC4Ref), (24 bytes).
    Removing stm32f4xx_tim.o(i.TIM_CounterModeConfig), (18 bytes).
    Removing stm32f4xx_tim.o(i.TIM_CtrlPWMOutputs), (30 bytes).
    Removing stm32f4xx_tim.o(i.TIM_DMACmd), (18 bytes).
    Removing stm32f4xx_tim.o(i.TIM_DMAConfig), (10 bytes).
    Removing stm32f4xx_tim.o(i.TIM_DeInit), (400 bytes).
    Removing stm32f4xx_tim.o(i.TIM_ETRClockMode1Config), (54 bytes).
    Removing stm32f4xx_tim.o(i.TIM_ETRClockMode2Config), (32 bytes).
    Removing stm32f4xx_tim.o(i.TIM_ETRConfig), (28 bytes).
    Removing stm32f4xx_tim.o(i.TIM_EncoderInterfaceConfig), (66 bytes).
    Removing stm32f4xx_tim.o(i.TIM_ForcedOC1Config), (18 bytes).
    Removing stm32f4xx_tim.o(i.TIM_ForcedOC2Config), (26 bytes).
    Removing stm32f4xx_tim.o(i.TIM_ForcedOC3Config), (18 bytes).
    Removing stm32f4xx_tim.o(i.TIM_ForcedOC4Config), (26 bytes).
    Removing stm32f4xx_tim.o(i.TIM_GenerateEvent), (4 bytes).
    Removing stm32f4xx_tim.o(i.TIM_GetCapture1), (6 bytes).
    Removing stm32f4xx_tim.o(i.TIM_GetCapture2), (6 bytes).
    Removing stm32f4xx_tim.o(i.TIM_GetCapture3), (6 bytes).
    Removing stm32f4xx_tim.o(i.TIM_GetCapture4), (6 bytes).
    Removing stm32f4xx_tim.o(i.TIM_GetCounter), (6 bytes).
    Removing stm32f4xx_tim.o(i.TIM_GetFlagStatus), (18 bytes).
    Removing stm32f4xx_tim.o(i.TIM_GetPrescaler), (6 bytes).
    Removing stm32f4xx_tim.o(i.TIM_ICInit), (110 bytes).
    Removing stm32f4xx_tim.o(i.TIM_ICStructInit), (18 bytes).
    Removing stm32f4xx_tim.o(i.TIM_ITRxExternalClockConfig), (24 bytes).
    Removing stm32f4xx_tim.o(i.TIM_InternalClockConfig), (12 bytes).
    Removing stm32f4xx_tim.o(i.TIM_OC1FastConfig), (18 bytes).
    Removing stm32f4xx_tim.o(i.TIM_OC1Init), (124 bytes).
    Removing stm32f4xx_tim.o(i.TIM_OC1NPolarityConfig), (18 bytes).
    Removing stm32f4xx_tim.o(i.TIM_OC1PolarityConfig), (18 bytes).
    Removing stm32f4xx_tim.o(i.TIM_OC1PreloadConfig), (18 bytes).
    Removing stm32f4xx_tim.o(i.TIM_OC2FastConfig), (26 bytes).
    Removing stm32f4xx_tim.o(i.TIM_OC2Init), (164 bytes).
    Removing stm32f4xx_tim.o(i.TIM_OC2NPolarityConfig), (26 bytes).
    Removing stm32f4xx_tim.o(i.TIM_OC2PolarityConfig), (26 bytes).
    Removing stm32f4xx_tim.o(i.TIM_OC2PreloadConfig), (26 bytes).
    Removing stm32f4xx_tim.o(i.TIM_OC3FastConfig), (18 bytes).
    Removing stm32f4xx_tim.o(i.TIM_OC3Init), (160 bytes).
    Removing stm32f4xx_tim.o(i.TIM_OC3NPolarityConfig), (26 bytes).
    Removing stm32f4xx_tim.o(i.TIM_OC3PolarityConfig), (26 bytes).
    Removing stm32f4xx_tim.o(i.TIM_OC3PreloadConfig), (18 bytes).
    Removing stm32f4xx_tim.o(i.TIM_OC4FastConfig), (26 bytes).
    Removing stm32f4xx_tim.o(i.TIM_OC4Init), (120 bytes).
    Removing stm32f4xx_tim.o(i.TIM_OC4PolarityConfig), (26 bytes).
    Removing stm32f4xx_tim.o(i.TIM_OC4PreloadConfig), (26 bytes).
    Removing stm32f4xx_tim.o(i.TIM_OCStructInit), (20 bytes).
    Removing stm32f4xx_tim.o(i.TIM_PWMIConfig), (124 bytes).
    Removing stm32f4xx_tim.o(i.TIM_PrescalerConfig), (6 bytes).
    Removing stm32f4xx_tim.o(i.TIM_RemapConfig), (6 bytes).
    Removing stm32f4xx_tim.o(i.TIM_SelectCCDMA), (24 bytes).
    Removing stm32f4xx_tim.o(i.TIM_SelectCOM), (24 bytes).
    Removing stm32f4xx_tim.o(i.TIM_SelectHallSensor), (24 bytes).
    Removing stm32f4xx_tim.o(i.TIM_SelectInputTrigger), (18 bytes).
    Removing stm32f4xx_tim.o(i.TIM_SelectMasterSlaveMode), (18 bytes).
    Removing stm32f4xx_tim.o(i.TIM_SelectOCxM), (86 bytes).
    Removing stm32f4xx_tim.o(i.TIM_SelectOnePulseMode), (18 bytes).
    Removing stm32f4xx_tim.o(i.TIM_SelectOutputTrigger), (18 bytes).
    Removing stm32f4xx_tim.o(i.TIM_SelectSlaveMode), (18 bytes).
    Removing stm32f4xx_tim.o(i.TIM_SetAutoreload), (4 bytes).
    Removing stm32f4xx_tim.o(i.TIM_SetClockDivision), (18 bytes).
    Removing stm32f4xx_tim.o(i.TIM_SetCompare1), (4 bytes).
    Removing stm32f4xx_tim.o(i.TIM_SetCompare2), (4 bytes).
    Removing stm32f4xx_tim.o(i.TIM_SetCompare3), (4 bytes).
    Removing stm32f4xx_tim.o(i.TIM_SetCompare4), (4 bytes).
    Removing stm32f4xx_tim.o(i.TIM_SetCounter), (4 bytes).
    Removing stm32f4xx_tim.o(i.TIM_SetIC1Prescaler), (18 bytes).
    Removing stm32f4xx_tim.o(i.TIM_SetIC2Prescaler), (26 bytes).
    Removing stm32f4xx_tim.o(i.TIM_SetIC3Prescaler), (18 bytes).
    Removing stm32f4xx_tim.o(i.TIM_SetIC4Prescaler), (26 bytes).
    Removing stm32f4xx_tim.o(i.TIM_TIxExternalClockConfig), (62 bytes).
    Removing stm32f4xx_tim.o(i.TIM_TimeBaseStructInit), (18 bytes).
    Removing stm32f4xx_tim.o(i.TIM_UpdateDisableConfig), (24 bytes).
    Removing stm32f4xx_tim.o(i.TIM_UpdateRequestConfig), (24 bytes).
    Removing stm32f4xx_usart.o(.rev16_text), (4 bytes).
    Removing stm32f4xx_usart.o(.revsh_text), (4 bytes).
    Removing stm32f4xx_usart.o(i.USART_ClockInit), (32 bytes).
    Removing stm32f4xx_usart.o(i.USART_ClockStructInit), (12 bytes).
    Removing stm32f4xx_usart.o(i.USART_GetFlagStatus), (26 bytes).
    Removing stm32f4xx_usart.o(i.USART_HalfDuplexCmd), (24 bytes).
    Removing stm32f4xx_usart.o(i.USART_IrDACmd), (24 bytes).
    Removing stm32f4xx_usart.o(i.USART_IrDAConfig), (18 bytes).
    Removing stm32f4xx_usart.o(i.USART_LINBreakDetectLengthConfig), (18 bytes).
    Removing stm32f4xx_usart.o(i.USART_LINCmd), (24 bytes).
    Removing stm32f4xx_usart.o(i.USART_OneBitMethodCmd), (24 bytes).
    Removing stm32f4xx_usart.o(i.USART_OverSampling8Cmd), (22 bytes).
    Removing stm32f4xx_usart.o(i.USART_ReceiverWakeUpCmd), (24 bytes).
    Removing stm32f4xx_usart.o(i.USART_SendBreak), (10 bytes).
    Removing stm32f4xx_usart.o(i.USART_SendData), (8 bytes).
    Removing stm32f4xx_usart.o(i.USART_SetAddress), (18 bytes).
    Removing stm32f4xx_usart.o(i.USART_SetGuardTime), (16 bytes).
    Removing stm32f4xx_usart.o(i.USART_SetPrescaler), (16 bytes).
    Removing stm32f4xx_usart.o(i.USART_SmartCardCmd), (24 bytes).
    Removing stm32f4xx_usart.o(i.USART_SmartCardNACKCmd), (24 bytes).
    Removing stm32f4xx_usart.o(i.USART_StructInit), (24 bytes).
    Removing stm32f4xx_usart.o(i.USART_WakeUpConfig), (18 bytes).
    Removing stm32f4x7_eth.o(.rev16_text), (4 bytes).
    Removing stm32f4x7_eth.o(.revsh_text), (4 bytes).
    Removing stm32f4x7_eth.o(i.ETH_BackPressureActivationCmd), (36 bytes).
    Removing stm32f4x7_eth.o(i.ETH_CheckFrameReceived), (200 bytes).
    Removing stm32f4x7_eth.o(i.ETH_DMAClearFlag), (12 bytes).
    Removing stm32f4x7_eth.o(i.ETH_DMARxDescReceiveITConfig), (22 bytes).
    Removing stm32f4x7_eth.o(i.ETH_DMATxDescBufferSizeConfig), (14 bytes).
    Removing stm32f4x7_eth.o(i.ETH_DMATxDescCRCCmd), (22 bytes).
    Removing stm32f4x7_eth.o(i.ETH_DMATxDescFrameSegmentConfig), (8 bytes).
    Removing stm32f4x7_eth.o(i.ETH_DMATxDescSecondAddressChainedCmd), (22 bytes).
    Removing stm32f4x7_eth.o(i.ETH_DMATxDescShortFramePaddingCmd), (22 bytes).
    Removing stm32f4x7_eth.o(i.ETH_DMATxDescTransmitITConfig), (22 bytes).
    Removing stm32f4x7_eth.o(i.ETH_EnhancedDescriptorCmd), (36 bytes).
    Removing stm32f4x7_eth.o(i.ETH_GetBufferUnavailableMissedFrameCounter), (12 bytes).
    Removing stm32f4x7_eth.o(i.ETH_GetCurrentRxBufferAddress), (12 bytes).
    Removing stm32f4x7_eth.o(i.ETH_GetCurrentRxDescStartAddress), (12 bytes).
    Removing stm32f4x7_eth.o(i.ETH_GetCurrentTxBufferAddress), (12 bytes).
    Removing stm32f4x7_eth.o(i.ETH_GetCurrentTxDescStartAddress), (12 bytes).
    Removing stm32f4x7_eth.o(i.ETH_GetDMAFlagStatus), (24 bytes).
    Removing stm32f4x7_eth.o(i.ETH_GetDMAITStatus), (24 bytes).
    Removing stm32f4x7_eth.o(i.ETH_GetDMAOverflowStatus), (24 bytes).
    Removing stm32f4x7_eth.o(i.ETH_GetDMAPTPRxDescExtendedFlagStatus), (18 bytes).
    Removing stm32f4x7_eth.o(i.ETH_GetDMARxDescBufferSize), (20 bytes).
    Removing stm32f4x7_eth.o(i.ETH_GetDMARxDescFlagStatus), (18 bytes).
    Removing stm32f4x7_eth.o(i.ETH_GetDMATxDescCollisionCount), (10 bytes).
    Removing stm32f4x7_eth.o(i.ETH_GetDMATxDescFlagStatus), (18 bytes).
    Removing stm32f4x7_eth.o(i.ETH_GetFlowControlBusyStatus), (24 bytes).
    Removing stm32f4x7_eth.o(i.ETH_GetFlushTransmitFIFOStatus), (24 bytes).
    Removing stm32f4x7_eth.o(i.ETH_GetMACAddress), (40 bytes).
    Removing stm32f4x7_eth.o(i.ETH_GetMACFlagStatus), (24 bytes).
    Removing stm32f4x7_eth.o(i.ETH_GetMACITStatus), (24 bytes).
    Removing stm32f4x7_eth.o(i.ETH_GetMMCITStatus), (68 bytes).
    Removing stm32f4x7_eth.o(i.ETH_GetMMCRegister), (12 bytes).
    Removing stm32f4x7_eth.o(i.ETH_GetPMTFlagStatus), (24 bytes).
    Removing stm32f4x7_eth.o(i.ETH_GetReceiveProcessState), (16 bytes).
    Removing stm32f4x7_eth.o(i.ETH_GetRxOverflowMissedFrameCounter), (16 bytes).
    Removing stm32f4x7_eth.o(i.ETH_GetTransmitProcessState), (16 bytes).
    Removing stm32f4x7_eth.o(i.ETH_Get_Received_Frame), (92 bytes).
    Removing stm32f4x7_eth.o(i.ETH_Get_Received_Frame_interrupt), (276 bytes).
    Removing stm32f4x7_eth.o(i.ETH_GlobalUnicastWakeUpCmd), (36 bytes).
    Removing stm32f4x7_eth.o(i.ETH_InitiatePauseControlFrame), (20 bytes).
    Removing stm32f4x7_eth.o(i.ETH_MACAddressFilterConfig), (44 bytes).
    Removing stm32f4x7_eth.o(i.ETH_MACAddressMaskBytesFilterConfig), (36 bytes).
    Removing stm32f4x7_eth.o(i.ETH_MACAddressPerfectFilterCmd), (44 bytes).
    Removing stm32f4x7_eth.o(i.ETH_MACITConfig), (32 bytes).
    Removing stm32f4x7_eth.o(i.ETH_MMCCounterFreezeCmd), (44 bytes).
    Removing stm32f4x7_eth.o(i.ETH_MMCCounterFullPreset), (24 bytes).
    Removing stm32f4x7_eth.o(i.ETH_MMCCounterHalfPreset), (40 bytes).
    Removing stm32f4x7_eth.o(i.ETH_MMCCounterRolloverCmd), (44 bytes).
    Removing stm32f4x7_eth.o(i.ETH_MMCCountersReset), (24 bytes).
    Removing stm32f4x7_eth.o(i.ETH_MMCITConfig), (84 bytes).
    Removing stm32f4x7_eth.o(i.ETH_MMCResetOnReadCmd), (44 bytes).
    Removing stm32f4x7_eth.o(i.ETH_MagicPacketDetectionCmd), (36 bytes).
    Removing stm32f4x7_eth.o(i.ETH_PHYLoopBackCmd), (52 bytes).
    Removing stm32f4x7_eth.o(i.ETH_PowerDownCmd), (36 bytes).
    Removing stm32f4x7_eth.o(i.ETH_Prepare_Transmit_Descriptors), (232 bytes).
    Removing stm32f4x7_eth.o(i.ETH_ResetWakeUpFrameFilterRegisterPointer), (20 bytes).
    Removing stm32f4x7_eth.o(i.ETH_ResumeDMAReception), (12 bytes).
    Removing stm32f4x7_eth.o(i.ETH_ResumeDMATransmission), (12 bytes).
    Removing stm32f4x7_eth.o(i.ETH_SetDMARxDescOwnBit), (10 bytes).
    Removing stm32f4x7_eth.o(i.ETH_SetDMATxDescOwnBit), (10 bytes).
    Removing stm32f4x7_eth.o(i.ETH_SetReceiveWatchdogTimer), (12 bytes).
    Removing stm32f4x7_eth.o(i.ETH_SetWakeUpFrameFilterRegister), (28 bytes).
    Removing stm32f4x7_eth.o(i.ETH_WakeUpFrameDetectionCmd), (36 bytes).
    Removing stm32f4xx_adc.o(.rev16_text), (4 bytes).
    Removing stm32f4xx_adc.o(.revsh_text), (4 bytes).
    Removing stm32f4xx_adc.o(i.ADC_AnalogWatchdogCmd), (20 bytes).
    Removing stm32f4xx_adc.o(i.ADC_AnalogWatchdogSingleChannelConfig), (16 bytes).
    Removing stm32f4xx_adc.o(i.ADC_AnalogWatchdogThresholdsConfig), (6 bytes).
    Removing stm32f4xx_adc.o(i.ADC_AutoInjectedConvCmd), (22 bytes).
    Removing stm32f4xx_adc.o(i.ADC_ClearFlag), (6 bytes).
    Removing stm32f4xx_adc.o(i.ADC_ClearITPendingBit), (10 bytes).
    Removing stm32f4xx_adc.o(i.ADC_Cmd), (22 bytes).
    Removing stm32f4xx_adc.o(i.ADC_CommonInit), (48 bytes).
    Removing stm32f4xx_adc.o(i.ADC_CommonStructInit), (12 bytes).
    Removing stm32f4xx_adc.o(i.ADC_ContinuousModeCmd), (22 bytes).
    Removing stm32f4xx_adc.o(i.ADC_DMACmd), (22 bytes).
    Removing stm32f4xx_adc.o(i.ADC_DMARequestAfterLastTransferCmd), (22 bytes).
    Removing stm32f4xx_adc.o(i.ADC_DeInit), (22 bytes).
    Removing stm32f4xx_adc.o(i.ADC_DiscModeChannelCountConfig), (24 bytes).
    Removing stm32f4xx_adc.o(i.ADC_DiscModeCmd), (22 bytes).
    Removing stm32f4xx_adc.o(i.ADC_EOCOnEachRegularChannelCmd), (22 bytes).
    Removing stm32f4xx_adc.o(i.ADC_ExternalTrigInjectedConvConfig), (16 bytes).
    Removing stm32f4xx_adc.o(i.ADC_ExternalTrigInjectedConvEdgeConfig), (16 bytes).
    Removing stm32f4xx_adc.o(i.ADC_GetConversionValue), (8 bytes).
    Removing stm32f4xx_adc.o(i.ADC_GetFlagStatus), (18 bytes).
    Removing stm32f4xx_adc.o(i.ADC_GetITStatus), (38 bytes).
    Removing stm32f4xx_adc.o(i.ADC_GetInjectedConversionValue), (28 bytes).
    Removing stm32f4xx_adc.o(i.ADC_GetMultiModeConversionValue), (12 bytes).
    Removing stm32f4xx_adc.o(i.ADC_GetSoftwareStartConvStatus), (20 bytes).
    Removing stm32f4xx_adc.o(i.ADC_GetSoftwareStartInjectedConvCmdStatus), (20 bytes).
    Removing stm32f4xx_adc.o(i.ADC_ITConfig), (32 bytes).
    Removing stm32f4xx_adc.o(i.ADC_Init), (84 bytes).
    Removing stm32f4xx_adc.o(i.ADC_InjectedChannelConfig), (130 bytes).
    Removing stm32f4xx_adc.o(i.ADC_InjectedDiscModeCmd), (22 bytes).
    Removing stm32f4xx_adc.o(i.ADC_InjectedSequencerLengthConfig), (24 bytes).
    Removing stm32f4xx_adc.o(i.ADC_MultiModeDMARequestAfterLastTransferCmd), (44 bytes).
    Removing stm32f4xx_adc.o(i.ADC_RegularChannelConfig), (184 bytes).
    Removing stm32f4xx_adc.o(i.ADC_SetInjectedOffset), (20 bytes).
    Removing stm32f4xx_adc.o(i.ADC_SoftwareStartConv), (10 bytes).
    Removing stm32f4xx_adc.o(i.ADC_SoftwareStartInjectedConv), (10 bytes).
    Removing stm32f4xx_adc.o(i.ADC_StructInit), (20 bytes).
    Removing stm32f4xx_adc.o(i.ADC_TempSensorVrefintCmd), (44 bytes).
    Removing stm32f4xx_adc.o(i.ADC_VBATCmd), (44 bytes).
    Removing stm32f4xx_dma.o(.rev16_text), (4 bytes).
    Removing stm32f4xx_dma.o(.revsh_text), (4 bytes).
    Removing stm32f4xx_dma.o(i.DMA_ClearFlag), (52 bytes).
    Removing stm32f4xx_dma.o(i.DMA_ClearITPendingBit), (52 bytes).
    Removing stm32f4xx_dma.o(i.DMA_DoubleBufferModeCmd), (22 bytes).
    Removing stm32f4xx_dma.o(i.DMA_DoubleBufferModeConfig), (24 bytes).
    Removing stm32f4xx_dma.o(i.DMA_FlowControllerConfig), (22 bytes).
    Removing stm32f4xx_dma.o(i.DMA_GetCurrentMemoryTarget), (20 bytes).
    Removing stm32f4xx_dma.o(i.DMA_GetFIFOStatus), (12 bytes).
    Removing stm32f4xx_dma.o(i.DMA_GetFlagStatus), (68 bytes).
    Removing stm32f4xx_dma.o(i.DMA_GetITStatus), (100 bytes).
    Removing stm32f4xx_dma.o(i.DMA_ITConfig), (58 bytes).
    Removing stm32f4xx_dma.o(i.DMA_MemoryTargetConfig), (10 bytes).
    Removing stm32f4xx_dma.o(i.DMA_PeriphIncOffsetSizeConfig), (22 bytes).
    Removing stm32f4xx_dma.o(i.DMA_StructInit), (34 bytes).
    Removing stm32f4xx_rtc.o(.rev16_text), (4 bytes).
    Removing stm32f4xx_rtc.o(.revsh_text), (4 bytes).
    Removing stm32f4xx_rtc.o(i.RTC_AlarmStructInit), (22 bytes).
    Removing stm32f4xx_rtc.o(i.RTC_AlarmSubSecondConfig), (52 bytes).
    Removing stm32f4xx_rtc.o(i.RTC_BypassShadowCmd), (60 bytes).
    Removing stm32f4xx_rtc.o(i.RTC_CalibOutputCmd), (60 bytes).
    Removing stm32f4xx_rtc.o(i.RTC_CalibOutputConfig), (48 bytes).
    Removing stm32f4xx_rtc.o(i.RTC_CoarseCalibCmd), (80 bytes).
    Removing stm32f4xx_rtc.o(i.RTC_CoarseCalibConfig), (56 bytes).
    Removing stm32f4xx_rtc.o(i.RTC_DateStructInit), (14 bytes).
    Removing stm32f4xx_rtc.o(i.RTC_DayLightSavingConfig), (56 bytes).
    Removing stm32f4xx_rtc.o(i.RTC_DeInit), (212 bytes).
    Removing stm32f4xx_rtc.o(i.RTC_GetAlarm), (116 bytes).
    Removing stm32f4xx_rtc.o(i.RTC_GetAlarmSubSecond), (36 bytes).
    Removing stm32f4xx_rtc.o(i.RTC_GetFlagStatus), (40 bytes).
    Removing stm32f4xx_rtc.o(i.RTC_GetStoreOperation), (16 bytes).
    Removing stm32f4xx_rtc.o(i.RTC_GetSubSecond), (20 bytes).
    Removing stm32f4xx_rtc.o(i.RTC_GetTimeStamp), (156 bytes).
    Removing stm32f4xx_rtc.o(i.RTC_GetTimeStampSubSecond), (12 bytes).
    Removing stm32f4xx_rtc.o(i.RTC_GetWakeUpCounter), (12 bytes).
    Removing stm32f4xx_rtc.o(i.RTC_OutputConfig), (56 bytes).
    Removing stm32f4xx_rtc.o(i.RTC_OutputTypeConfig), (28 bytes).
    Removing stm32f4xx_rtc.o(i.RTC_RefClockCmd), (80 bytes).
    Removing stm32f4xx_rtc.o(i.RTC_SetWakeUpCounter), (28 bytes).
    Removing stm32f4xx_rtc.o(i.RTC_SmoothCalibConfig), (96 bytes).
    Removing stm32f4xx_rtc.o(i.RTC_StructInit), (14 bytes).
    Removing stm32f4xx_rtc.o(i.RTC_SynchroShiftConfig), (124 bytes).
    Removing stm32f4xx_rtc.o(i.RTC_TamperCmd), (32 bytes).
    Removing stm32f4xx_rtc.o(i.RTC_TamperFilterConfig), (28 bytes).
    Removing stm32f4xx_rtc.o(i.RTC_TamperPinSelection), (28 bytes).
    Removing stm32f4xx_rtc.o(i.RTC_TamperPinsPrechargeDuration), (28 bytes).
    Removing stm32f4xx_rtc.o(i.RTC_TamperPullUpCmd), (36 bytes).
    Removing stm32f4xx_rtc.o(i.RTC_TamperSamplingFreqConfig), (28 bytes).
    Removing stm32f4xx_rtc.o(i.RTC_TamperTriggerConfig), (36 bytes).
    Removing stm32f4xx_rtc.o(i.RTC_TimeStampCmd), (56 bytes).
    Removing stm32f4xx_rtc.o(i.RTC_TimeStampOnTamperDetectionCmd), (36 bytes).
    Removing stm32f4xx_rtc.o(i.RTC_TimeStampPinSelection), (28 bytes).
    Removing stm32f4xx_rtc.o(i.RTC_TimeStructInit), (12 bytes).
    Removing stm32f4xx_rtc.o(i.RTC_WakeUpClockConfig), (48 bytes).
    Removing stm32f4xx_rtc.o(i.RTC_WakeUpCmd), (120 bytes).
    Removing stm32f4xx_rtc.o(i.RTC_WriteProtectionCmd), (28 bytes).
    Removing stm32f4xx_exti.o(.rev16_text), (4 bytes).
    Removing stm32f4xx_exti.o(.revsh_text), (4 bytes).
    Removing stm32f4xx_exti.o(i.EXTI_ClearFlag), (12 bytes).
    Removing stm32f4xx_exti.o(i.EXTI_DeInit), (36 bytes).
    Removing stm32f4xx_exti.o(i.EXTI_GenerateSWInterrupt), (16 bytes).
    Removing stm32f4xx_exti.o(i.EXTI_GetFlagStatus), (24 bytes).
    Removing stm32f4xx_exti.o(i.EXTI_GetITStatus), (24 bytes).
    Removing stm32f4xx_exti.o(i.EXTI_StructInit), (16 bytes).
    Removing stm32f4xx_pwr.o(.rev16_text), (4 bytes).
    Removing stm32f4xx_pwr.o(.revsh_text), (4 bytes).
    Removing stm32f4xx_pwr.o(i.PWR_BackupRegulatorCmd), (12 bytes).
    Removing stm32f4xx_pwr.o(i.PWR_ClearFlag), (20 bytes).
    Removing stm32f4xx_pwr.o(i.PWR_DeInit), (22 bytes).
    Removing stm32f4xx_pwr.o(i.PWR_EnterSTANDBYMode), (40 bytes).
    Removing stm32f4xx_pwr.o(i.PWR_EnterSTOPMode), (68 bytes).
    Removing stm32f4xx_pwr.o(i.PWR_EnterUnderDriveSTOPMode), (68 bytes).
    Removing stm32f4xx_pwr.o(i.PWR_FlashPowerDownCmd), (12 bytes).
    Removing stm32f4xx_pwr.o(i.PWR_GetFlagStatus), (24 bytes).
    Removing stm32f4xx_pwr.o(i.PWR_LowRegulatorLowVoltageCmd), (24 bytes).
    Removing stm32f4xx_pwr.o(i.PWR_MainRegulatorLowVoltageCmd), (24 bytes).
    Removing stm32f4xx_pwr.o(i.PWR_MainRegulatorModeConfig), (24 bytes).
    Removing stm32f4xx_pwr.o(i.PWR_OverDriveCmd), (12 bytes).
    Removing stm32f4xx_pwr.o(i.PWR_OverDriveSWCmd), (12 bytes).
    Removing stm32f4xx_pwr.o(i.PWR_PVDCmd), (12 bytes).
    Removing stm32f4xx_pwr.o(i.PWR_PVDLevelConfig), (24 bytes).
    Removing stm32f4xx_pwr.o(i.PWR_UnderDriveCmd), (36 bytes).
    Removing stm32f4xx_pwr.o(i.PWR_WakeUpPinCmd), (12 bytes).
    Removing stm32f4xx_flash.o(.rev16_text), (4 bytes).
    Removing stm32f4xx_flash.o(.revsh_text), (4 bytes).
    Removing stm32f4xx_flash.o(i.FLASH_DataCacheReset), (20 bytes).
    Removing stm32f4xx_flash.o(i.FLASH_EraseAllBank1Sectors), (108 bytes).
    Removing stm32f4xx_flash.o(i.FLASH_EraseAllBank2Sectors), (108 bytes).
    Removing stm32f4xx_flash.o(i.FLASH_EraseAllSectors), (108 bytes).
    Removing stm32f4xx_flash.o(i.FLASH_GetFlagStatus), (24 bytes).
    Removing stm32f4xx_flash.o(i.FLASH_ITConfig), (32 bytes).
    Removing stm32f4xx_flash.o(i.FLASH_InstructionCacheCmd), (36 bytes).
    Removing stm32f4xx_flash.o(i.FLASH_InstructionCacheReset), (20 bytes).
    Removing stm32f4xx_flash.o(i.FLASH_OB_BORConfig), (28 bytes).
    Removing stm32f4xx_flash.o(i.FLASH_OB_BootConfig), (28 bytes).
    Removing stm32f4xx_flash.o(i.FLASH_OB_GetBOR), (16 bytes).
    Removing stm32f4xx_flash.o(i.FLASH_OB_GetPCROP), (12 bytes).
    Removing stm32f4xx_flash.o(i.FLASH_OB_GetPCROP1), (12 bytes).
    Removing stm32f4xx_flash.o(i.FLASH_OB_GetRDP), (24 bytes).
    Removing stm32f4xx_flash.o(i.FLASH_OB_GetUser), (16 bytes).
    Removing stm32f4xx_flash.o(i.FLASH_OB_GetWRP), (12 bytes).
    Removing stm32f4xx_flash.o(i.FLASH_OB_GetWRP1), (12 bytes).
    Removing stm32f4xx_flash.o(i.FLASH_OB_Launch), (32 bytes).
    Removing stm32f4xx_flash.o(i.FLASH_OB_Lock), (20 bytes).
    Removing stm32f4xx_flash.o(i.FLASH_OB_PCROP1Config), (52 bytes).
    Removing stm32f4xx_flash.o(i.FLASH_OB_PCROPConfig), (52 bytes).
    Removing stm32f4xx_flash.o(i.FLASH_OB_PCROPSelectionConfig), (24 bytes).
    Removing stm32f4xx_flash.o(i.FLASH_OB_RDPConfig), (28 bytes).
    Removing stm32f4xx_flash.o(i.FLASH_OB_Unlock), (36 bytes).
    Removing stm32f4xx_flash.o(i.FLASH_OB_UserConfig), (48 bytes).
    Removing stm32f4xx_flash.o(i.FLASH_OB_WRP1Config), (52 bytes).
    Removing stm32f4xx_flash.o(i.FLASH_OB_WRPConfig), (52 bytes).
    Removing stm32f4xx_flash.o(i.FLASH_PrefetchBufferCmd), (36 bytes).
    Removing stm32f4xx_flash.o(i.FLASH_ProgramByte), (76 bytes).
    Removing stm32f4xx_flash.o(i.FLASH_ProgramDoubleWord), (84 bytes).
    Removing stm32f4xx_flash.o(i.FLASH_ProgramHalfWord), (80 bytes).
    Removing stm32f4xx_flash.o(i.FLASH_SetLatency), (12 bytes).
    Removing stm32f4xx_iwdg.o(.rev16_text), (4 bytes).
    Removing stm32f4xx_iwdg.o(.revsh_text), (4 bytes).
    Removing stm32f4xx_iwdg.o(i.IWDG_Enable), (16 bytes).
    Removing stm32f4xx_iwdg.o(i.IWDG_GetFlagStatus), (24 bytes).
    Removing stm32f4xx_iwdg.o(i.IWDG_ReloadCounter), (16 bytes).
    Removing stm32f4xx_iwdg.o(i.IWDG_SetPrescaler), (12 bytes).
    Removing stm32f4xx_iwdg.o(i.IWDG_SetReload), (12 bytes).
    Removing stm32f4xx_iwdg.o(i.IWDG_WriteAccessCmd), (12 bytes).
    Removing stm32f4xx_spi.o(.rev16_text), (4 bytes).
    Removing stm32f4xx_spi.o(.revsh_text), (4 bytes).
    Removing stm32f4xx_spi.o(i.I2S_Cmd), (24 bytes).
    Removing stm32f4xx_spi.o(i.I2S_FullDuplexConfig), (80 bytes).
    Removing stm32f4xx_spi.o(i.I2S_Init), (408 bytes).
    Removing stm32f4xx_spi.o(i.I2S_StructInit), (20 bytes).
    Removing stm32f4xx_spi.o(i.SPI_BiDirectionalLineConfig), (28 bytes).
    Removing stm32f4xx_spi.o(i.SPI_CalculateCRC), (24 bytes).
    Removing stm32f4xx_spi.o(i.SPI_DataSizeConfig), (18 bytes).
    Removing stm32f4xx_spi.o(i.SPI_GetCRC), (16 bytes).
    Removing stm32f4xx_spi.o(i.SPI_GetCRCPolynomial), (6 bytes).
    Removing stm32f4xx_spi.o(i.SPI_I2S_ClearFlag), (6 bytes).
    Removing stm32f4xx_spi.o(i.SPI_I2S_ClearITPendingBit), (20 bytes).
    Removing stm32f4xx_spi.o(i.SPI_I2S_DMACmd), (18 bytes).
    Removing stm32f4xx_spi.o(i.SPI_I2S_DeInit), (176 bytes).
    Removing stm32f4xx_spi.o(i.SPI_I2S_GetFlagStatus), (18 bytes).
    Removing stm32f4xx_spi.o(i.SPI_I2S_GetITStatus), (52 bytes).
    Removing stm32f4xx_spi.o(i.SPI_I2S_ITConfig), (32 bytes).
    Removing stm32f4xx_spi.o(i.SPI_I2S_ReceiveData), (6 bytes).
    Removing stm32f4xx_spi.o(i.SPI_I2S_SendData), (4 bytes).
    Removing stm32f4xx_spi.o(i.SPI_NSSInternalSoftwareConfig), (30 bytes).
    Removing stm32f4xx_spi.o(i.SPI_SSOutputCmd), (24 bytes).
    Removing stm32f4xx_spi.o(i.SPI_StructInit), (24 bytes).
    Removing stm32f4xx_spi.o(i.SPI_TIModeCmd), (24 bytes).
    Removing stm32f4xx_spi.o(i.SPI_TransmitCRC), (10 bytes).
    Removing stm32f4xx_rng.o(.rev16_text), (4 bytes).
    Removing stm32f4xx_rng.o(.revsh_text), (4 bytes).
    Removing stm32f4xx_rng.o(i.RNG_ClearFlag), (16 bytes).
    Removing stm32f4xx_rng.o(i.RNG_ClearITPendingBit), (16 bytes).
    Removing stm32f4xx_rng.o(i.RNG_Cmd), (36 bytes).
    Removing stm32f4xx_rng.o(i.RNG_DeInit), (20 bytes).
    Removing stm32f4xx_rng.o(i.RNG_GetFlagStatus), (24 bytes).
    Removing stm32f4xx_rng.o(i.RNG_GetITStatus), (24 bytes).
    Removing stm32f4xx_rng.o(i.RNG_GetRandomNumber), (12 bytes).
    Removing stm32f4xx_rng.o(i.RNG_ITConfig), (36 bytes).
    Removing stm32f4xx_crc.o(.rev16_text), (4 bytes).
    Removing stm32f4xx_crc.o(.revsh_text), (4 bytes).
    Removing stm32f4xx_crc.o(i.CRC_CalcBlockCRC), (36 bytes).
    Removing stm32f4xx_crc.o(i.CRC_CalcCRC), (16 bytes).
    Removing stm32f4xx_crc.o(i.CRC_GetCRC), (12 bytes).
    Removing stm32f4xx_crc.o(i.CRC_GetIDRegister), (12 bytes).
    Removing stm32f4xx_crc.o(i.CRC_ResetDR), (12 bytes).
    Removing stm32f4xx_crc.o(i.CRC_SetIDRegister), (12 bytes).
    Removing malloc.o(.rev16_text), (4 bytes).
    Removing malloc.o(.revsh_text), (4 bytes).
    Removing malloc.o(i.myfree_sramccm), (14 bytes).
    Removing malloc.o(i.mymalloc_sramccm), (14 bytes).
    Removing malloc.o(i.mymemcpy), (26 bytes).
    Removing malloc.o(i.myrealloc), (68 bytes).
    Removing hal_lis3dh.o(.rev16_text), (4 bytes).
    Removing hal_lis3dh.o(.revsh_text), (4 bytes).
    Removing hal_lis3dh.o(.emb_text), (16 bytes).
    Removing hal_lis3dh.o(i.lis3dh_test), (76 bytes).
    Removing lis3dh_driver.o(.rev16_text), (4 bytes).
    Removing lis3dh_driver.o(.revsh_text), (4 bytes).
    Removing lis3dh_driver.o(i.LIS3DH_Get6DPosition), (104 bytes).
    Removing lis3dh_driver.o(i.LIS3DH_GetAuxRaw), (158 bytes).
    Removing lis3dh_driver.o(i.LIS3DH_GetClickResponse), (302 bytes).
    Removing lis3dh_driver.o(i.LIS3DH_GetFifoSourceBit), (120 bytes).
    Removing lis3dh_driver.o(i.LIS3DH_GetFifoSourceFSS), (38 bytes).
    Removing lis3dh_driver.o(i.LIS3DH_GetFifoSourceReg), (22 bytes).
    Removing lis3dh_driver.o(i.LIS3DH_GetInt1Src), (22 bytes).
    Removing lis3dh_driver.o(i.LIS3DH_GetInt1SrcBit), (234 bytes).
    Removing lis3dh_driver.o(i.LIS3DH_GetStatusAUX), (22 bytes).
    Removing lis3dh_driver.o(i.LIS3DH_GetStatusAUXBit), (264 bytes).
    Removing lis3dh_driver.o(i.LIS3DH_GetStatusBit), (268 bytes).
    Removing lis3dh_driver.o(i.LIS3DH_GetStatusReg), (22 bytes).
    Removing lis3dh_driver.o(i.LIS3DH_GetTempRaw), (44 bytes).
    Removing lis3dh_driver.o(i.LIS3DH_GetWHO_AM_I), (22 bytes).
    Removing lis3dh_driver.o(i.LIS3DH_HPFAOI1Enable), (56 bytes).
    Removing lis3dh_driver.o(i.LIS3DH_HPFAOI2Enable), (60 bytes).
    Removing lis3dh_driver.o(i.LIS3DH_HPFClickEnable), (60 bytes).
    Removing lis3dh_driver.o(i.LIS3DH_Int1LatchEnable), (60 bytes).
    Removing lis3dh_driver.o(i.LIS3DH_ResetInt1Latch), (20 bytes).
    Removing lis3dh_driver.o(i.LIS3DH_SetADCAux), (60 bytes).
    Removing lis3dh_driver.o(i.LIS3DH_SetBLE), (60 bytes).
    Removing lis3dh_driver.o(i.LIS3DH_SetFilterDataSel), (60 bytes).
    Removing lis3dh_driver.o(i.LIS3DH_SetHPFCutOFF), (68 bytes).
    Removing lis3dh_driver.o(i.LIS3DH_SetInt1Duration), (30 bytes).
    Removing lis3dh_driver.o(i.LIS3DH_SetInt1Threshold), (30 bytes).
    Removing lis3dh_driver.o(i.LIS3DH_SetInt6D4DConfiguration), (186 bytes).
    Removing lis3dh_driver.o(i.LIS3DH_SetIntConfiguration), (56 bytes).
    Removing lis3dh_driver.o(i.LIS3DH_SetIntMode), (60 bytes).
    Removing lis3dh_driver.o(i.LIS3DH_SetSPIInterface), (56 bytes).
    Removing lis3dh_driver.o(i.LIS3DH_SetSelfTest), (60 bytes).
    Removing lis3dh_driver.o(i.LIS3DH_SetTemperature), (60 bytes).
    Removing lis3dh_driver.o(i.LIS3DH_SetTriggerInt), (60 bytes).
    Removing lis3dh_driver.o(i.LIS3DH_SetWaterMark), (64 bytes).
    Removing lis3dh_iic.o(.rev16_text), (4 bytes).
    Removing lis3dh_iic.o(.revsh_text), (4 bytes).
    Removing lis3dh_spi.o(.rev16_text), (4 bytes).
    Removing lis3dh_spi.o(.revsh_text), (4 bytes).
    Removing cmox_low_level_template.o(.rev16_text), (4 bytes).
    Removing cmox_low_level_template.o(.revsh_text), (4 bytes).
    Removing cmox_low_level_template.o(i.cmox_ll_deInit), (6 bytes).
    Removing lwip_comm.o(.rev16_text), (4 bytes).
    Removing lwip_comm.o(.revsh_text), (4 bytes).
    Removing lwip_comm.o(i.lwip_get_remote_ip), (32 bytes).
    Removing lwip_ping.o(.rev16_text), (4 bytes).
    Removing lwip_ping.o(.revsh_text), (4 bytes).
    Removing lwip_ping.o(i.icmp_pcb_deinit), (16 bytes).
    Removing tcp_client.o(.rev16_text), (4 bytes).
    Removing tcp_client.o(.revsh_text), (4 bytes).
    Removing tcp_client.o(.emb_text), (16 bytes).
    Removing tcp_client.o(i.tcp_get_send_status), (12 bytes).
    Removing tcp_client.o(i.tcp_send_data_immediately), (60 bytes).
    Removing fs.o(.rev16_text), (4 bytes).
    Removing fs.o(.revsh_text), (4 bytes).
    Removing fs.o(.emb_text), (16 bytes).
    Removing httpd.o(.rev16_text), (4 bytes).
    Removing httpd.o(.revsh_text), (4 bytes).
    Removing httpd_cgi.o(.rev16_text), (4 bytes).
    Removing httpd_cgi.o(.revsh_text), (4 bytes).
    Removing httpd_cgi.o(.emb_text), (16 bytes).
    Removing httpd_cgi.o(i.str_to_hex), (88 bytes).
    Removing httpd_cgi_ssi.o(.rev16_text), (4 bytes).
    Removing httpd_cgi_ssi.o(.revsh_text), (4 bytes).
    Removing httpd_cgi_ssi.o(.emb_text), (16 bytes).
    Removing httpd_ssi.o(.rev16_text), (4 bytes).
    Removing httpd_ssi.o(.revsh_text), (4 bytes).
    Removing httpd_ssi.o(.emb_text), (16 bytes).
    Removing port_scan.o(.rev16_text), (4 bytes).
    Removing port_scan.o(.revsh_text), (4 bytes).
    Removing port_scan.o(.emb_text), (16 bytes).
    Removing rtsp.o(.rev16_text), (4 bytes).
    Removing rtsp.o(.revsh_text), (4 bytes).
    Removing rtsp.o(i.check_reply), (64 bytes).
    Removing rtsp.o(i.connect_server), (64 bytes).
    Removing rtsp.o(i.disconnect_server), (56 bytes).
    Removing rtsp.o(i.find_line_break), (48 bytes).
    Removing rtsp.o(i.parse_url), (136 bytes).
    Removing rtsp.o(i.process_reply), (58 bytes).
    Removing rtsp.o(i.process_response), (164 bytes).
    Removing rtsp.o(i.rtp_parse_header), (80 bytes).
    Removing rtsp.o(i.rtp_process_header), (36 bytes).
    Removing rtsp.o(i.rtp_recvd_clbk), (52 bytes).
    Removing rtsp.o(i.rtp_setup), (64 bytes).
    Removing rtsp.o(i.rtsp_connected_clbk), (34 bytes).
    Removing rtsp.o(i.rtsp_error_clbk), (20 bytes).
    Removing rtsp.o(i.rtsp_parse_line), (164 bytes).
    Removing rtsp.o(i.rtsp_parse_response), (58 bytes).
    Removing rtsp.o(i.rtsp_parse_sdp), (112 bytes).
    Removing rtsp.o(i.rtsp_pause), (50 bytes).
    Removing rtsp.o(i.rtsp_play), (56 bytes).
    Removing rtsp.o(i.rtsp_recvd_clbk), (134 bytes).
    Removing rtsp.o(i.rtsp_send_cmd), (340 bytes).
    Removing rtsp.o(i.rtsp_setup), (96 bytes).
    Removing rtsp.o(i.rtsp_teardown), (60 bytes).
    Removing rtsp.o(i.starts_with), (60 bytes).
    Removing rtsp.o(i.tcp_send_packet), (76 bytes).
    Removing rtsp_task.o(.rev16_text), (4 bytes).
    Removing rtsp_task.o(.revsh_text), (4 bytes).
    Removing rtsp_task.o(.emb_text), (16 bytes).
    Removing ethernetif.o(.rev16_text), (4 bytes).
    Removing ethernetif.o(.revsh_text), (4 bytes).
    Removing etharp.o(.rev16_text), (4 bytes).
    Removing etharp.o(.revsh_text), (4 bytes).
    Removing etharp.o(i.etharp_find_addr), (88 bytes).
    Removing autoip.o(.rev16_text), (4 bytes).
    Removing autoip.o(.revsh_text), (4 bytes).
    Removing icmp.o(.rev16_text), (4 bytes).
    Removing icmp.o(.revsh_text), (4 bytes).
    Removing igmp.o(.rev16_text), (4 bytes).
    Removing igmp.o(.revsh_text), (4 bytes).
    Removing igmp.o(i.igmp_dump_group_list), (36 bytes).
    Removing igmp.o(i.igmp_stop), (96 bytes).
    Removing inet.o(.rev16_text), (4 bytes).
    Removing inet.o(.revsh_text), (4 bytes).
    Removing inet_chksum.o(.rev16_text), (4 bytes).
    Removing inet_chksum.o(.revsh_text), (4 bytes).
    Removing inet_chksum.o(i.inet_chksum_pseudo), (170 bytes).
    Removing inet_chksum.o(i.inet_chksum_pseudo_partial), (192 bytes).
    Removing ip.o(.rev16_text), (4 bytes).
    Removing ip.o(.revsh_text), (4 bytes).
    Removing ip_addr.o(.rev16_text), (4 bytes).
    Removing ip_addr.o(.revsh_text), (4 bytes).
    Removing ip_addr.o(i.ip4_addr_netmask_valid), (56 bytes).
    Removing ip_frag.o(.rev16_text), (4 bytes).
    Removing ip_frag.o(.revsh_text), (4 bytes).
    Removing def.o(.rev16_text), (4 bytes).
    Removing def.o(.revsh_text), (4 bytes).
    Removing dhcp.o(.rev16_text), (4 bytes).
    Removing dhcp.o(.revsh_text), (4 bytes).
    Removing dns.o(.rev16_text), (4 bytes).
    Removing dns.o(.revsh_text), (4 bytes).
    Removing dns.o(i.dns_deint), (28 bytes).
    Removing dns.o(i.dns_getserver), (28 bytes).
    Removing init.o(.rev16_text), (4 bytes).
    Removing init.o(.revsh_text), (4 bytes).
    Removing memp.o(.rev16_text), (4 bytes).
    Removing memp.o(.revsh_text), (4 bytes).
    Removing netif.o(.rev16_text), (4 bytes).
    Removing netif.o(.revsh_text), (4 bytes).
    Removing netif.o(i.netif_find), (76 bytes).
    Removing netif.o(i.netif_remove), (120 bytes).
    Removing netif.o(i.netif_set_link_down), (24 bytes).
    Removing netif.o(i.netif_set_link_up), (70 bytes).
    Removing pbuf.o(.rev16_text), (4 bytes).
    Removing pbuf.o(.revsh_text), (4 bytes).
    Removing pbuf.o(i.pbuf_coalesce), (60 bytes).
    Removing pbuf.o(i.pbuf_dechain), (66 bytes).
    Removing pbuf.o(i.pbuf_get_at), (46 bytes).
    Removing pbuf.o(i.pbuf_memcmp), (96 bytes).
    Removing pbuf.o(i.pbuf_memfind), (76 bytes).
    Removing pbuf.o(i.pbuf_strstr), (60 bytes).
    Removing pbuf.o(i.pbuf_take), (116 bytes).
    Removing raw.o(.rev16_text), (4 bytes).
    Removing raw.o(.revsh_text), (4 bytes).
    Removing stats.o(.rev16_text), (4 bytes).
    Removing stats.o(.revsh_text), (4 bytes).
    Removing tcp.o(.rev16_text), (4 bytes).
    Removing tcp.o(.revsh_text), (4 bytes).
    Removing tcp.o(i.tcp_debug_state_str), (16 bytes).
    Removing tcp_in.o(.rev16_text), (4 bytes).
    Removing tcp_in.o(.revsh_text), (4 bytes).
    Removing tcp_out.o(.rev16_text), (4 bytes).
    Removing tcp_out.o(.revsh_text), (4 bytes).
    Removing timers.o(.rev16_text), (4 bytes).
    Removing timers.o(.revsh_text), (4 bytes).
    Removing udp.o(.rev16_text), (4 bytes).
    Removing udp.o(.revsh_text), (4 bytes).
    Removing mem.o(.rev16_text), (4 bytes).
    Removing mem.o(.revsh_text), (4 bytes).
    Removing mem.o(i.mem_calloc), (34 bytes).
    Removing sys_arch.o(.rev16_text), (4 bytes).
    Removing sys_arch.o(.revsh_text), (4 bytes).
    Removing sys_arch.o(i.sys_msleep), (12 bytes).
    Removing sys_arch.o(i.sys_now), (26 bytes).
    Removing api_lib.o(.rev16_text), (4 bytes).
    Removing api_lib.o(.revsh_text), (4 bytes).
    Removing api_lib.o(i.netconn_accept), (182 bytes).
    Removing api_lib.o(i.netconn_gethostbyname), (104 bytes).
    Removing api_lib.o(i.netconn_join_leave_group), (88 bytes).
    Removing api_lib.o(i.netconn_listen_with_backlog), (72 bytes).
    Removing api_lib.o(i.netconn_sendto), (44 bytes).
    Removing api_lib.o(i.netconn_shutdown), (36 bytes).
    Removing api_msg.o(.rev16_text), (4 bytes).
    Removing api_msg.o(.revsh_text), (4 bytes).
    Removing api_msg.o(i.accept_function), (176 bytes).
    Removing api_msg.o(i.do_dns_found), (56 bytes).
    Removing api_msg.o(i.do_gethostbyname), (44 bytes).
    Removing api_msg.o(i.do_join_leave_group), (92 bytes).
    Removing api_msg.o(i.do_listen), (204 bytes).
    Removing err.o(.rev16_text), (4 bytes).
    Removing err.o(.revsh_text), (4 bytes).
    Removing err.o(i.lwip_strerr), (16 bytes).
    Removing err.o(.conststring), (295 bytes).
    Removing err.o(.data), (64 bytes).
    Removing netbuf.o(.rev16_text), (4 bytes).
    Removing netbuf.o(.revsh_text), (4 bytes).
    Removing netbuf.o(i.netbuf_alloc), (60 bytes).
    Removing netbuf.o(i.netbuf_chain), (46 bytes).
    Removing netbuf.o(i.netbuf_data), (64 bytes).
    Removing netbuf.o(i.netbuf_first), (16 bytes).
    Removing netbuf.o(i.netbuf_new), (30 bytes).
    Removing netbuf.o(i.netbuf_next), (46 bytes).
    Removing netdb.o(.rev16_text), (4 bytes).
    Removing netdb.o(.revsh_text), (4 bytes).
    Removing netdb.o(i.lwip_freeaddrinfo), (24 bytes).
    Removing netdb.o(i.lwip_getaddrinfo), (256 bytes).
    Removing netdb.o(i.lwip_gethostbyname), (92 bytes).
    Removing netdb.o(i.lwip_gethostbyname_r), (196 bytes).
    Removing netdb.o(.bss), (20 bytes).
    Removing netdb.o(.data), (20 bytes).
    Removing netifapi.o(.rev16_text), (4 bytes).
    Removing netifapi.o(.revsh_text), (4 bytes).
    Removing sockets.o(.rev16_text), (4 bytes).
    Removing sockets.o(.revsh_text), (4 bytes).
    Removing sockets.o(i.lwip_accept), (408 bytes).
    Removing sockets.o(i.lwip_fcntl), (126 bytes).
    Removing sockets.o(i.lwip_getaddrname), (130 bytes).
    Removing sockets.o(i.lwip_getpeername), (22 bytes).
    Removing sockets.o(i.lwip_getsockname), (22 bytes).
    Removing sockets.o(i.lwip_getsockopt), (416 bytes).
    Removing sockets.o(i.lwip_getsockopt_internal), (528 bytes).
    Removing sockets.o(i.lwip_listen), (140 bytes).
    Removing sockets.o(i.lwip_read), (28 bytes).
    Removing sockets.o(i.lwip_shutdown), (160 bytes).
    Removing sockets.o(i.lwip_write), (22 bytes).
    Removing tcpip.o(.rev16_text), (4 bytes).
    Removing tcpip.o(.revsh_text), (4 bytes).
    Removing tcpip.o(i.mem_free_callback), (20 bytes).
    Removing tcpip.o(i.pbuf_free_callback), (20 bytes).
    Removing tcpip.o(i.pbuf_free_int), (14 bytes).
    Removing tcpip.o(i.tcpip_callbackmsg_delete), (14 bytes).
    Removing tcpip.o(i.tcpip_callbackmsg_new), (32 bytes).
    Removing tcpip.o(i.tcpip_timeout), (68 bytes).
    Removing tcpip.o(i.tcpip_trycallback), (32 bytes).
    Removing tcpip.o(i.tcpip_untimeout), (60 bytes).
    Removing os_core.o(.rev16_text), (4 bytes).
    Removing os_core.o(.revsh_text), (4 bytes).
    Removing os_core.o(i.OSEventNameGet), (104 bytes).
    Removing os_core.o(i.OSVersion), (6 bytes).
    Removing os_core.o(i.OS_MemCopy), (20 bytes).
    Removing os_core.o(i.OS_StrLen), (20 bytes).
    Removing os_flag.o(.rev16_text), (4 bytes).
    Removing os_flag.o(.revsh_text), (4 bytes).
    Removing os_flag.o(i.OSFlagAccept), (252 bytes).
    Removing os_flag.o(i.OSFlagCreate), (100 bytes).
    Removing os_flag.o(i.OSFlagDel), (228 bytes).
    Removing os_flag.o(i.OSFlagNameGet), (84 bytes).
    Removing os_flag.o(i.OSFlagNameSet), (72 bytes).
    Removing os_flag.o(i.OSFlagPend), (596 bytes).
    Removing os_flag.o(i.OSFlagPendGetFlagsRdy), (32 bytes).
    Removing os_flag.o(i.OSFlagPost), (312 bytes).
    Removing os_flag.o(i.OSFlagQuery), (48 bytes).
    Removing os_flag.o(i.OS_FlagBlock), (164 bytes).
    Removing os_flag.o(i.OS_FlagTaskRdy), (92 bytes).
    Removing os_mbox.o(.rev16_text), (4 bytes).
    Removing os_mbox.o(.revsh_text), (4 bytes).
    Removing os_mbox.o(i.OSMboxAccept), (38 bytes).
    Removing os_mbox.o(i.OSMboxCreate), (84 bytes).
    Removing os_mbox.o(i.OSMboxDel), (224 bytes).
    Removing os_mbox.o(i.OSMboxPend), (260 bytes).
    Removing os_mbox.o(i.OSMboxPendAbort), (128 bytes).
    Removing os_mbox.o(i.OSMboxPost), (80 bytes).
    Removing os_mbox.o(i.OSMboxPostOpt), (120 bytes).
    Removing os_mbox.o(i.OSMboxQuery), (76 bytes).
    Removing os_mem.o(.rev16_text), (4 bytes).
    Removing os_mem.o(.revsh_text), (4 bytes).
    Removing os_mem.o(i.OSMemCreate), (124 bytes).
    Removing os_mem.o(i.OSMemGet), (62 bytes).
    Removing os_mem.o(i.OSMemNameGet), (64 bytes).
    Removing os_mem.o(i.OSMemNameSet), (52 bytes).
    Removing os_mem.o(i.OSMemPut), (54 bytes).
    Removing os_mem.o(i.OSMemQuery), (52 bytes).
    Removing os_mutex.o(.rev16_text), (4 bytes).
    Removing os_mutex.o(.revsh_text), (4 bytes).
    Removing os_mutex.o(i.OSMutexAccept), (144 bytes).
    Removing os_mutex.o(i.OSMutexCreate), (156 bytes).
    Removing os_mutex.o(i.OSMutexDel), (292 bytes).
    Removing os_mutex.o(i.OSMutexPend), (568 bytes).
    Removing os_mutex.o(i.OSMutexPost), (200 bytes).
    Removing os_mutex.o(i.OSMutexQuery), (112 bytes).
    Removing os_mutex.o(i.OSMutex_RdyAtPrio), (132 bytes).
    Removing os_q.o(.rev16_text), (4 bytes).
    Removing os_q.o(.revsh_text), (4 bytes).
    Removing os_q.o(i.OSQAccept), (88 bytes).
    Removing os_q.o(i.OSQFlush), (36 bytes).
    Removing os_q.o(i.OSQPendAbort), (128 bytes).
    Removing os_q.o(i.OSQPostFront), (116 bytes).
    Removing os_q.o(i.OSQPostOpt), (182 bytes).
    Removing os_sem.o(.rev16_text), (4 bytes).
    Removing os_sem.o(.revsh_text), (4 bytes).
    Removing os_sem.o(i.OSSemAccept), (42 bytes).
    Removing os_sem.o(i.OSSemPendAbort), (128 bytes).
    Removing os_sem.o(i.OSSemSet), (66 bytes).
    Removing os_task.o(.rev16_text), (4 bytes).
    Removing os_task.o(.revsh_text), (4 bytes).
    Removing os_task.o(i.OSTaskChangePrio), (328 bytes).
    Removing os_task.o(i.OSTaskCreate), (160 bytes).
    Removing os_task.o(i.OSTaskDelReq), (108 bytes).
    Removing os_task.o(i.OSTaskNameGet), (128 bytes).
    Removing os_task.o(i.OSTaskQuery), (92 bytes).
    Removing os_task.o(i.OSTaskRegGet), (68 bytes).
    Removing os_task.o(i.OSTaskRegSet), (72 bytes).
    Removing os_task.o(i.OSTaskResume), (172 bytes).
    Removing os_time.o(.rev16_text), (4 bytes).
    Removing os_time.o(.revsh_text), (4 bytes).
    Removing os_time.o(i.OSTimeDlyResume), (180 bytes).
    Removing os_time.o(i.OSTimeSet), (28 bytes).
    Removing os_tmr.o(.rev16_text), (4 bytes).
    Removing os_tmr.o(.revsh_text), (4 bytes).
    Removing os_tmr.o(i.OSTmrCreate), (100 bytes).
    Removing os_tmr.o(i.OSTmrDel), (128 bytes).
    Removing os_tmr.o(i.OSTmrNameGet), (120 bytes).
    Removing os_tmr.o(i.OSTmrRemainGet), (172 bytes).
    Removing os_tmr.o(i.OSTmrStart), (132 bytes).
    Removing os_tmr.o(i.OSTmrStateGet), (92 bytes).
    Removing os_tmr.o(i.OSTmrStop), (184 bytes).
    Removing os_tmr.o(i.OSTmr_Alloc), (64 bytes).
    Removing os_tmr.o(i.OSTmr_Free), (76 bytes).
    Removing os_cpu_c.o(.rev16_text), (4 bytes).
    Removing os_cpu_c.o(.revsh_text), (4 bytes).
    Removing lfs.o(.rev16_text), (4 bytes).
    Removing lfs.o(.revsh_text), (4 bytes).
    Removing lfs.o(i.lfs_dir_close), (34 bytes).
    Removing lfs.o(i.lfs_dir_open), (96 bytes).
    Removing lfs.o(i.lfs_dir_read), (264 bytes).
    Removing lfs.o(i.lfs_dir_rewind), (46 bytes).
    Removing lfs.o(i.lfs_dir_seek), (90 bytes).
    Removing lfs.o(i.lfs_dir_tell), (6 bytes).
    Removing lfs.o(i.lfs_file_size), (34 bytes).
    Removing lfs.o(i.lfs_file_tell), (6 bytes).
    Removing lfs.o(i.lfs_file_truncate), (222 bytes).
    Removing lfs.o(i.lfs_mkdir), (194 bytes).
    Removing lfs.o(i.lfs_rename), (404 bytes).
    Removing lfs.o(i.lfs_stat), (124 bytes).
    Removing lfs_util.o(.rev16_text), (4 bytes).
    Removing lfs_util.o(.revsh_text), (4 bytes).
    Removing lfs_port.o(.rev16_text), (4 bytes).
    Removing lfs_port.o(.revsh_text), (4 bytes).
    Removing lfs_port.o(i.lfs_test), (4 bytes).
    Removing cm_backtrace.o(.rev16_text), (4 bytes).
    Removing cm_backtrace.o(.revsh_text), (4 bytes).
    Removing cm_backtrace.o(i.cm_backtrace_assert), (220 bytes).
    Removing cm_backtrace.o(i.cm_backtrace_call_stack_any), (112 bytes).
    Removing ebtn.o(i.ebtn_combo_btn_remove_btn), (32 bytes).
    Removing ebtn.o(i.ebtn_combo_btn_remove_btn_by_idx), (32 bytes).
    Removing ebtn.o(i.ebtn_combo_register), (52 bytes).
    Removing ebtn.o(i.ebtn_get_btn_by_key_id), (80 bytes).
    Removing ebtn.o(i.ebtn_get_btn_index_by_btn), (12 bytes).
    Removing ebtn.o(i.ebtn_get_btn_index_by_btn_dyn), (12 bytes).
    Removing ebtn.o(i.ebtn_get_total_btn_cnt), (28 bytes).
    Removing ebtn.o(i.ebtn_is_btn_active), (20 bytes).
    Removing ebtn.o(i.ebtn_is_btn_in_process), (20 bytes).
    Removing ebtn.o(i.ebtn_is_in_process), (132 bytes).
    Removing ebtn.o(i.ebtn_register), (64 bytes).
    Removing ebtn_app.o(.rev16_text), (4 bytes).
    Removing ebtn_app.o(.revsh_text), (4 bytes).
    Removing ebtn_app_event.o(.rev16_text), (4 bytes).
    Removing ebtn_app_event.o(.revsh_text), (4 bytes).
    Removing ebtn_app_event.o(.emb_text), (16 bytes).
    Removing ebtn_app_hal.o(.rev16_text), (4 bytes).
    Removing ebtn_app_hal.o(.revsh_text), (4 bytes).
    Removing ebtn_app_keys.o(.rev16_text), (4 bytes).
    Removing ebtn_app_keys.o(.revsh_text), (4 bytes).
    Removing cmox_cbc_aesfast_decrypt.c.o(.text), (64 bytes).
    Removing cmox_cbc_aesfast_decrypt.c.o(.rodata), (4 bytes).
    Removing cmox_cbc_aesfast_decrypt.c.o(.rodata), (8 bytes).
    Removing cmox_cbc_aesfast_decrypt.c.o(.rodata), (4 bytes).
    Removing cmox_cbc_aesfast_decrypt.c.o(.iar_vfe_header), (4 bytes).
    Removing cmox_cbc_aesfast_decrypt.c.o(.iar.fraginfo), (4 bytes).
    Removing cmox_cbc_aesfast_encrypt.c.o(.text), (64 bytes).
    Removing cmox_cbc_aesfast_encrypt.c.o(.rodata), (4 bytes).
    Removing cmox_cbc_aesfast_encrypt.c.o(.rodata), (8 bytes).
    Removing cmox_cbc_aesfast_encrypt.c.o(.rodata), (4 bytes).
    Removing cmox_cbc_aesfast_encrypt.c.o(.iar_vfe_header), (4 bytes).
    Removing cmox_cbc_aesfast_encrypt.c.o(.iar.fraginfo), (4 bytes).
    Removing cmox_cipher.c.o(.text), (16 bytes).
    Removing cmox_cipher.c.o(.text), (16 bytes).
    Removing cmox_cipher.c.o(.text), (28 bytes).
    Removing cmox_cipher.c.o(.text), (28 bytes).
    Removing cmox_cipher.c.o(.text), (16 bytes).
    Removing cmox_cipher.c.o(.text), (16 bytes).
    Removing cmox_cipher.c.o(.text), (16 bytes).
    Removing cmox_cipher.c.o(.text), (24 bytes).
    Removing cmox_cipher.c.o(.text), (48 bytes).
    Removing cmox_cipher.c.o(.text), (28 bytes).
    Removing cmox_cipher.c.o(.text), (28 bytes).
    Removing cmox_cipher.c.o(.text), (88 bytes).
    Removing cmox_cipher.c.o(.text), (88 bytes).
    Removing cmox_cipher.c.o(.text), (128 bytes).
    Removing cmox_cipher.c.o(.text), (136 bytes).
    Removing cmox_cipher.c.o(.text), (100 bytes).
    Removing cmox_cipher.c.o(.text), (162 bytes).
    Removing cmox_cipher.c.o(.text), (96 bytes).
    Removing cmox_cipher.c.o(.text), (104 bytes).
    Removing cmox_cipher.c.o(.iar_vfe_header), (4 bytes).
    Removing cmox_ecb_aesfast_decrypt.c.o(.text), (60 bytes).
    Removing cmox_ecb_aesfast_decrypt.c.o(.rodata), (4 bytes).
    Removing cmox_ecb_aesfast_decrypt.c.o(.rodata), (8 bytes).
    Removing cmox_ecb_aesfast_decrypt.c.o(.rodata), (4 bytes).
    Removing cmox_ecb_aesfast_decrypt.c.o(.iar_vfe_header), (4 bytes).
    Removing cmox_ecb_aesfast_decrypt.c.o(.iar.fraginfo), (4 bytes).
    Removing cmox_ecb_aesfast_encrypt.c.o(.text), (60 bytes).
    Removing cmox_ecb_aesfast_encrypt.c.o(.rodata), (4 bytes).
    Removing cmox_ecb_aesfast_encrypt.c.o(.rodata), (8 bytes).
    Removing cmox_ecb_aesfast_encrypt.c.o(.rodata), (4 bytes).
    Removing cmox_ecb_aesfast_encrypt.c.o(.iar_vfe_header), (4 bytes).
    Removing cmox_ecb_aesfast_encrypt.c.o(.iar.fraginfo), (4 bytes).
    Removing cmox_ecb_common.c.o(.rodata), (44 bytes).
    Removing cmox_ecb_common.c.o(.text), (128 bytes).
    Removing cmox_ecb_common.c.o(.text), (16 bytes).
    Removing cmox_ecb_common.c.o(.text), (32 bytes).
    Removing cmox_ecb_common.c.o(.text), (22 bytes).
    Removing cmox_ecb_common.c.o(.text), (24 bytes).
    Removing cmox_ecb_common.c.o(.text), (20 bytes).
    Removing cmox_ecb_common.c.o(.iar_vfe_header), (4 bytes).
    Removing cmox_hash.c.o(.text), (32 bytes).
    Removing cmox_hash.c.o(.text), (32 bytes).
    Removing cmox_hash.c.o(.text), (36 bytes).
    Removing cmox_hash.c.o(.text), (36 bytes).
    Removing cmox_hash.c.o(.text), (36 bytes).
    Removing cmox_hash.c.o(.text), (52 bytes).
    Removing cmox_hash.c.o(.text), (92 bytes).
    Removing cmox_hash.c.o(.iar_vfe_header), (4 bytes).
    Removing cmox_init.c.o(.rodata), (8 bytes).
    Removing cmox_init.c.o(.text), (4 bytes).
    Removing cmox_init.c.o(.iar_vfe_header), (4 bytes).
    Removing cmox_math_armv7em_llf.c.o(.rodata), (32 bytes).
    Removing cmox_math_armv7em_llf.c.o(.rodata), (4 bytes).
    Removing cmox_math_armv7em_llf.c.o(.rodata), (32 bytes).
    Removing cmox_math_armv7em_llf.c.o(.rodata), (4 bytes).
    Removing cmox_math_armv7em_llf.c.o(.rodata), (32 bytes).
    Removing cmox_math_armv7em_llf.c.o(.rodata), (4 bytes).
    Removing cmox_math_armv7em_llf.c.o(.rodata), (32 bytes).
    Removing cmox_math_armv7em_llf.c.o(.rodata), (4 bytes).
    Removing cmox_math_armv7em_llf.c.o(.rodata), (32 bytes).
    Removing cmox_math_armv7em_llf.c.o(.rodata), (4 bytes).
    Removing cmox_math_armv7em_llf.c.o(.rodata), (4 bytes).
    Removing cmox_math_armv7em_llf.c.o(.text), (24 bytes).
    Removing cmox_math_armv7em_llf.c.o(.text), (24 bytes).
    Removing cmox_math_armv7em_llf.c.o(.text), (24 bytes).
    Removing cmox_math_armv7em_llf.c.o(.iar_vfe_header), (4 bytes).
    Removing cmox_modexp.c.o(.rodata), (12 bytes).
    Removing cmox_modexp.c.o(.rodata), (12 bytes).
    Removing cmox_modexp.c.o(.rodata), (12 bytes).
    Removing cmox_modexp.c.o(.rodata), (4 bytes).
    Removing cmox_modexp.c.o(.rodata), (12 bytes).
    Removing cmox_modexp.c.o(.rodata), (4 bytes).
    Removing cmox_modexp.c.o(.rodata), (12 bytes).
    Removing cmox_modexp.c.o(.rodata), (4 bytes).
    Removing cmox_modexp.c.o(.rodata), (12 bytes).
    Removing cmox_modexp.c.o(.rodata), (4 bytes).
    Removing cmox_modexp.c.o(.text), (516 bytes).
    Removing cmox_modexp.c.o(.text), (244 bytes).
    Removing cmox_modexp.c.o(.text), (176 bytes).
    Removing cmox_modexp.c.o(.text), (572 bytes).
    Removing cmox_modexp.c.o(.text), (352 bytes).
    Removing cmox_modexp.c.o(.text), (150 bytes).
    Removing cmox_modexp.c.o(.iar_vfe_header), (4 bytes).
    Removing cmox_modexp.c.o(.iar.fraginfo), (5 bytes).
    Removing cmox_rsa.c.o(.text), (48 bytes).
    Removing cmox_rsa.c.o(.text), (24 bytes).
    Removing cmox_rsa.c.o(.text), (84 bytes).
    Removing cmox_rsa.c.o(.data), (4 bytes).
    Removing cmox_rsa.c.o(.text), (156 bytes).
    Removing cmox_rsa.c.o(.data), (4 bytes).
    Removing cmox_rsa.c.o(.text), (68 bytes).
    Removing cmox_rsa.c.o(.text), (84 bytes).
    Removing cmox_rsa.c.o(.iar_vfe_header), (4 bytes).
    Removing cmox_rsa_pkcs1v15.c.o(.rodata), (16 bytes).
    Removing cmox_rsa_pkcs1v15.c.o(.rodata), (20 bytes).
    Removing cmox_rsa_pkcs1v15.c.o(.rodata), (20 bytes).
    Removing cmox_rsa_pkcs1v15.c.o(.rodata), (20 bytes).
    Removing cmox_rsa_pkcs1v15.c.o(.rodata), (20 bytes).
    Removing cmox_rsa_pkcs1v15.c.o(.rodata), (20 bytes).
    Removing cmox_rsa_pkcs1v15.c.o(.rodata), (20 bytes).
    Removing cmox_rsa_pkcs1v15.c.o(.rodata), (12 bytes).
    Removing cmox_rsa_pkcs1v15.c.o(.rodata), (4 bytes).
    Removing cmox_rsa_pkcs1v15.c.o(.rodata), (12 bytes).
    Removing cmox_rsa_pkcs1v15.c.o(.rodata), (4 bytes).
    Removing cmox_rsa_pkcs1v15.c.o(.rodata), (12 bytes).
    Removing cmox_rsa_pkcs1v15.c.o(.rodata), (4 bytes).
    Removing cmox_rsa_pkcs1v15.c.o(.rodata), (12 bytes).
    Removing cmox_rsa_pkcs1v15.c.o(.rodata), (4 bytes).
    Removing cmox_rsa_pkcs1v15.c.o(.rodata), (12 bytes).
    Removing cmox_rsa_pkcs1v15.c.o(.rodata), (4 bytes).
    Removing cmox_rsa_pkcs1v15.c.o(.rodata), (12 bytes).
    Removing cmox_rsa_pkcs1v15.c.o(.rodata), (4 bytes).
    Removing cmox_rsa_pkcs1v15.c.o(.rodata), (12 bytes).
    Removing cmox_rsa_pkcs1v15.c.o(.rodata), (4 bytes).
    Removing cmox_rsa_pkcs1v15.c.o(.text), (292 bytes).
    Removing cmox_rsa_pkcs1v15.c.o(.text), (396 bytes).
    Removing cmox_rsa_pkcs1v15.c.o(.text), (300 bytes).
    Removing cmox_rsa_pkcs1v15.c.o(.text), (336 bytes).
    Removing cmox_rsa_pkcs1v15.c.o(.iar_vfe_header), (4 bytes).
    Removing cmox_aesfast_decrypt.c.o(CMOX_CTA_PROTECTED_DATA), (1024 bytes).
    Removing cmox_aesfast_decrypt.c.o(.text), (732 bytes).
    Removing cmox_aesfast_decrypt.c.o(.text), (320 bytes).
    Removing cmox_aesfast_decrypt.c.o(.rodata), (8 bytes).
    Removing cmox_aesfast_decrypt.c.o(.rodata), (4 bytes).
    Removing cmox_aesfast_decrypt.c.o(.iar_vfe_header), (4 bytes).
    Removing cmox_aesfast_encrypt.c.o(CMOX_CTA_PROTECTED_DATA), (1024 bytes).
    Removing cmox_aesfast_encrypt.c.o(.text), (716 bytes).
    Removing cmox_aesfast_encrypt.c.o(.rodata), (8 bytes).
    Removing cmox_aesfast_encrypt.c.o(.rodata), (4 bytes).
    Removing cmox_aesfast_encrypt.c.o(.iar_vfe_header), (4 bytes).
    Removing cmox_bn.c.o(.text), (22 bytes).
    Removing cmox_bn.c.o(.text), (22 bytes).
    Removing cmox_bn.c.o(.text), (66 bytes).
    Removing cmox_bn.c.o(.text), (30 bytes).
    Removing cmox_bn.c.o(.text), (112 bytes).
    Removing cmox_bn.c.o(.text), (60 bytes).
    Removing cmox_bn.c.o(.text), (10 bytes).
    Removing cmox_bn.c.o(.text), (130 bytes).
    Removing cmox_bn.c.o(.text), (44 bytes).
    Removing cmox_bn.c.o(.text), (50 bytes).
    Removing cmox_bn.c.o(.text), (72 bytes).
    Removing cmox_bn.c.o(.text), (150 bytes).
    Removing cmox_bn.c.o(.text), (134 bytes).
    Removing cmox_bn.c.o(.text), (118 bytes).
    Removing cmox_bn.c.o(.text), (152 bytes).
    Removing cmox_bn.c.o(.text), (98 bytes).
    Removing cmox_bn.c.o(.iar_vfe_header), (4 bytes).
    Removing cmox_cbc_common.c.o(.text), (10 bytes).
    Removing cmox_cbc_common.c.o(.text), (32 bytes).
    Removing cmox_cbc_common.c.o(.text), (36 bytes).
    Removing cmox_cbc_common.c.o(.text), (40 bytes).
    Removing cmox_cbc_common.c.o(.text), (52 bytes).
    Removing cmox_cbc_common.c.o(.text), (10 bytes).
    Removing cmox_cbc_common.c.o(.iar_vfe_header), (4 bytes).
    Removing cmox_cbc_decrypt.c.o(.rodata), (44 bytes).
    Removing cmox_cbc_decrypt.c.o(.text), (12 bytes).
    Removing cmox_cbc_decrypt.c.o(.text), (12 bytes).
    Removing cmox_cbc_decrypt.c.o(.text), (12 bytes).
    Removing cmox_cbc_decrypt.c.o(.text), (12 bytes).
    Removing cmox_cbc_decrypt.c.o(.text), (16 bytes).
    Removing cmox_cbc_decrypt.c.o(.text), (484 bytes).
    Removing cmox_cbc_decrypt.c.o(.iar_vfe_header), (4 bytes).
    Removing cmox_cbc_encrypt.c.o(.rodata), (44 bytes).
    Removing cmox_cbc_encrypt.c.o(.text), (12 bytes).
    Removing cmox_cbc_encrypt.c.o(.text), (12 bytes).
    Removing cmox_cbc_encrypt.c.o(.text), (12 bytes).
    Removing cmox_cbc_encrypt.c.o(.text), (12 bytes).
    Removing cmox_cbc_encrypt.c.o(.text), (364 bytes).
    Removing cmox_cbc_encrypt.c.o(.text), (16 bytes).
    Removing cmox_cbc_encrypt.c.o(.iar_vfe_header), (4 bytes).
    Removing cmox_cipher_modes.c.o(.text), (14 bytes).
    Removing cmox_cipher_modes.c.o(.text), (968 bytes).
    Removing cmox_cipher_modes.c.o(.text), (56 bytes).
    Removing cmox_cipher_modes.c.o(.text), (6 bytes).
    Removing cmox_cipher_modes.c.o(.text), (6 bytes).
    Removing cmox_cipher_modes.c.o(.text), (6 bytes).
    Removing cmox_cipher_modes.c.o(.text), (6 bytes).
    Removing cmox_cipher_modes.c.o(.text), (6 bytes).
    Removing cmox_cipher_modes.c.o(.text), (8 bytes).
    Removing cmox_cipher_modes.c.o(.text), (8 bytes).
    Removing cmox_cipher_modes.c.o(.iar_vfe_header), (4 bytes).
    Removing cmox_cipher_modes.c.o(.text), (8 bytes).
    Removing cmox_cipher_utils.c.o(.text), (40 bytes).
    Removing cmox_cipher_utils.c.o(.text), (46 bytes).
    Removing cmox_cipher_utils.c.o(.text), (26 bytes).
    Removing cmox_cipher_utils.c.o(.text), (18 bytes).
    Removing cmox_cipher_utils.c.o(.iar_vfe_header), (4 bytes).
    Removing cmox_math.c.o(.text), (22 bytes).
    Removing cmox_math.c.o(.text), (56 bytes).
    Removing cmox_math.c.o(.text), (106 bytes).
    Removing cmox_math.c.o(.text), (86 bytes).
    Removing cmox_math.c.o(.text), (290 bytes).
    Removing cmox_math.c.o(.text), (254 bytes).
    Removing cmox_math.c.o(.text), (120 bytes).
    Removing cmox_math.c.o(.text), (104 bytes).
    Removing cmox_math.c.o(.text), (62 bytes).
    Removing cmox_math.c.o(.text), (92 bytes).
    Removing cmox_math.c.o(.text), (72 bytes).
    Removing cmox_math.c.o(.text), (54 bytes).
    Removing cmox_math.c.o(.text), (46 bytes).
    Removing cmox_math.c.o(.text), (708 bytes).
    Removing cmox_math.c.o(.text), (164 bytes).
    Removing cmox_math.c.o(.text), (190 bytes).
    Removing cmox_math.c.o(.text), (92 bytes).
    Removing cmox_math.c.o(.text), (170 bytes).
    Removing cmox_math.c.o(.text), (50 bytes).
    Removing cmox_math.c.o(.text), (16 bytes).
    Removing cmox_math.c.o(.text), (24 bytes).
    Removing cmox_math.c.o(.text), (68 bytes).
    Removing cmox_math.c.o(.text), (56 bytes).
    Removing cmox_math.c.o(.text), (70 bytes).
    Removing cmox_math.c.o(.text), (66 bytes).
    Removing cmox_math.c.o(.text), (24 bytes).
    Removing cmox_math.c.o(.text), (28 bytes).
    Removing cmox_math.c.o(.iar_vfe_header), (4 bytes).
    Removing cmox_math_armv7em_ewarm_mm-fios.s.o(.text), (214 bytes).
    Removing cmox_math_armv7em_ewarm_mm-fios.s.o(.iar_vfe_header), (4 bytes).
    Removing cmox_math_armv7em_ewarm_mm-fios256.s.o(.text), (1802 bytes).
    Removing cmox_math_armv7em_ewarm_mm-fios256.s.o(.iar_vfe_header), (4 bytes).
    Removing cmox_math_armv7em_ewarm_mm-mod4.s.o(.text), (584 bytes).
    Removing cmox_math_armv7em_ewarm_mm-mod4.s.o(.iar_vfe_header), (4 bytes).
    Removing cmox_math_armv7em_ewarm_montyred.s.o(.text), (190 bytes).
    Removing cmox_math_armv7em_ewarm_montyred.s.o(.iar_vfe_header), (4 bytes).
    Removing cmox_math_armv7em_ewarm_mul-os.s.o(.text), (88 bytes).
    Removing cmox_math_armv7em_ewarm_mul-os.s.o(.iar_vfe_header), (4 bytes).
    Removing cmox_mathutils.c.o(.text), (12 bytes).
    Removing cmox_mathutils.c.o(.text), (10 bytes).
    Removing cmox_mathutils.c.o(.text), (10 bytes).
    Removing cmox_mathutils.c.o(.text), (6 bytes).
    Removing cmox_mathutils.c.o(.text), (10 bytes).
    Removing cmox_mathutils.c.o(.text), (14 bytes).
    Removing cmox_mathutils.c.o(.text), (36 bytes).
    Removing cmox_mathutils.c.o(.text), (16 bytes).
    Removing cmox_mathutils.c.o(.text), (114 bytes).
    Removing cmox_mathutils.c.o(.iar_vfe_header), (4 bytes).
    Removing cmox_membuf.c.o(.text), (32 bytes).
    Removing cmox_membuf.c.o(.text), (4 bytes).
    Removing cmox_membuf.c.o(.text), (6 bytes).
    Removing cmox_membuf.c.o(.text), (62 bytes).
    Removing cmox_membuf.c.o(.text), (42 bytes).
    Removing cmox_membuf.c.o(.text), (26 bytes).
    Removing cmox_membuf.c.o(.iar_vfe_header), (4 bytes).
    Removing cmox_membuf.c.o(.iar.fraginfo), (5 bytes).
    Removing cmox_rsa_modexp.c.o(.rodata), (8 bytes).
    Removing cmox_rsa_modexp.c.o(.rodata), (8 bytes).
    Removing cmox_rsa_modexp.c.o(.text), (36 bytes).
    Removing cmox_rsa_modexp.c.o(.text), (240 bytes).
    Removing cmox_rsa_modexp.c.o(.text), (480 bytes).
    Removing cmox_rsa_modexp.c.o(.text), (312 bytes).
    Removing cmox_rsa_modexp.c.o(.iar_vfe_header), (4 bytes).
    Removing cmox_utils_compare.c.o(.text), (48 bytes).
    Removing cmox_utils_compare.c.o(.text), (54 bytes).
    Removing cmox_utils_compare.c.o(.text), (54 bytes).
    Removing cmox_utils_compare.c.o(.text), (60 bytes).
    Removing cmox_utils_compare.c.o(.text), (148 bytes).
    Removing cmox_utils_compare.c.o(.text), (136 bytes).
    Removing cmox_utils_compare.c.o(.text), (140 bytes).
    Removing cmox_utils_compare.c.o(.text), (142 bytes).
    Removing cmox_utils_compare.c.o(.text), (150 bytes).
    Removing cmox_utils_compare.c.o(.text), (140 bytes).
    Removing cmox_utils_compare.c.o(.text), (252 bytes).
    Removing cmox_utils_compare.c.o(.rodata), (4 bytes).
    Removing cmox_utils_compare.c.o(.rodata), (12 bytes).
    Removing cmox_utils_compare.c.o(.rodata), (4 bytes).
    Removing cmox_utils_compare.c.o(.rodata), (12 bytes).
    Removing cmox_utils_compare.c.o(.rodata), (4 bytes).
    Removing cmox_utils_compare.c.o(.rodata), (12 bytes).
    Removing cmox_utils_compare.c.o(.rodata), (4 bytes).
    Removing cmox_utils_compare.c.o(.rodata), (12 bytes).
    Removing cmox_utils_compare.c.o(.rodata), (4 bytes).
    Removing cmox_utils_compare.c.o(.text), (40 bytes).
    Removing cmox_utils_compare.c.o(.iar_vfe_header), (4 bytes).
    Removing cmox_utils_compare.c.o(.iar.fraginfo), (4 bytes).
    Removing cmox_aes_common.c.o(CMOX_CTA_PROTECTED_DATA), (256 bytes).
    Removing cmox_aes_common.c.o(CMOX_CTA_PROTECTED_DATA), (256 bytes).
    Removing cmox_aes_common.c.o(.text), (272 bytes).
    Removing cmox_aes_common.c.o(.rodata), (40 bytes).
    Removing cmox_aes_common.c.o(.iar_vfe_header), (4 bytes).

1519 unused section(s) (total 84645 bytes) removed from the image.
